Archive member included to satisfy reference by file (symbol)

c:/st/stm32cubeide_1.4.0/stm32cubeide/plugins/com.st.stm32cube.ide.mcu.externaltools.gnu-tools-for-stm32.7-2018-q2-update.win32_1.5.0.202011040924/tools/bin/../lib/gcc/arm-none-eabi/7.3.1/../../../../arm-none-eabi/lib/thumb/v7e-m/fpv4-sp/hard\libc_nano.a(lib_a-errno.o)
                              Core/Src/syscalls.o (__errno)
c:/st/stm32cubeide_1.4.0/stm32cubeide/plugins/com.st.stm32cube.ide.mcu.externaltools.gnu-tools-for-stm32.7-2018-q2-update.win32_1.5.0.202011040924/tools/bin/../lib/gcc/arm-none-eabi/7.3.1/../../../../arm-none-eabi/lib/thumb/v7e-m/fpv4-sp/hard\libc_nano.a(lib_a-exit.o)
                              c:/st/stm32cubeide_1.4.0/stm32cubeide/plugins/com.st.stm32cube.ide.mcu.externaltools.gnu-tools-for-stm32.7-2018-q2-update.win32_1.5.0.202011040924/tools/bin/../lib/gcc/arm-none-eabi/7.3.1/../../../../arm-none-eabi/lib/thumb/v7e-m/fpv4-sp/hard/crt0.o (exit)
c:/st/stm32cubeide_1.4.0/stm32cubeide/plugins/com.st.stm32cube.ide.mcu.externaltools.gnu-tools-for-stm32.7-2018-q2-update.win32_1.5.0.202011040924/tools/bin/../lib/gcc/arm-none-eabi/7.3.1/../../../../arm-none-eabi/lib/thumb/v7e-m/fpv4-sp/hard\libc_nano.a(lib_a-impure.o)
                              c:/st/stm32cubeide_1.4.0/stm32cubeide/plugins/com.st.stm32cube.ide.mcu.externaltools.gnu-tools-for-stm32.7-2018-q2-update.win32_1.5.0.202011040924/tools/bin/../lib/gcc/arm-none-eabi/7.3.1/../../../../arm-none-eabi/lib/thumb/v7e-m/fpv4-sp/hard\libc_nano.a(lib_a-exit.o) (_global_impure_ptr)
c:/st/stm32cubeide_1.4.0/stm32cubeide/plugins/com.st.stm32cube.ide.mcu.externaltools.gnu-tools-for-stm32.7-2018-q2-update.win32_1.5.0.202011040924/tools/bin/../lib/gcc/arm-none-eabi/7.3.1/../../../../arm-none-eabi/lib/thumb/v7e-m/fpv4-sp/hard\libc_nano.a(lib_a-init.o)
                              c:/st/stm32cubeide_1.4.0/stm32cubeide/plugins/com.st.stm32cube.ide.mcu.externaltools.gnu-tools-for-stm32.7-2018-q2-update.win32_1.5.0.202011040924/tools/bin/../lib/gcc/arm-none-eabi/7.3.1/../../../../arm-none-eabi/lib/thumb/v7e-m/fpv4-sp/hard/crt0.o (__libc_init_array)
c:/st/stm32cubeide_1.4.0/stm32cubeide/plugins/com.st.stm32cube.ide.mcu.externaltools.gnu-tools-for-stm32.7-2018-q2-update.win32_1.5.0.202011040924/tools/bin/../lib/gcc/arm-none-eabi/7.3.1/../../../../arm-none-eabi/lib/thumb/v7e-m/fpv4-sp/hard\libc_nano.a(lib_a-memset.o)
                              c:/st/stm32cubeide_1.4.0/stm32cubeide/plugins/com.st.stm32cube.ide.mcu.externaltools.gnu-tools-for-stm32.7-2018-q2-update.win32_1.5.0.202011040924/tools/bin/../lib/gcc/arm-none-eabi/7.3.1/../../../../arm-none-eabi/lib/thumb/v7e-m/fpv4-sp/hard/crt0.o (memset)
c:/st/stm32cubeide_1.4.0/stm32cubeide/plugins/com.st.stm32cube.ide.mcu.externaltools.gnu-tools-for-stm32.7-2018-q2-update.win32_1.5.0.202011040924/tools/bin/../lib/gcc/arm-none-eabi/7.3.1/thumb/v7e-m/fpv4-sp/hard\libgcc.a(_aeabi_uldivmod.o)
                              Drivers/STM32F7xx_HAL_Driver/Src/stm32f7xx_hal_rcc.o (__aeabi_uldivmod)
c:/st/stm32cubeide_1.4.0/stm32cubeide/plugins/com.st.stm32cube.ide.mcu.externaltools.gnu-tools-for-stm32.7-2018-q2-update.win32_1.5.0.202011040924/tools/bin/../lib/gcc/arm-none-eabi/7.3.1/thumb/v7e-m/fpv4-sp/hard\libgcc.a(_udivmoddi4.o)
                              c:/st/stm32cubeide_1.4.0/stm32cubeide/plugins/com.st.stm32cube.ide.mcu.externaltools.gnu-tools-for-stm32.7-2018-q2-update.win32_1.5.0.202011040924/tools/bin/../lib/gcc/arm-none-eabi/7.3.1/thumb/v7e-m/fpv4-sp/hard\libgcc.a(_aeabi_uldivmod.o) (__udivmoddi4)
c:/st/stm32cubeide_1.4.0/stm32cubeide/plugins/com.st.stm32cube.ide.mcu.externaltools.gnu-tools-for-stm32.7-2018-q2-update.win32_1.5.0.202011040924/tools/bin/../lib/gcc/arm-none-eabi/7.3.1/thumb/v7e-m/fpv4-sp/hard\libgcc.a(_dvmd_tls.o)
                              c:/st/stm32cubeide_1.4.0/stm32cubeide/plugins/com.st.stm32cube.ide.mcu.externaltools.gnu-tools-for-stm32.7-2018-q2-update.win32_1.5.0.202011040924/tools/bin/../lib/gcc/arm-none-eabi/7.3.1/thumb/v7e-m/fpv4-sp/hard\libgcc.a(_aeabi_uldivmod.o) (__aeabi_ldiv0)

Allocating common symbols
Common symbol       size              file

sdramHandle         0x34              Core/Src/stm32746g_discovery_sdram.o
camera_driv         0x4               Core/Src/main.o
hdma_dcmi           0x60              Core/Src/main.o
layer_cfg           0x34              Core/Src/main.o
absposition         0x4               Core/Src/main.o
uwTick              0x4               Drivers/STM32F7xx_HAL_Driver/Src/stm32f7xx_hal.o
pFlash              0x1c              Drivers/STM32F7xx_HAL_Driver/Src/stm32f7xx_hal_flash.o
htim3               0x40              Core/Src/main.o
hltdc               0xa8              Core/Src/main.o
hdcmi               0x50              Core/Src/main.o
huart1              0x80              Core/Src/main.o
htim6               0x40              Core/Src/main.o
photo_buffer_32     0x25800           Core/Src/main.o
hdma2d              0x40              Core/Src/main.o
[...]
Memory Configuration

Name             Origin             Length             Attributes
RAM              0x0000000020000000 0x0000000000050000 xrw
FLASH            0x0000000008000000 0x0000000000100000 xr
*default*        0x0000000000000000 0xffffffffffffffff

Linker script and memory map

LOAD c:/st/stm32cubeide_1.4.0/stm32cubeide/plugins/com.st.stm32cube.ide.mcu.externaltools.gnu-tools-for-stm32.7-2018-q2-update.win32_1.5.0.202011040924/tools/bin/../lib/gcc/arm-none-eabi/7.3.1/thumb/v7e-m/fpv4-sp/hard/crti.o
LOAD c:/st/stm32cubeide_1.4.0/stm32cubeide/plugins/com.st.stm32cube.ide.mcu.externaltools.gnu-tools-for-stm32.7-2018-q2-update.win32_1.5.0.202011040924/tools/bin/../lib/gcc/arm-none-eabi/7.3.1/thumb/v7e-m/fpv4-sp/hard/crtbegin.o
LOAD c:/st/stm32cubeide_1.4.0/stm32cubeide/plugins/com.st.stm32cube.ide.mcu.externaltools.gnu-tools-for-stm32.7-2018-q2-update.win32_1.5.0.202011040924/tools/bin/../lib/gcc/arm-none-eabi/7.3.1/../../../../arm-none-eabi/lib/thumb/v7e-m/fpv4-sp/hard/crt0.o
LOAD Core/Src/font24.o
LOAD Core/Src/image_analysis.o
LOAD Core/Src/main.o
LOAD Core/Src/ov9655.o
LOAD Core/Src/stm32746g_discovery.o
LOAD Core/Src/stm32746g_discovery_sdram.o
LOAD Core/Src/stm32f7xx_hal_msp.o
LOAD Core/Src/stm32f7xx_it.o
LOAD Core/Src/syscalls.o
LOAD Core/Src/sysmem.o
LOAD Core/Src/system_stm32f7xx.o
LOAD Core/Startup/startup_stm32f746nghx.o
LOAD Drivers/STM32F7xx_HAL_Driver/Src/stm32f7xx_hal.o
LOAD Drivers/STM32F7xx_HAL_Driver/Src/stm32f7xx_hal_cortex.o
LOAD Drivers/STM32F7xx_HAL_Driver/Src/stm32f7xx_hal_dcmi.o
LOAD Drivers/STM32F7xx_HAL_Driver/Src/stm32f7xx_hal_dcmi_ex.o
LOAD Drivers/STM32F7xx_HAL_Driver/Src/stm32f7xx_hal_dma.o
LOAD Drivers/STM32F7xx_HAL_Driver/Src/stm32f7xx_hal_dma2d.o
LOAD Drivers/STM32F7xx_HAL_Driver/Src/stm32f7xx_hal_dma_ex.o
LOAD Drivers/STM32F7xx_HAL_Driver/Src/stm32f7xx_hal_dsi.o
LOAD Drivers/STM32F7xx_HAL_Driver/Src/stm32f7xx_hal_exti.o
LOAD Drivers/STM32F7xx_HAL_Driver/Src/stm32f7xx_hal_flash.o
LOAD Drivers/STM32F7xx_HAL_Driver/Src/stm32f7xx_hal_flash_ex.o
LOAD Drivers/STM32F7xx_HAL_Driver/Src/stm32f7xx_hal_gpio.o
LOAD Drivers/STM32F7xx_HAL_Driver/Src/stm32f7xx_hal_i2c.o
LOAD Drivers/STM32F7xx_HAL_Driver/Src/stm32f7xx_hal_i2c_ex.o
LOAD Drivers/STM32F7xx_HAL_Driver/Src/stm32f7xx_hal_ltdc.o
LOAD Drivers/STM32F7xx_HAL_Driver/Src/stm32f7xx_hal_ltdc_ex.o
LOAD Drivers/STM32F7xx_HAL_Driver/Src/stm32f7xx_hal_pwr.o
LOAD Drivers/STM32F7xx_HAL_Driver/Src/stm32f7xx_hal_pwr_ex.o
LOAD Drivers/STM32F7xx_HAL_Driver/Src/stm32f7xx_hal_rcc.o
LOAD Drivers/STM32F7xx_HAL_Driver/Src/stm32f7xx_hal_rcc_ex.o
LOAD Drivers/STM32F7xx_HAL_Driver/Src/stm32f7xx_hal_sdram.o
LOAD Drivers/STM32F7xx_HAL_Driver/Src/stm32f7xx_hal_tim.o
LOAD Drivers/STM32F7xx_HAL_Driver/Src/stm32f7xx_hal_tim_ex.o
LOAD Drivers/STM32F7xx_HAL_Driver/Src/stm32f7xx_hal_uart.o
LOAD Drivers/STM32F7xx_HAL_Driver/Src/stm32f7xx_hal_uart_ex.o
LOAD Drivers/STM32F7xx_HAL_Driver/Src/stm32f7xx_ll_fmc.o
START GROUP
LOAD c:/st/stm32cubeide_1.4.0/stm32cubeide/plugins/com.st.stm32cube.ide.mcu.externaltools.gnu-tools-for-stm32.7-2018-q2-update.win32_1.5.0.202011040924/tools/bin/../lib/gcc/arm-none-eabi/7.3.1/../../../../arm-none-eabi/lib/thumb/v7e-m/fpv4-sp/hard\libc_nano.a
LOAD c:/st/stm32cubeide_1.4.0/stm32cubeide/plugins/com.st.stm32cube.ide.mcu.externaltools.gnu-tools-for-stm32.7-2018-q2-update.win32_1.5.0.202011040924/tools/bin/../lib/gcc/arm-none-eabi/7.3.1/../../../../arm-none-eabi/lib/thumb/v7e-m/fpv4-sp/hard\libm.a
END GROUP
START GROUP
LOAD c:/st/stm32cubeide_1.4.0/stm32cubeide/plugins/com.st.stm32cube.ide.mcu.externaltools.gnu-tools-for-stm32.7-2018-q2-update.win32_1.5.0.202011040924/tools/bin/../lib/gcc/arm-none-eabi/7.3.1/thumb/v7e-m/fpv4-sp/hard\libgcc.a
LOAD c:/st/stm32cubeide_1.4.0/stm32cubeide/plugins/com.st.stm32cube.ide.mcu.externaltools.gnu-tools-for-stm32.7-2018-q2-update.win32_1.5.0.202011040924/tools/bin/../lib/gcc/arm-none-eabi/7.3.1/../../../../arm-none-eabi/lib/thumb/v7e-m/fpv4-sp/hard\libc_nano.a
END GROUP
START GROUP
LOAD c:/st/stm32cubeide_1.4.0/stm32cubeide/plugins/com.st.stm32cube.ide.mcu.externaltools.gnu-tools-for-stm32.7-2018-q2-update.win32_1.5.0.202011040924/tools/bin/../lib/gcc/arm-none-eabi/7.3.1/thumb/v7e-m/fpv4-sp/hard\libgcc.a
LOAD c:/st/stm32cubeide_1.4.0/stm32cubeide/plugins/com.st.stm32cube.ide.mcu.externaltools.gnu-tools-for-stm32.7-2018-q2-update.win32_1.5.0.202011040924/tools/bin/../lib/gcc/arm-none-eabi/7.3.1/../../../../arm-none-eabi/lib/thumb/v7e-m/fpv4-sp/hard\libc_nano.a
LOAD c:/st/stm32cubeide_1.4.0/stm32cubeide/plugins/com.st.stm32cube.ide.mcu.externaltools.gnu-tools-for-stm32.7-2018-q2-update.win32_1.5.0.202011040924/tools/bin/../lib/gcc/arm-none-eabi/7.3.1/../../../../arm-none-eabi/lib/thumb/v7e-m/fpv4-sp/hard\libnosys.a
END GROUP
START GROUP
LOAD c:/st/stm32cubeide_1.4.0/stm32cubeide/plugins/com.st.stm32cube.ide.mcu.externaltools.gnu-tools-for-stm32.7-2018-q2-update.win32_1.5.0.202011040924/tools/bin/../lib/gcc/arm-none-eabi/7.3.1/thumb/v7e-m/fpv4-sp/hard\libgcc.a
LOAD c:/st/stm32cubeide_1.4.0/stm32cubeide/plugins/com.st.stm32cube.ide.mcu.externaltools.gnu-tools-for-stm32.7-2018-q2-update.win32_1.5.0.202011040924/tools/bin/../lib/gcc/arm-none-eabi/7.3.1/../../../../arm-none-eabi/lib/thumb/v7e-m/fpv4-sp/hard\libc_nano.a
LOAD c:/st/stm32cubeide_1.4.0/stm32cubeide/plugins/com.st.stm32cube.ide.mcu.externaltools.gnu-tools-for-stm32.7-2018-q2-update.win32_1.5.0.202011040924/tools/bin/../lib/gcc/arm-none-eabi/7.3.1/../../../../arm-none-eabi/lib/thumb/v7e-m/fpv4-sp/hard\libnosys.a
END GROUP
LOAD c:/st/stm32cubeide_1.4.0/stm32cubeide/plugins/com.st.stm32cube.ide.mcu.externaltools.gnu-tools-for-stm32.7-2018-q2-update.win32_1.5.0.202011040924/tools/bin/../lib/gcc/arm-none-eabi/7.3.1/thumb/v7e-m/fpv4-sp/hard/crtend.o
LOAD c:/st/stm32cubeide_1.4.0/stm32cubeide/plugins/com.st.stm32cube.ide.mcu.externaltools.gnu-tools-for-stm32.7-2018-q2-update.win32_1.5.0.202011040924/tools/bin/../lib/gcc/arm-none-eabi/7.3.1/thumb/v7e-m/fpv4-sp/hard/crtn.o
                0x0000000020050000                _estack = (ORIGIN (RAM) + LENGTH (RAM))
                0x0000000000000200                _Min_Heap_Size = 0x200
                0x0000000000000400                _Min_Stack_Size = 0x400

.isr_vector     0x0000000008000000      0x1c8
                0x0000000008000000                . = ALIGN (0x4)
 *(.isr_vector)
 .isr_vector    0x0000000008000000      0x1c8 Core/Startup/startup_stm32f746nghx.o
                0x0000000008000000                g_pfnVectors
                0x00000000080001c8                . = ALIGN (0x4)

.text           0x00000000080001c8     0x8b84
                0x00000000080001c8                . = ALIGN (0x4)
 *(.text)
 .text          0x00000000080001c8       0x40 c:/st/stm32cubeide_1.4.0/stm32cubeide/plugins/com.st.stm32cube.ide.mcu.externaltools.gnu-tools-for-stm32.7-2018-q2-update.win32_1.5.0.202011040924/tools/bin/../lib/gcc/arm-none-eabi/7.3.1/thumb/v7e-m/fpv4-sp/hard/crtbegin.o
 .text          0x0000000008000208       0x30 c:/st/stm32cubeide_1.4.0/stm32cubeide/plugins/com.st.stm32cube.ide.mcu.externaltools.gnu-tools-for-stm32.7-2018-q2-update.win32_1.5.0.202011040924/tools/bin/../lib/gcc/arm-none-eabi/7.3.1/thumb/v7e-m/fpv4-sp/hard\libgcc.a(_aeabi_uldivmod.o)
                0x0000000008000208                __aeabi_uldivmod
 .text          0x0000000008000238      0x2cc c:/st/stm32cubeide_1.4.0/stm32cubeide/plugins/com.st.stm32cube.ide.mcu.externaltools.gnu-tools-for-stm32.7-2018-q2-update.win32_1.5.0.202011040924/tools/bin/../lib/gcc/arm-none-eabi/7.3.1/thumb/v7e-m/fpv4-sp/hard\libgcc.a(_udivmoddi4.o)
                0x0000000008000238                __udivmoddi4
 .text          0x0000000008000504        0x4 c:/st/stm32cubeide_1.4.0/stm32cubeide/plugins/com.st.stm32cube.ide.mcu.externaltools.gnu-tools-for-stm32.7-2018-q2-update.win32_1.5.0.202011040924/tools/bin/../lib/gcc/arm-none-eabi/7.3.1/thumb/v7e-m/fpv4-sp/hard\libgcc.a(_dvmd_tls.o)
                0x0000000008000504                __aeabi_idiv0
                0x0000000008000504                __aeabi_ldiv0
 *(.text*)
 .text.Draw_Blue_Cross
                0x0000000008000508       0xb2 Core/Src/image_analysis.o
                0x0000000008000508                Draw_Blue_Cross
 *fill*         0x00000000080005ba        0x2 
 .text.Filter_Colors_And_Get_Center
                0x00000000080005bc      0x12c Core/Src/image_analysis.o
                0x00000000080005bc                Filter_Colors_And_Get_Center
 .text.TIM2_IRQHandler
                0x00000000080006e8      0x180 Core/Src/main.o
                0x00000000080006e8                TIM2_IRQHandler
 .text.main     0x0000000008000868      0x1c4 Core/Src/main.o
                0x0000000008000868                main
 .text.SystemClock_Config
                0x0000000008000a2c      0x138 Core/Src/main.o
                0x0000000008000a2c                SystemClock_Config
 .text.MX_DCMI_Init
                0x0000000008000b64       0x68 Core/Src/main.o
 .text.MX_DMA2D_Init
                0x0000000008000bcc       0x64 Core/Src/main.o
 .text.MX_LTDC_Init
                0x0000000008000c30      0x164 Core/Src/main.o
 .text.MX_TIM3_Init
                0x0000000008000d94       0xa0 Core/Src/main.o
 .text.MX_TIM6_Init
                0x0000000008000e34       0x6c Core/Src/main.o
 .text.MX_USART1_UART_Init
                0x0000000008000ea0       0x60 Core/Src/main.o
 .text.MX_DMA_Init
                0x0000000008000f00       0x3c Core/Src/main.o
 .text.MX_FMC_Init
                0x0000000008000f3c       0x9c Core/Src/main.o
 .text.MX_GPIO_Init
                0x0000000008000fd8      0x6c4 Core/Src/main.o
 .text.LCD_GPIO_Init
                0x000000000800169c      0x184 Core/Src/main.o
                0x000000000800169c                LCD_GPIO_Init
 .text.LTDC_Init
                0x0000000008001820      0x198 Core/Src/main.o
 .text.CAMERA_Init
                0x00000000080019b8       0x68 Core/Src/main.o
                0x00000000080019b8                CAMERA_Init
 .text.HAL_TIM_PeriodElapsedCallback
                0x0000000008001a20       0x14 Core/Src/main.o
                0x0000000008001a20                HAL_TIM_PeriodElapsedCallback
 .text.Error_Handler
                0x0000000008001a34        0xe Core/Src/main.o
                0x0000000008001a34                Error_Handler
 *fill*         0x0000000008001a42        0x2 
 .text.ov9655_Init
                0x0000000008001a44       0xf8 Core/Src/ov9655.o
                0x0000000008001a44                ov9655_Init
 .text.ov9655_Config
                0x0000000008001b3c      0x144 Core/Src/ov9655.o
                0x0000000008001b3c                ov9655_Config
 .text.ov9655_ReadID
                0x0000000008001c80       0x26 Core/Src/ov9655.o
                0x0000000008001c80                ov9655_ReadID
 *fill*         0x0000000008001ca6        0x2 
 .text.ov9655_ConvertValue
                0x0000000008001ca8      0x1e8 Core/Src/ov9655.o
 .text.I2Cx_MspInit
                0x0000000008001e90      0x160 Core/Src/stm32746g_discovery.o
 .text.I2Cx_Init
                0x0000000008001ff0       0x78 Core/Src/stm32746g_discovery.o
 .text.I2Cx_ReadMultiple
                0x0000000008002068       0x5a Core/Src/stm32746g_discovery.o
 .text.I2Cx_WriteMultiple
                0x00000000080020c2       0x5a Core/Src/stm32746g_discovery.o
 .text.I2Cx_Error
                0x000000000800211c       0x20 Core/Src/stm32746g_discovery.o
 .text.CAMERA_IO_Init
                0x000000000800213c       0x14 Core/Src/stm32746g_discovery.o
                0x000000000800213c                CAMERA_IO_Init
 .text.CAMERA_IO_Write
                0x0000000008002150       0x34 Core/Src/stm32746g_discovery.o
                0x0000000008002150                CAMERA_IO_Write
 .text.CAMERA_IO_Read
                0x0000000008002184       0x3c Core/Src/stm32746g_discovery.o
                0x0000000008002184                CAMERA_IO_Read
 .text.CAMERA_Delay
                0x00000000080021c0       0x16 Core/Src/stm32746g_discovery.o
                0x00000000080021c0                CAMERA_Delay
 *fill*         0x00000000080021d6        0x2 
 .text.BSP_SDRAM_Init
                0x00000000080021d8       0xbc Core/Src/stm32746g_discovery_sdram.o
                0x00000000080021d8                BSP_SDRAM_Init
 .text.BSP_SDRAM_Initialization_sequence
                0x0000000008002294       0xc0 Core/Src/stm32746g_discovery_sdram.o
                0x0000000008002294                BSP_SDRAM_Initialization_sequence
 .text.BSP_SDRAM_ReadData
                0x0000000008002354       0x30 Core/Src/stm32746g_discovery_sdram.o
                0x0000000008002354                BSP_SDRAM_ReadData
 .text.BSP_SDRAM_WriteData
                0x0000000008002384       0x30 Core/Src/stm32746g_discovery_sdram.o
                0x0000000008002384                BSP_SDRAM_WriteData
 .text.BSP_SDRAM_MspInit
                0x00000000080023b4      0x1f0 Core/Src/stm32746g_discovery_sdram.o
                0x00000000080023b4                BSP_SDRAM_MspInit
 .text.HAL_MspInit
                0x00000000080025a4       0x48 Core/Src/stm32f7xx_hal_msp.o
                0x00000000080025a4                HAL_MspInit
 .text.HAL_DCMI_MspInit
                0x00000000080025ec      0x20c Core/Src/stm32f7xx_hal_msp.o
                0x00000000080025ec                HAL_DCMI_MspInit
 .text.HAL_DMA2D_MspInit
                0x00000000080027f8       0x40 Core/Src/stm32f7xx_hal_msp.o
                0x00000000080027f8                HAL_DMA2D_MspInit
 .text.HAL_LTDC_MspInit
                0x0000000008002838      0x180 Core/Src/stm32f7xx_hal_msp.o
                0x0000000008002838                HAL_LTDC_MspInit
 .text.HAL_TIM_Base_MspInit
                0x00000000080029b8       0xc0 Core/Src/stm32f7xx_hal_msp.o
                0x00000000080029b8                HAL_TIM_Base_MspInit
 .text.HAL_UART_MspInit
                0x0000000008002a78       0xc4 Core/Src/stm32f7xx_hal_msp.o
                0x0000000008002a78                HAL_UART_MspInit
 .text.HAL_FMC_MspInit
                0x0000000008002b3c      0x120 Core/Src/stm32f7xx_hal_msp.o
 .text.HAL_SDRAM_MspInit
                0x0000000008002c5c       0x14 Core/Src/stm32f7xx_hal_msp.o
                0x0000000008002c5c                HAL_SDRAM_MspInit
 .text.NMI_Handler
                0x0000000008002c70        0xe Core/Src/stm32f7xx_it.o
                0x0000000008002c70                NMI_Handler
 .text.HardFault_Handler
                0x0000000008002c7e        0x6 Core/Src/stm32f7xx_it.o
                0x0000000008002c7e                HardFault_Handler
 .text.MemManage_Handler
                0x0000000008002c84        0x6 Core/Src/stm32f7xx_it.o
                0x0000000008002c84                MemManage_Handler
 .text.BusFault_Handler
                0x0000000008002c8a        0x6 Core/Src/stm32f7xx_it.o
                0x0000000008002c8a                BusFault_Handler
 .text.UsageFault_Handler
                0x0000000008002c90        0x6 Core/Src/stm32f7xx_it.o
                0x0000000008002c90                UsageFault_Handler
 .text.SVC_Handler
                0x0000000008002c96        0xe Core/Src/stm32f7xx_it.o
                0x0000000008002c96                SVC_Handler
 .text.DebugMon_Handler
                0x0000000008002ca4        0xe Core/Src/stm32f7xx_it.o
                0x0000000008002ca4                DebugMon_Handler
 .text.PendSV_Handler
                0x0000000008002cb2        0xe Core/Src/stm32f7xx_it.o
                0x0000000008002cb2                PendSV_Handler
 .text.SysTick_Handler
                0x0000000008002cc0        0xc Core/Src/stm32f7xx_it.o
                0x0000000008002cc0                SysTick_Handler
 .text.TIM3_IRQHandler
                0x0000000008002ccc       0x14 Core/Src/stm32f7xx_it.o
                0x0000000008002ccc                TIM3_IRQHandler
 .text.DMA2_Stream1_IRQHandler
                0x0000000008002ce0       0x14 Core/Src/stm32f7xx_it.o
                0x0000000008002ce0                DMA2_Stream1_IRQHandler
 .text.DCMI_IRQHandler
                0x0000000008002cf4       0x14 Core/Src/stm32f7xx_it.o
                0x0000000008002cf4                DCMI_IRQHandler
 .text.SystemInit
                0x0000000008002d08       0x2c Core/Src/system_stm32f7xx.o
                0x0000000008002d08                SystemInit
 .text.Reset_Handler
                0x0000000008002d34       0x50 Core/Startup/startup_stm32f746nghx.o
                0x0000000008002d34                Reset_Handler
 .text.Default_Handler
                0x0000000008002d84        0x2 Core/Startup/startup_stm32f746nghx.o
                0x0000000008002d84                RTC_Alarm_IRQHandler
                0x0000000008002d84                EXTI2_IRQHandler
                0x0000000008002d84                TIM8_CC_IRQHandler
                0x0000000008002d84                UART8_IRQHandler
                0x0000000008002d84                SPI4_IRQHandler
                0x0000000008002d84                TIM1_CC_IRQHandler
                0x0000000008002d84                DMA2_Stream5_IRQHandler
                0x0000000008002d84                DMA1_Stream5_IRQHandler
                0x0000000008002d84                PVD_IRQHandler
                0x0000000008002d84                TAMP_STAMP_IRQHandler
                0x0000000008002d84                CAN2_RX1_IRQHandler
                0x0000000008002d84                EXTI3_IRQHandler
                0x0000000008002d84                TIM8_TRG_COM_TIM14_IRQHandler
                0x0000000008002d84                TIM1_UP_TIM10_IRQHandler
                0x0000000008002d84                TIM8_UP_TIM13_IRQHandler
                0x0000000008002d84                I2C3_ER_IRQHandler
                0x0000000008002d84                EXTI0_IRQHandler
                0x0000000008002d84                I2C2_EV_IRQHandler
                0x0000000008002d84                DMA1_Stream2_IRQHandler
                0x0000000008002d84                CAN1_RX0_IRQHandler
                0x0000000008002d84                FPU_IRQHandler
                0x0000000008002d84                OTG_HS_WKUP_IRQHandler
                0x0000000008002d84                LTDC_ER_IRQHandler
                0x0000000008002d84                CAN2_SCE_IRQHandler
                0x0000000008002d84                DMA2_Stream2_IRQHandler
                0x0000000008002d84                SPI1_IRQHandler
                0x0000000008002d84                TIM6_DAC_IRQHandler
                0x0000000008002d84                TIM1_BRK_TIM9_IRQHandler
                0x0000000008002d84                CAN2_RX0_IRQHandler
                0x0000000008002d84                DMA2_Stream3_IRQHandler
                0x0000000008002d84                SAI2_IRQHandler
                0x0000000008002d84                USART6_IRQHandler
                0x0000000008002d84                USART3_IRQHandler
                0x0000000008002d84                CAN1_RX1_IRQHandler
                0x0000000008002d84                UART5_IRQHandler
                0x0000000008002d84                DMA2_Stream0_IRQHandler
                0x0000000008002d84                TIM4_IRQHandler
                0x0000000008002d84                QUADSPI_IRQHandler
                0x0000000008002d84                I2C1_EV_IRQHandler
                0x0000000008002d84                DMA1_Stream6_IRQHandler
                0x0000000008002d84                DMA1_Stream1_IRQHandler
                0x0000000008002d84                UART4_IRQHandler
                0x0000000008002d84                RCC_IRQHandler
                0x0000000008002d84                TIM8_BRK_TIM12_IRQHandler
                0x0000000008002d84                Default_Handler
                0x0000000008002d84                CEC_IRQHandler
                0x0000000008002d84                EXTI15_10_IRQHandler
                0x0000000008002d84                ADC_IRQHandler
                0x0000000008002d84                DMA1_Stream7_IRQHandler
                0x0000000008002d84                SPI5_IRQHandler
                0x0000000008002d84                TIM7_IRQHandler
                0x0000000008002d84                SDMMC1_IRQHandler
                0x0000000008002d84                CAN2_TX_IRQHandler
                0x0000000008002d84                TIM5_IRQHandler
                0x0000000008002d84                DMA2_Stream7_IRQHandler
                0x0000000008002d84                I2C3_EV_IRQHandler
                0x0000000008002d84                EXTI9_5_IRQHandler
                0x0000000008002d84                RTC_WKUP_IRQHandler
                0x0000000008002d84                LTDC_IRQHandler
                0x0000000008002d84                ETH_WKUP_IRQHandler
                0x0000000008002d84                SPDIF_RX_IRQHandler
                0x0000000008002d84                SPI2_IRQHandler
                0x0000000008002d84                OTG_HS_EP1_IN_IRQHandler
                0x0000000008002d84                DMA1_Stream0_IRQHandler
                0x0000000008002d84                CAN1_TX_IRQHandler
                0x0000000008002d84                EXTI4_IRQHandler
                0x0000000008002d84                RNG_IRQHandler
                0x0000000008002d84                ETH_IRQHandler
                0x0000000008002d84                OTG_HS_EP1_OUT_IRQHandler
                0x0000000008002d84                WWDG_IRQHandler
                0x0000000008002d84                SPI6_IRQHandler
                0x0000000008002d84                I2C4_EV_IRQHandler
                0x0000000008002d84                OTG_FS_WKUP_IRQHandler
                0x0000000008002d84                TIM1_TRG_COM_TIM11_IRQHandler
                0x0000000008002d84                OTG_HS_IRQHandler
                0x0000000008002d84                DMA2D_IRQHandler
                0x0000000008002d84                EXTI1_IRQHandler
                0x0000000008002d84                UART7_IRQHandler
                0x0000000008002d84                USART2_IRQHandler
                0x0000000008002d84                I2C2_ER_IRQHandler
                0x0000000008002d84                CAN1_SCE_IRQHandler
                0x0000000008002d84                FLASH_IRQHandler
                0x0000000008002d84                DMA2_Stream4_IRQHandler
                0x0000000008002d84                USART1_IRQHandler
                0x0000000008002d84                OTG_FS_IRQHandler
                0x0000000008002d84                SPI3_IRQHandler
                0x0000000008002d84                DMA1_Stream4_IRQHandler
                0x0000000008002d84                I2C1_ER_IRQHandler
                0x0000000008002d84                FMC_IRQHandler
                0x0000000008002d84                LPTIM1_IRQHandler
                0x0000000008002d84                I2C4_ER_IRQHandler
                0x0000000008002d84                DMA2_Stream6_IRQHandler
                0x0000000008002d84                SAI1_IRQHandler
                0x0000000008002d84                DMA1_Stream3_IRQHandler
 .text.HAL_Init
                0x0000000008002d86       0x1a Drivers/STM32F7xx_HAL_Driver/Src/stm32f7xx_hal.o
                0x0000000008002d86                HAL_Init
 .text.HAL_InitTick
                0x0000000008002da0       0x60 Drivers/STM32F7xx_HAL_Driver/Src/stm32f7xx_hal.o
                0x0000000008002da0                HAL_InitTick
 .text.HAL_IncTick
                0x0000000008002e00       0x28 Drivers/STM32F7xx_HAL_Driver/Src/stm32f7xx_hal.o
                0x0000000008002e00                HAL_IncTick
 .text.HAL_GetTick
                0x0000000008002e28       0x18 Drivers/STM32F7xx_HAL_Driver/Src/stm32f7xx_hal.o
                0x0000000008002e28                HAL_GetTick
 .text.HAL_Delay
                0x0000000008002e40       0x44 Drivers/STM32F7xx_HAL_Driver/Src/stm32f7xx_hal.o
                0x0000000008002e40                HAL_Delay
 .text.__NVIC_SetPriorityGrouping
                0x0000000008002e84       0x48 Drivers/STM32F7xx_HAL_Driver/Src/stm32f7xx_hal_cortex.o
 .text.__NVIC_GetPriorityGrouping
                0x0000000008002ecc       0x1c Drivers/STM32F7xx_HAL_Driver/Src/stm32f7xx_hal_cortex.o
 .text.__NVIC_EnableIRQ
                0x0000000008002ee8       0x3c Drivers/STM32F7xx_HAL_Driver/Src/stm32f7xx_hal_cortex.o
 .text.__NVIC_SetPriority
                0x0000000008002f24       0x54 Drivers/STM32F7xx_HAL_Driver/Src/stm32f7xx_hal_cortex.o
 .text.NVIC_EncodePriority
                0x0000000008002f78       0x66 Drivers/STM32F7xx_HAL_Driver/Src/stm32f7xx_hal_cortex.o
 *fill*         0x0000000008002fde        0x2 
 .text.SysTick_Config
                0x0000000008002fe0       0x44 Drivers/STM32F7xx_HAL_Driver/Src/stm32f7xx_hal_cortex.o
 .text.HAL_NVIC_SetPriorityGrouping
                0x0000000008003024       0x16 Drivers/STM32F7xx_HAL_Driver/Src/stm32f7xx_hal_cortex.o
                0x0000000008003024                HAL_NVIC_SetPriorityGrouping
 .text.HAL_NVIC_SetPriority
                0x000000000800303a       0x38 Drivers/STM32F7xx_HAL_Driver/Src/stm32f7xx_hal_cortex.o
                0x000000000800303a                HAL_NVIC_SetPriority
 .text.HAL_NVIC_EnableIRQ
                0x0000000008003072       0x1c Drivers/STM32F7xx_HAL_Driver/Src/stm32f7xx_hal_cortex.o
                0x0000000008003072                HAL_NVIC_EnableIRQ
 .text.HAL_SYSTICK_Config
                0x000000000800308e       0x18 Drivers/STM32F7xx_HAL_Driver/Src/stm32f7xx_hal_cortex.o
                0x000000000800308e                HAL_SYSTICK_Config
 *fill*         0x00000000080030a6        0x2 
 .text.HAL_DCMI_Init
                0x00000000080030a8       0xf4 Drivers/STM32F7xx_HAL_Driver/Src/stm32f7xx_hal_dcmi.o
                0x00000000080030a8                HAL_DCMI_Init
 .text.HAL_DCMI_Start_DMA
                0x000000000800319c      0x15c Drivers/STM32F7xx_HAL_Driver/Src/stm32f7xx_hal_dcmi.o
                0x000000000800319c                HAL_DCMI_Start_DMA
 .text.HAL_DCMI_IRQHandler
                0x00000000080032f8      0x114 Drivers/STM32F7xx_HAL_Driver/Src/stm32f7xx_hal_dcmi.o
                0x00000000080032f8                HAL_DCMI_IRQHandler
 .text.HAL_DCMI_ErrorCallback
                0x000000000800340c       0x14 Drivers/STM32F7xx_HAL_Driver/Src/stm32f7xx_hal_dcmi.o
                0x000000000800340c                HAL_DCMI_ErrorCallback
 .text.HAL_DCMI_LineEventCallback
                0x0000000008003420       0x14 Drivers/STM32F7xx_HAL_Driver/Src/stm32f7xx_hal_dcmi.o
                0x0000000008003420                HAL_DCMI_LineEventCallback
 .text.HAL_DCMI_VsyncEventCallback
                0x0000000008003434       0x14 Drivers/STM32F7xx_HAL_Driver/Src/stm32f7xx_hal_dcmi.o
                0x0000000008003434                HAL_DCMI_VsyncEventCallback
 .text.HAL_DCMI_FrameEventCallback
                0x0000000008003448       0x14 Drivers/STM32F7xx_HAL_Driver/Src/stm32f7xx_hal_dcmi.o
                0x0000000008003448                HAL_DCMI_FrameEventCallback
 .text.HAL_DCMI_DisableCrop
                0x000000000800345c       0x54 Drivers/STM32F7xx_HAL_Driver/Src/stm32f7xx_hal_dcmi.o
                0x000000000800345c                HAL_DCMI_DisableCrop
 .text.DCMI_DMAXferCplt
                0x00000000080034b0      0x12a Drivers/STM32F7xx_HAL_Driver/Src/stm32f7xx_hal_dcmi.o
 .text.DCMI_DMAError
                0x00000000080035da       0x3a Drivers/STM32F7xx_HAL_Driver/Src/stm32f7xx_hal_dcmi.o
 .text.HAL_DMA_Init
                0x0000000008003614      0x15c Drivers/STM32F7xx_HAL_Driver/Src/stm32f7xx_hal_dma.o
                0x0000000008003614                HAL_DMA_Init
 .text.HAL_DMA_DeInit
                0x0000000008003770       0xbc Drivers/STM32F7xx_HAL_Driver/Src/stm32f7xx_hal_dma.o
                0x0000000008003770                HAL_DMA_DeInit
 .text.HAL_DMA_Start_IT
                0x000000000800382c       0xc0 Drivers/STM32F7xx_HAL_Driver/Src/stm32f7xx_hal_dma.o
                0x000000000800382c                HAL_DMA_Start_IT
 .text.HAL_DMA_Abort_IT
                0x00000000080038ec       0x44 Drivers/STM32F7xx_HAL_Driver/Src/stm32f7xx_hal_dma.o
                0x00000000080038ec                HAL_DMA_Abort_IT
 .text.HAL_DMA_IRQHandler
                0x0000000008003930      0x314 Drivers/STM32F7xx_HAL_Driver/Src/stm32f7xx_hal_dma.o
                0x0000000008003930                HAL_DMA_IRQHandler
 .text.DMA_SetConfig
                0x0000000008003c44       0x5c Drivers/STM32F7xx_HAL_Driver/Src/stm32f7xx_hal_dma.o
 .text.DMA_CalcBaseAndBitshift
                0x0000000008003ca0       0x6c Drivers/STM32F7xx_HAL_Driver/Src/stm32f7xx_hal_dma.o
 .text.DMA_CheckFifoParam
                0x0000000008003d0c       0xf4 Drivers/STM32F7xx_HAL_Driver/Src/stm32f7xx_hal_dma.o
 .text.HAL_DMA2D_Init
                0x0000000008003e00       0x94 Drivers/STM32F7xx_HAL_Driver/Src/stm32f7xx_hal_dma2d.o
                0x0000000008003e00                HAL_DMA2D_Init
 .text.HAL_DMA2D_ConfigLayer
                0x0000000008003e94      0x124 Drivers/STM32F7xx_HAL_Driver/Src/stm32f7xx_hal_dma2d.o
                0x0000000008003e94                HAL_DMA2D_ConfigLayer
 .text.HAL_DMAEx_MultiBufferStart_IT
                0x0000000008003fb8     0x126c Drivers/STM32F7xx_HAL_Driver/Src/stm32f7xx_hal_dma_ex.o
                0x0000000008003fb8                HAL_DMAEx_MultiBufferStart_IT
 .text.HAL_DMAEx_ChangeMemory
                0x0000000008005224       0x34 Drivers/STM32F7xx_HAL_Driver/Src/stm32f7xx_hal_dma_ex.o
                0x0000000008005224                HAL_DMAEx_ChangeMemory
 .text.DMA_MultiBufferSetConfig
                0x0000000008005258       0x4c Drivers/STM32F7xx_HAL_Driver/Src/stm32f7xx_hal_dma_ex.o
 .text.HAL_GPIO_Init
                0x00000000080052a4      0x354 Drivers/STM32F7xx_HAL_Driver/Src/stm32f7xx_hal_gpio.o
                0x00000000080052a4                HAL_GPIO_Init
 .text.HAL_GPIO_WritePin
                0x00000000080055f8       0x32 Drivers/STM32F7xx_HAL_Driver/Src/stm32f7xx_hal_gpio.o
                0x00000000080055f8                HAL_GPIO_WritePin
 .text.HAL_GPIO_TogglePin
                0x000000000800562a       0x34 Drivers/STM32F7xx_HAL_Driver/Src/stm32f7xx_hal_gpio.o
                0x000000000800562a                HAL_GPIO_TogglePin
 *fill*         0x000000000800565e        0x2 
 .text.HAL_I2C_Init
                0x0000000008005660      0x120 Drivers/STM32F7xx_HAL_Driver/Src/stm32f7xx_hal_i2c.o
                0x0000000008005660                HAL_I2C_Init
 .text.HAL_I2C_DeInit
                0x0000000008005780       0x5e Drivers/STM32F7xx_HAL_Driver/Src/stm32f7xx_hal_i2c.o
                0x0000000008005780                HAL_I2C_DeInit
 .text.HAL_I2C_MspInit
                0x00000000080057de       0x14 Drivers/STM32F7xx_HAL_Driver/Src/stm32f7xx_hal_i2c.o
                0x00000000080057de                HAL_I2C_MspInit
 .text.HAL_I2C_MspDeInit
                0x00000000080057f2       0x14 Drivers/STM32F7xx_HAL_Driver/Src/stm32f7xx_hal_i2c.o
                0x00000000080057f2                HAL_I2C_MspDeInit
 *fill*         0x0000000008005806        0x2 
 .text.HAL_I2C_Mem_Write
                0x0000000008005808      0x228 Drivers/STM32F7xx_HAL_Driver/Src/stm32f7xx_hal_i2c.o
                0x0000000008005808                HAL_I2C_Mem_Write
 .text.HAL_I2C_Mem_Read
                0x0000000008005a30      0x234 Drivers/STM32F7xx_HAL_Driver/Src/stm32f7xx_hal_i2c.o
                0x0000000008005a30                HAL_I2C_Mem_Read
 .text.HAL_I2C_GetState
                0x0000000008005c64       0x1c Drivers/STM32F7xx_HAL_Driver/Src/stm32f7xx_hal_i2c.o
                0x0000000008005c64                HAL_I2C_GetState
 .text.I2C_RequestMemoryWrite
                0x0000000008005c80       0xa8 Drivers/STM32F7xx_HAL_Driver/Src/stm32f7xx_hal_i2c.o
 .text.I2C_RequestMemoryRead
                0x0000000008005d28       0xa8 Drivers/STM32F7xx_HAL_Driver/Src/stm32f7xx_hal_i2c.o
 .text.I2C_Flush_TXDR
                0x0000000008005dd0       0x48 Drivers/STM32F7xx_HAL_Driver/Src/stm32f7xx_hal_i2c.o
 .text.I2C_WaitOnFlagUntilTimeout
                0x0000000008005e18       0x80 Drivers/STM32F7xx_HAL_Driver/Src/stm32f7xx_hal_i2c.o
 .text.I2C_WaitOnTXISFlagUntilTimeout
                0x0000000008005e98       0x80 Drivers/STM32F7xx_HAL_Driver/Src/stm32f7xx_hal_i2c.o
 .text.I2C_WaitOnSTOPFlagUntilTimeout
                0x0000000008005f18       0x78 Drivers/STM32F7xx_HAL_Driver/Src/stm32f7xx_hal_i2c.o
 .text.I2C_IsAcknowledgeFailed
                0x0000000008005f90       0xcc Drivers/STM32F7xx_HAL_Driver/Src/stm32f7xx_hal_i2c.o
 .text.I2C_TransferConfig
                0x000000000800605c       0x5c Drivers/STM32F7xx_HAL_Driver/Src/stm32f7xx_hal_i2c.o
 .text.HAL_LTDC_Init
                0x00000000080060b8      0x1a0 Drivers/STM32F7xx_HAL_Driver/Src/stm32f7xx_hal_ltdc.o
                0x00000000080060b8                HAL_LTDC_Init
 .text.HAL_LTDC_ConfigLayer
                0x0000000008006258       0x7c Drivers/STM32F7xx_HAL_Driver/Src/stm32f7xx_hal_ltdc.o
                0x0000000008006258                HAL_LTDC_ConfigLayer
 .text.HAL_LTDC_GetState
                0x00000000080062d4       0x1c Drivers/STM32F7xx_HAL_Driver/Src/stm32f7xx_hal_ltdc.o
                0x00000000080062d4                HAL_LTDC_GetState
 .text.LTDC_SetConfig
                0x00000000080062f0      0x334 Drivers/STM32F7xx_HAL_Driver/Src/stm32f7xx_hal_ltdc.o
 .text.HAL_PWREx_EnableOverDrive
                0x0000000008006624       0xa0 Drivers/STM32F7xx_HAL_Driver/Src/stm32f7xx_hal_pwr_ex.o
                0x0000000008006624                HAL_PWREx_EnableOverDrive
 .text.HAL_RCC_OscConfig
                0x00000000080066c4      0x548 Drivers/STM32F7xx_HAL_Driver/Src/stm32f7xx_hal_rcc.o
                0x00000000080066c4                HAL_RCC_OscConfig
 .text.HAL_RCC_ClockConfig
                0x0000000008006c0c      0x1d8 Drivers/STM32F7xx_HAL_Driver/Src/stm32f7xx_hal_rcc.o
                0x0000000008006c0c                HAL_RCC_ClockConfig
 .text.HAL_RCC_GetSysClockFreq
                0x0000000008006de4      0x164 Drivers/STM32F7xx_HAL_Driver/Src/stm32f7xx_hal_rcc.o
                0x0000000008006de4                HAL_RCC_GetSysClockFreq
 .text.HAL_RCC_GetHCLKFreq
                0x0000000008006f48       0x18 Drivers/STM32F7xx_HAL_Driver/Src/stm32f7xx_hal_rcc.o
                0x0000000008006f48                HAL_RCC_GetHCLKFreq
 .text.HAL_RCC_GetPCLK1Freq
                0x0000000008006f60       0x28 Drivers/STM32F7xx_HAL_Driver/Src/stm32f7xx_hal_rcc.o
                0x0000000008006f60                HAL_RCC_GetPCLK1Freq
 .text.HAL_RCC_GetPCLK2Freq
                0x0000000008006f88       0x28 Drivers/STM32F7xx_HAL_Driver/Src/stm32f7xx_hal_rcc.o
                0x0000000008006f88                HAL_RCC_GetPCLK2Freq
 .text.HAL_RCCEx_PeriphCLKConfig
                0x0000000008006fb0      0x7dc Drivers/STM32F7xx_HAL_Driver/Src/stm32f7xx_hal_rcc_ex.o
                0x0000000008006fb0                HAL_RCCEx_PeriphCLKConfig
 .text.HAL_SDRAM_Init
                0x000000000800778c       0x68 Drivers/STM32F7xx_HAL_Driver/Src/stm32f7xx_hal_sdram.o
                0x000000000800778c                HAL_SDRAM_Init
 .text.HAL_SDRAM_Read_32b
                0x00000000080077f4       0x7e Drivers/STM32F7xx_HAL_Driver/Src/stm32f7xx_hal_sdram.o
                0x00000000080077f4                HAL_SDRAM_Read_32b
 .text.HAL_SDRAM_Write_32b
                0x0000000008007872       0x86 Drivers/STM32F7xx_HAL_Driver/Src/stm32f7xx_hal_sdram.o
                0x0000000008007872                HAL_SDRAM_Write_32b
 .text.HAL_SDRAM_SendCommand
                0x00000000080078f8       0x56 Drivers/STM32F7xx_HAL_Driver/Src/stm32f7xx_hal_sdram.o
                0x00000000080078f8                HAL_SDRAM_SendCommand
 .text.HAL_SDRAM_ProgramRefreshRate
                0x000000000800794e       0x40 Drivers/STM32F7xx_HAL_Driver/Src/stm32f7xx_hal_sdram.o
                0x000000000800794e                HAL_SDRAM_ProgramRefreshRate
 .text.HAL_TIM_Base_Init
                0x000000000800798e       0x56 Drivers/STM32F7xx_HAL_Driver/Src/stm32f7xx_hal_tim.o
                0x000000000800798e                HAL_TIM_Base_Init
 .text.HAL_TIM_Base_Start_IT
                0x00000000080079e4       0x54 Drivers/STM32F7xx_HAL_Driver/Src/stm32f7xx_hal_tim.o
                0x00000000080079e4                HAL_TIM_Base_Start_IT
 .text.HAL_TIM_IRQHandler
                0x0000000008007a38      0x23e Drivers/STM32F7xx_HAL_Driver/Src/stm32f7xx_hal_tim.o
                0x0000000008007a38                HAL_TIM_IRQHandler
 *fill*         0x0000000008007c76        0x2 
 .text.HAL_TIM_ConfigClockSource
                0x0000000008007c78      0x174 Drivers/STM32F7xx_HAL_Driver/Src/stm32f7xx_hal_tim.o
                0x0000000008007c78                HAL_TIM_ConfigClockSource
 .text.HAL_TIM_OC_DelayElapsedCallback
                0x0000000008007dec       0x14 Drivers/STM32F7xx_HAL_Driver/Src/stm32f7xx_hal_tim.o
                0x0000000008007dec                HAL_TIM_OC_DelayElapsedCallback
 .text.HAL_TIM_IC_CaptureCallback
                0x0000000008007e00       0x14 Drivers/STM32F7xx_HAL_Driver/Src/stm32f7xx_hal_tim.o
                0x0000000008007e00                HAL_TIM_IC_CaptureCallback
 .text.HAL_TIM_PWM_PulseFinishedCallback
                0x0000000008007e14       0x14 Drivers/STM32F7xx_HAL_Driver/Src/stm32f7xx_hal_tim.o
                0x0000000008007e14                HAL_TIM_PWM_PulseFinishedCallback
 .text.HAL_TIM_TriggerCallback
                0x0000000008007e28       0x14 Drivers/STM32F7xx_HAL_Driver/Src/stm32f7xx_hal_tim.o
                0x0000000008007e28                HAL_TIM_TriggerCallback
 .text.TIM_Base_SetConfig
                0x0000000008007e3c      0x140 Drivers/STM32F7xx_HAL_Driver/Src/stm32f7xx_hal_tim.o
                0x0000000008007e3c                TIM_Base_SetConfig
 .text.TIM_TI1_ConfigInputStage
                0x0000000008007f7c       0x5e Drivers/STM32F7xx_HAL_Driver/Src/stm32f7xx_hal_tim.o
 .text.TIM_TI2_ConfigInputStage
                0x0000000008007fda       0x60 Drivers/STM32F7xx_HAL_Driver/Src/stm32f7xx_hal_tim.o
 .text.TIM_ITRx_SetConfig
                0x000000000800803a       0x36 Drivers/STM32F7xx_HAL_Driver/Src/stm32f7xx_hal_tim.o
 .text.TIM_ETR_SetConfig
                0x0000000008008070       0x40 Drivers/STM32F7xx_HAL_Driver/Src/stm32f7xx_hal_tim.o
                0x0000000008008070                TIM_ETR_SetConfig
 .text.HAL_TIMEx_MasterConfigSynchronization
                0x00000000080080b0      0x11c Drivers/STM32F7xx_HAL_Driver/Src/stm32f7xx_hal_tim_ex.o
                0x00000000080080b0                HAL_TIMEx_MasterConfigSynchronization
 .text.HAL_TIMEx_CommutCallback
                0x00000000080081cc       0x14 Drivers/STM32F7xx_HAL_Driver/Src/stm32f7xx_hal_tim_ex.o
                0x00000000080081cc                HAL_TIMEx_CommutCallback
 .text.HAL_TIMEx_BreakCallback
                0x00000000080081e0       0x14 Drivers/STM32F7xx_HAL_Driver/Src/stm32f7xx_hal_tim_ex.o
                0x00000000080081e0                HAL_TIMEx_BreakCallback
 .text.HAL_TIMEx_Break2Callback
                0x00000000080081f4       0x14 Drivers/STM32F7xx_HAL_Driver/Src/stm32f7xx_hal_tim_ex.o
                0x00000000080081f4                HAL_TIMEx_Break2Callback
 .text.HAL_UART_Init
                0x0000000008008208       0x9c Drivers/STM32F7xx_HAL_Driver/Src/stm32f7xx_hal_uart.o
                0x0000000008008208                HAL_UART_Init
 .text.UART_SetConfig
                0x00000000080082a4      0x554 Drivers/STM32F7xx_HAL_Driver/Src/stm32f7xx_hal_uart.o
                0x00000000080082a4                UART_SetConfig
 .text.UART_AdvFeatureConfig
                0x00000000080087f8      0x144 Drivers/STM32F7xx_HAL_Driver/Src/stm32f7xx_hal_uart.o
                0x00000000080087f8                UART_AdvFeatureConfig
 .text.UART_CheckIdleState
                0x000000000800893c       0x5e Drivers/STM32F7xx_HAL_Driver/Src/stm32f7xx_hal_uart.o
                0x000000000800893c                UART_CheckIdleState
 .text.UART_WaitOnFlagUntilTimeout
                0x000000000800899a       0xf6 Drivers/STM32F7xx_HAL_Driver/Src/stm32f7xx_hal_uart.o
                0x000000000800899a                UART_WaitOnFlagUntilTimeout
 .text.FMC_SDRAM_Init
                0x0000000008008a90       0xe4 Drivers/STM32F7xx_HAL_Driver/Src/stm32f7xx_ll_fmc.o
                0x0000000008008a90                FMC_SDRAM_Init
 .text.FMC_SDRAM_Timing_Init
                0x0000000008008b74      0x100 Drivers/STM32F7xx_HAL_Driver/Src/stm32f7xx_ll_fmc.o
                0x0000000008008b74                FMC_SDRAM_Timing_Init
 .text.FMC_SDRAM_SendCommand
                0x0000000008008c74       0x42 Drivers/STM32F7xx_HAL_Driver/Src/stm32f7xx_ll_fmc.o
                0x0000000008008c74                FMC_SDRAM_SendCommand
 .text.FMC_SDRAM_ProgramRefreshRate
                0x0000000008008cb6       0x26 Drivers/STM32F7xx_HAL_Driver/Src/stm32f7xx_ll_fmc.o
                0x0000000008008cb6                FMC_SDRAM_ProgramRefreshRate
 .text.__libc_init_array
                0x0000000008008cdc       0x48 c:/st/stm32cubeide_1.4.0/stm32cubeide/plugins/com.st.stm32cube.ide.mcu.externaltools.gnu-tools-for-stm32.7-2018-q2-update.win32_1.5.0.202011040924/tools/bin/../lib/gcc/arm-none-eabi/7.3.1/../../../../arm-none-eabi/lib/thumb/v7e-m/fpv4-sp/hard\libc_nano.a(lib_a-init.o)
                0x0000000008008cdc                __libc_init_array
 .text.memset   0x0000000008008d24       0x10 c:/st/stm32cubeide_1.4.0/stm32cubeide/plugins/com.st.stm32cube.ide.mcu.externaltools.gnu-tools-for-stm32.7-2018-q2-update.win32_1.5.0.202011040924/tools/bin/../lib/gcc/arm-none-eabi/7.3.1/../../../../arm-none-eabi/lib/thumb/v7e-m/fpv4-sp/hard\libc_nano.a(lib_a-memset.o)
                0x0000000008008d24                memset
 *(.glue_7)
 .glue_7        0x0000000008008d34        0x0 linker stubs
 *(.glue_7t)
 .glue_7t       0x0000000008008d34        0x0 linker stubs
 *(.eh_frame)
 .eh_frame      0x0000000008008d34        0x0 c:/st/stm32cubeide_1.4.0/stm32cubeide/plugins/com.st.stm32cube.ide.mcu.externaltools.gnu-tools-for-stm32.7-2018-q2-update.win32_1.5.0.202011040924/tools/bin/../lib/gcc/arm-none-eabi/7.3.1/thumb/v7e-m/fpv4-sp/hard/crtbegin.o
 *(.init)
 .init          0x0000000008008d34        0x4 c:/st/stm32cubeide_1.4.0/stm32cubeide/plugins/com.st.stm32cube.ide.mcu.externaltools.gnu-tools-for-stm32.7-2018-q2-update.win32_1.5.0.202011040924/tools/bin/../lib/gcc/arm-none-eabi/7.3.1/thumb/v7e-m/fpv4-sp/hard/crti.o
                0x0000000008008d34                _init
 .init          0x0000000008008d38        0x8 c:/st/stm32cubeide_1.4.0/stm32cubeide/plugins/com.st.stm32cube.ide.mcu.externaltools.gnu-tools-for-stm32.7-2018-q2-update.win32_1.5.0.202011040924/tools/bin/../lib/gcc/arm-none-eabi/7.3.1/thumb/v7e-m/fpv4-sp/hard/crtn.o
 *(.fini)
 .fini          0x0000000008008d40        0x4 c:/st/stm32cubeide_1.4.0/stm32cubeide/plugins/com.st.stm32cube.ide.mcu.externaltools.gnu-tools-for-stm32.7-2018-q2-update.win32_1.5.0.202011040924/tools/bin/../lib/gcc/arm-none-eabi/7.3.1/thumb/v7e-m/fpv4-sp/hard/crti.o
                0x0000000008008d40                _fini
 .fini          0x0000000008008d44        0x8 c:/st/stm32cubeide_1.4.0/stm32cubeide/plugins/com.st.stm32cube.ide.mcu.externaltools.gnu-tools-for-stm32.7-2018-q2-update.win32_1.5.0.202011040924/tools/bin/../lib/gcc/arm-none-eabi/7.3.1/thumb/v7e-m/fpv4-sp/hard/crtn.o
                0x0000000008008d4c                . = ALIGN (0x4)
                0x0000000008008d4c                _etext = .

.vfp11_veneer   0x0000000008008d4c        0x0
 .vfp11_veneer  0x0000000008008d4c        0x0 linker stubs

.v4_bx          0x0000000008008d4c        0x0
 .v4_bx         0x0000000008008d4c        0x0 linker stubs

.iplt           0x0000000008008d4c        0x0
 .iplt          0x0000000008008d4c        0x0 c:/st/stm32cubeide_1.4.0/stm32cubeide/plugins/com.st.stm32cube.ide.mcu.externaltools.gnu-tools-for-stm32.7-2018-q2-update.win32_1.5.0.202011040924/tools/bin/../lib/gcc/arm-none-eabi/7.3.1/thumb/v7e-m/fpv4-sp/hard/crtbegin.o

.rodata         0x0000000008008d4c     0x1e58
                0x0000000008008d4c                . = ALIGN (0x4)
 *(.rodata)
 *(.rodata*)
 .rodata.Font24_Table
                0x0000000008008d4c     0x1ab8 Core/Src/font24.o
                0x0000000008008d4c                Font24_Table
 .rodata.OV9655_VGA
                0x000000000800a804      0x126 Core/Src/ov9655.o
                0x000000000800a804                OV9655_VGA
 *fill*         0x000000000800a92a        0x2 
 .rodata.OV9655_QVGA
                0x000000000800a92c      0x12c Core/Src/ov9655.o
                0x000000000800a92c                OV9655_QVGA
 .rodata.OV9655_QQVGA
                0x000000000800aa58      0x12c Core/Src/ov9655.o
                0x000000000800aa58                OV9655_QQVGA
 .rodata.AHBPrescTable
                0x000000000800ab84       0x10 Core/Src/system_stm32f7xx.o
                0x000000000800ab84                AHBPrescTable
 .rodata.APBPrescTable
                0x000000000800ab94        0x8 Core/Src/system_stm32f7xx.o
                0x000000000800ab94                APBPrescTable
 .rodata.flagBitshiftOffset.9391
                0x000000000800ab9c        0x8 Drivers/STM32F7xx_HAL_Driver/Src/stm32f7xx_hal_dma.o
                0x000000000800aba4                . = ALIGN (0x4)

.ARM.extab      0x000000000800aba4        0x0
                0x000000000800aba4                . = ALIGN (0x4)
 *(.ARM.extab* .gnu.linkonce.armextab.*)
                0x000000000800aba4                . = ALIGN (0x4)

.ARM            0x000000000800aba4        0x8
                0x000000000800aba4                . = ALIGN (0x4)
                0x000000000800aba4                __exidx_start = .
 *(.ARM.exidx*)
 .ARM.exidx     0x000000000800aba4        0x8 c:/st/stm32cubeide_1.4.0/stm32cubeide/plugins/com.st.stm32cube.ide.mcu.externaltools.gnu-tools-for-stm32.7-2018-q2-update.win32_1.5.0.202011040924/tools/bin/../lib/gcc/arm-none-eabi/7.3.1/thumb/v7e-m/fpv4-sp/hard\libgcc.a(_udivmoddi4.o)
                0x000000000800abac                __exidx_end = .
                0x000000000800abac                . = ALIGN (0x4)

.rel.dyn        0x000000000800abac        0x0
 .rel.iplt      0x000000000800abac        0x0 c:/st/stm32cubeide_1.4.0/stm32cubeide/plugins/com.st.stm32cube.ide.mcu.externaltools.gnu-tools-for-stm32.7-2018-q2-update.win32_1.5.0.202011040924/tools/bin/../lib/gcc/arm-none-eabi/7.3.1/thumb/v7e-m/fpv4-sp/hard/crtbegin.o

.preinit_array  0x000000000800abac        0x0
                0x000000000800abac                . = ALIGN (0x4)
                0x000000000800abac                PROVIDE (__preinit_array_start = .)
 *(.preinit_array*)
                0x000000000800abac                PROVIDE (__preinit_array_end = .)
                0x000000000800abac                . = ALIGN (0x4)

.init_array     0x000000000800abac        0x4
                0x000000000800abac                . = ALIGN (0x4)
                0x000000000800abac                PROVIDE (__init_array_start = .)
 *(SORT_BY_NAME(.init_array.*))
 *(.init_array*)
 .init_array    0x000000000800abac        0x4 c:/st/stm32cubeide_1.4.0/stm32cubeide/plugins/com.st.stm32cube.ide.mcu.externaltools.gnu-tools-for-stm32.7-2018-q2-update.win32_1.5.0.202011040924/tools/bin/../lib/gcc/arm-none-eabi/7.3.1/thumb/v7e-m/fpv4-sp/hard/crtbegin.o
                0x000000000800abb0                PROVIDE (__init_array_end = .)
                0x000000000800abb0                . = ALIGN (0x4)

.fini_array     0x000000000800abb0        0x4
                0x000000000800abb0                . = ALIGN (0x4)
                [!provide]                        PROVIDE (__fini_array_start = .)
 *(SORT_BY_NAME(.fini_array.*))
 *(.fini_array*)
 .fini_array    0x000000000800abb0        0x4 c:/st/stm32cubeide_1.4.0/stm32cubeide/plugins/com.st.stm32cube.ide.mcu.externaltools.gnu-tools-for-stm32.7-2018-q2-update.win32_1.5.0.202011040924/tools/bin/../lib/gcc/arm-none-eabi/7.3.1/thumb/v7e-m/fpv4-sp/hard/crtbegin.o
                [!provide]                        PROVIDE (__fini_array_end = .)
                0x000000000800abb4                . = ALIGN (0x4)
                0x000000000800abb4                _sidata = LOADADDR (.data)

.data           0x0000000020000000       0x2c load address 0x000000000800abb4
                0x0000000020000000                . = ALIGN (0x4)
                0x0000000020000000                _sdata = .
 *(.data)
 *(.data*)
 .data.Font24   0x0000000020000000        0x8 Core/Src/font24.o
                0x0000000020000000                Font24
 .data.freq     0x0000000020000008        0x4 Core/Src/main.o
                0x0000000020000008                freq
 .data.old_freq
                0x000000002000000c        0x4 Core/Src/main.o
                0x000000002000000c                old_freq
 .data.ov9655_drv
                0x0000000020000010        0xc Core/Src/ov9655.o
                0x0000000020000010                ov9655_drv
 .data.sdramstatus.9307
                0x000000002000001c        0x1 Core/Src/stm32746g_discovery_sdram.o
 *fill*         0x000000002000001d        0x3 
 .data.SystemCoreClock
                0x0000000020000020        0x4 Core/Src/system_stm32f7xx.o
                0x0000000020000020                SystemCoreClock
 .data.uwTickPrio
                0x0000000020000024        0x4 Drivers/STM32F7xx_HAL_Driver/Src/stm32f7xx_hal.o
                0x0000000020000024                uwTickPrio
 .data.uwTickFreq
                0x0000000020000028        0x1 Drivers/STM32F7xx_HAL_Driver/Src/stm32f7xx_hal.o
                0x0000000020000028                uwTickFreq
                0x000000002000002c                . = ALIGN (0x4)
 *fill*         0x0000000020000029        0x3 
                0x000000002000002c                _edata = .

.igot.plt       0x000000002000002c        0x0 load address 0x000000000800abe0
 .igot.plt      0x000000002000002c        0x0 c:/st/stm32cubeide_1.4.0/stm32cubeide/plugins/com.st.stm32cube.ide.mcu.externaltools.gnu-tools-for-stm32.7-2018-q2-update.win32_1.5.0.202011040924/tools/bin/../lib/gcc/arm-none-eabi/7.3.1/thumb/v7e-m/fpv4-sp/hard/crtbegin.o
                0x000000002000002c                . = ALIGN (0x4)

.bss            0x000000002000002c    0x25dac load address 0x000000000800abe0
                0x000000002000002c                _sbss = .
                0x000000002000002c                __bss_start__ = _sbss
 *(.bss)
 .bss           0x000000002000002c       0x1c c:/st/stm32cubeide_1.4.0/stm32cubeide/plugins/com.st.stm32cube.ide.mcu.externaltools.gnu-tools-for-stm32.7-2018-q2-update.win32_1.5.0.202011040924/tools/bin/../lib/gcc/arm-none-eabi/7.3.1/thumb/v7e-m/fpv4-sp/hard/crtbegin.o
 *(.bss*)
 .bss.position  0x0000000020000048        0x4 Core/Src/main.o
                0x0000000020000048                position
 .bss.DrawProp  0x000000002000004c       0x18 Core/Src/main.o
 .bss.periph_clk_init_struct
                0x0000000020000064       0x84 Core/Src/main.o
 .bss.CameraHwAddress
                0x00000000200000e8        0x4 Core/Src/main.o
 .bss.Im_size   0x00000000200000ec        0x4 Core/Src/main.o
                0x00000000200000ec                Im_size
 .bss.hI2cAudioHandler
                0x00000000200000f0       0x4c Core/Src/stm32746g_discovery.o
 .bss.hI2cExtHandler
                0x000000002000013c       0x4c Core/Src/stm32746g_discovery.o
 .bss.Timing    0x0000000020000188       0x1c Core/Src/stm32746g_discovery_sdram.o
 .bss.Command   0x00000000200001a4       0x10 Core/Src/stm32746g_discovery_sdram.o
 .bss.dma_handle.9343
                0x00000000200001b4       0x60 Core/Src/stm32746g_discovery_sdram.o
 .bss.FMC_Initialized
                0x0000000020000214        0x4 Core/Src/stm32f7xx_hal_msp.o
 *(COMMON)
 COMMON         0x0000000020000218    0x25b88 Core/Src/main.o
                0x0000000020000218                camera_driv
                0x000000002000021c                hdma_dcmi
                0x000000002000027c                layer_cfg
                0x00000000200002b0                absposition
                0x00000000200002b4                htim3
                0x00000000200002f4                hltdc
                0x000000002000039c                hdcmi
                0x00000000200003ec                huart1
                0x000000002000046c                htim6
                0x00000000200004ac                photo_buffer_32
                0x0000000020025cac                hdma2d
                0x0000000020025cec                htim2
                0x0000000020025d2c                hsdram1
                0x0000000020025d60                htim7
 COMMON         0x0000000020025da0       0x34 Core/Src/stm32746g_discovery_sdram.o
                0x0000000020025da0                sdramHandle
 COMMON         0x0000000020025dd4        0x4 Drivers/STM32F7xx_HAL_Driver/Src/stm32f7xx_hal.o
                0x0000000020025dd4                uwTick
                0x0000000020025dd8                . = ALIGN (0x4)
                0x0000000020025dd8                _ebss = .
                0x0000000020025dd8                __bss_end__ = _ebss

._user_heap_stack
                0x0000000020025dd8      0x600 load address 0x000000000800abe0
                0x0000000020025dd8                . = ALIGN (0x8)
                [!provide]                        PROVIDE (end = .)
                0x0000000020025dd8                PROVIDE (_end = .)
                0x0000000020025fd8                . = (. + _Min_Heap_Size)
 *fill*         0x0000000020025dd8      0x200 
                0x00000000200263d8                . = (. + _Min_Stack_Size)
 *fill*         0x0000000020025fd8      0x400 
                0x00000000200263d8                . = ALIGN (0x8)

/DISCARD/
 libc.a(*)
 libm.a(*)
 libgcc.a(*)

.ARM.attributes
                0x0000000000000000       0x30
 *(.ARM.attributes)
 .ARM.attributes
                0x0000000000000000       0x22 c:/st/stm32cubeide_1.4.0/stm32cubeide/plugins/com.st.stm32cube.ide.mcu.externaltools.gnu-tools-for-stm32.7-2018-q2-update.win32_1.5.0.202011040924/tools/bin/../lib/gcc/arm-none-eabi/7.3.1/thumb/v7e-m/fpv4-sp/hard/crti.o
 .ARM.attributes
                0x0000000000000022       0x34 c:/st/stm32cubeide_1.4.0/stm32cubeide/plugins/com.st.stm32cube.ide.mcu.externaltools.gnu-tools-for-stm32.7-2018-q2-update.win32_1.5.0.202011040924/tools/bin/../lib/gcc/arm-none-eabi/7.3.1/thumb/v7e-m/fpv4-sp/hard/crtbegin.o
 .ARM.attributes
                0x0000000000000056       0x39 Core/Src/font24.o
 .ARM.attributes
                0x000000000000008f       0x39 Core/Src/image_analysis.o
 .ARM.attributes
                0x00000000000000c8       0x39 Core/Src/main.o
 .ARM.attributes
                0x0000000000000101       0x39 Core/Src/ov9655.o
 .ARM.attributes
                0x000000000000013a       0x39 Core/Src/stm32746g_discovery.o
 .ARM.attributes
                0x0000000000000173       0x39 Core/Src/stm32746g_discovery_sdram.o
 .ARM.attributes
                0x00000000000001ac       0x39 Core/Src/stm32f7xx_hal_msp.o
 .ARM.attributes
                0x00000000000001e5       0x39 Core/Src/stm32f7xx_it.o
 .ARM.attributes
                0x000000000000021e       0x39 Core/Src/system_stm32f7xx.o
 .ARM.attributes
                0x0000000000000257       0x21 Core/Startup/startup_stm32f746nghx.o
 .ARM.attributes
                0x0000000000000278       0x39 Drivers/STM32F7xx_HAL_Driver/Src/stm32f7xx_hal.o
 .ARM.attributes
                0x00000000000002b1       0x39 Drivers/STM32F7xx_HAL_Driver/Src/stm32f7xx_hal_cortex.o
 .ARM.attributes
                0x00000000000002ea       0x39 Drivers/STM32F7xx_HAL_Driver/Src/stm32f7xx_hal_dcmi.o
 .ARM.attributes
                0x0000000000000323       0x39 Drivers/STM32F7xx_HAL_Driver/Src/stm32f7xx_hal_dma.o
 .ARM.attributes
                0x000000000000035c       0x39 Drivers/STM32F7xx_HAL_Driver/Src/stm32f7xx_hal_dma2d.o
 .ARM.attributes
                0x0000000000000395       0x39 Drivers/STM32F7xx_HAL_Driver/Src/stm32f7xx_hal_dma_ex.o
 .ARM.attributes
                0x00000000000003ce       0x39 Drivers/STM32F7xx_HAL_Driver/Src/stm32f7xx_hal_gpio.o
 .ARM.attributes
                0x0000000000000407       0x39 Drivers/STM32F7xx_HAL_Driver/Src/stm32f7xx_hal_i2c.o
 .ARM.attributes
                0x0000000000000440       0x39 Drivers/STM32F7xx_HAL_Driver/Src/stm32f7xx_hal_ltdc.o
 .ARM.attributes
                0x0000000000000479       0x39 Drivers/STM32F7xx_HAL_Driver/Src/stm32f7xx_hal_pwr_ex.o
 .ARM.attributes
                0x00000000000004b2       0x39 Drivers/STM32F7xx_HAL_Driver/Src/stm32f7xx_hal_rcc.o
 .ARM.attributes
                0x00000000000004eb       0x39 Drivers/STM32F7xx_HAL_Driver/Src/stm32f7xx_hal_rcc_ex.o
 .ARM.attributes
                0x0000000000000524       0x39 Drivers/STM32F7xx_HAL_Driver/Src/stm32f7xx_hal_sdram.o
 .ARM.attributes
                0x000000000000055d       0x39 Drivers/STM32F7xx_HAL_Driver/Src/stm32f7xx_hal_tim.o
 .ARM.attributes
                0x0000000000000596       0x39 Drivers/STM32F7xx_HAL_Driver/Src/stm32f7xx_hal_tim_ex.o
 .ARM.attributes
                0x00000000000005cf       0x39 Drivers/STM32F7xx_HAL_Driver/Src/stm32f7xx_hal_uart.o
 .ARM.attributes
                0x0000000000000608       0x39 Drivers/STM32F7xx_HAL_Driver/Src/stm32f7xx_ll_fmc.o
 .ARM.attributes
                0x0000000000000641       0x34 c:/st/stm32cubeide_1.4.0/stm32cubeide/plugins/com.st.stm32cube.ide.mcu.externaltools.gnu-tools-for-stm32.7-2018-q2-update.win32_1.5.0.202011040924/tools/bin/../lib/gcc/arm-none-eabi/7.3.1/../../../../arm-none-eabi/lib/thumb/v7e-m/fpv4-sp/hard\libc_nano.a(lib_a-init.o)
 .ARM.attributes
                0x0000000000000675       0x34 c:/st/stm32cubeide_1.4.0/stm32cubeide/plugins/com.st.stm32cube.ide.mcu.externaltools.gnu-tools-for-stm32.7-2018-q2-update.win32_1.5.0.202011040924/tools/bin/../lib/gcc/arm-none-eabi/7.3.1/../../../../arm-none-eabi/lib/thumb/v7e-m/fpv4-sp/hard\libc_nano.a(lib_a-memset.o)
 .ARM.attributes
                0x00000000000006a9       0x22 c:/st/stm32cubeide_1.4.0/stm32cubeide/plugins/com.st.stm32cube.ide.mcu.externaltools.gnu-tools-for-stm32.7-2018-q2-update.win32_1.5.0.202011040924/tools/bin/../lib/gcc/arm-none-eabi/7.3.1/thumb/v7e-m/fpv4-sp/hard\libgcc.a(_aeabi_uldivmod.o)
 .ARM.attributes
                0x00000000000006cb       0x34 c:/st/stm32cubeide_1.4.0/stm32cubeide/plugins/com.st.stm32cube.ide.mcu.externaltools.gnu-tools-for-stm32.7-2018-q2-update.win32_1.5.0.202011040924/tools/bin/../lib/gcc/arm-none-eabi/7.3.1/thumb/v7e-m/fpv4-sp/hard\libgcc.a(_udivmoddi4.o)
 .ARM.attributes
                0x00000000000006ff       0x22 c:/st/stm32cubeide_1.4.0/stm32cubeide/plugins/com.st.stm32cube.ide.mcu.externaltools.gnu-tools-for-stm32.7-2018-q2-update.win32_1.5.0.202011040924/tools/bin/../lib/gcc/arm-none-eabi/7.3.1/thumb/v7e-m/fpv4-sp/hard\libgcc.a(_dvmd_tls.o)
 .ARM.attributes
                0x0000000000000721       0x22 c:/st/stm32cubeide_1.4.0/stm32cubeide/plugins/com.st.stm32cube.ide.mcu.externaltools.gnu-tools-for-stm32.7-2018-q2-update.win32_1.5.0.202011040924/tools/bin/../lib/gcc/arm-none-eabi/7.3.1/thumb/v7e-m/fpv4-sp/hard/crtn.o
OUTPUT(CameraTutoF7.elf elf32-littlearm)

.debug_info     0x0000000000000000    0x1838d
 .debug_info    0x0000000000000000      0x147 Core/Src/font24.o
 .debug_info    0x0000000000000147      0x2f9 Core/Src/image_analysis.o
 .debug_info    0x0000000000000440     0x25fc Core/Src/main.o
 .debug_info    0x0000000000002a3c      0x385 Core/Src/ov9655.o
 .debug_info    0x0000000000002dc1     0x19bb Core/Src/stm32746g_discovery.o
 .debug_info    0x000000000000477c      0xf1e Core/Src/stm32746g_discovery_sdram.o
 .debug_info    0x000000000000569a     0x1db4 Core/Src/stm32f7xx_hal_msp.o
 .debug_info    0x000000000000744e      0x9b8 Core/Src/stm32f7xx_it.o
 .debug_info    0x0000000000007e06      0x73d Core/Src/system_stm32f7xx.o
 .debug_info    0x0000000000008543       0x22 Core/Startup/startup_stm32f746nghx.o
 .debug_info    0x0000000000008565      0x9d3 Drivers/STM32F7xx_HAL_Driver/Src/stm32f7xx_hal.o
 .debug_info    0x0000000000008f38     0x104a Drivers/STM32F7xx_HAL_Driver/Src/stm32f7xx_hal_cortex.o
 .debug_info    0x0000000000009f82      0xb04 Drivers/STM32F7xx_HAL_Driver/Src/stm32f7xx_hal_dcmi.o
 .debug_info    0x000000000000aa86      0x968 Drivers/STM32F7xx_HAL_Driver/Src/stm32f7xx_hal_dma.o
 .debug_info    0x000000000000b3ee      0xee9 Drivers/STM32F7xx_HAL_Driver/Src/stm32f7xx_hal_dma2d.o
 .debug_info    0x000000000000c2d7      0x5d3 Drivers/STM32F7xx_HAL_Driver/Src/stm32f7xx_hal_dma_ex.o
 .debug_info    0x000000000000c8aa      0x7dc Drivers/STM32F7xx_HAL_Driver/Src/stm32f7xx_hal_gpio.o
 .debug_info    0x000000000000d086     0x1fb9 Drivers/STM32F7xx_HAL_Driver/Src/stm32f7xx_hal_i2c.o
 .debug_info    0x000000000000f03f     0x1104 Drivers/STM32F7xx_HAL_Driver/Src/stm32f7xx_hal_ltdc.o
 .debug_info    0x0000000000010143      0x96b Drivers/STM32F7xx_HAL_Driver/Src/stm32f7xx_hal_pwr_ex.o
 .debug_info    0x0000000000010aae      0x935 Drivers/STM32F7xx_HAL_Driver/Src/stm32f7xx_hal_rcc.o
 .debug_info    0x00000000000113e3      0x7ad Drivers/STM32F7xx_HAL_Driver/Src/stm32f7xx_hal_rcc_ex.o
 .debug_info    0x0000000000011b90      0xca1 Drivers/STM32F7xx_HAL_Driver/Src/stm32f7xx_hal_sdram.o
 .debug_info    0x0000000000012831     0x25a2 Drivers/STM32F7xx_HAL_Driver/Src/stm32f7xx_hal_tim.o
 .debug_info    0x0000000000014dd3     0x121c Drivers/STM32F7xx_HAL_Driver/Src/stm32f7xx_hal_tim_ex.o
 .debug_info    0x0000000000015fef     0x16d1 Drivers/STM32F7xx_HAL_Driver/Src/stm32f7xx_hal_uart.o
 .debug_info    0x00000000000176c0      0xccd Drivers/STM32F7xx_HAL_Driver/Src/stm32f7xx_ll_fmc.o

.debug_abbrev   0x0000000000000000     0x3138
 .debug_abbrev  0x0000000000000000       0xa5 Core/Src/font24.o
 .debug_abbrev  0x00000000000000a5       0xfe Core/Src/image_analysis.o
 .debug_abbrev  0x00000000000001a3      0x29d Core/Src/main.o
 .debug_abbrev  0x0000000000000440      0x168 Core/Src/ov9655.o
 .debug_abbrev  0x00000000000005a8      0x287 Core/Src/stm32746g_discovery.o
 .debug_abbrev  0x000000000000082f      0x218 Core/Src/stm32746g_discovery_sdram.o
 .debug_abbrev  0x0000000000000a47      0x25c Core/Src/stm32f7xx_hal_msp.o
 .debug_abbrev  0x0000000000000ca3      0x15a Core/Src/stm32f7xx_it.o
 .debug_abbrev  0x0000000000000dfd      0x147 Core/Src/system_stm32f7xx.o
 .debug_abbrev  0x0000000000000f44       0x12 Core/Startup/startup_stm32f746nghx.o
 .debug_abbrev  0x0000000000000f56      0x1c7 Drivers/STM32F7xx_HAL_Driver/Src/stm32f7xx_hal.o
 .debug_abbrev  0x000000000000111d      0x2fa Drivers/STM32F7xx_HAL_Driver/Src/stm32f7xx_hal_cortex.o
 .debug_abbrev  0x0000000000001417      0x202 Drivers/STM32F7xx_HAL_Driver/Src/stm32f7xx_hal_dcmi.o
 .debug_abbrev  0x0000000000001619      0x229 Drivers/STM32F7xx_HAL_Driver/Src/stm32f7xx_hal_dma.o
 .debug_abbrev  0x0000000000001842      0x211 Drivers/STM32F7xx_HAL_Driver/Src/stm32f7xx_hal_dma2d.o
 .debug_abbrev  0x0000000000001a53      0x1b0 Drivers/STM32F7xx_HAL_Driver/Src/stm32f7xx_hal_dma_ex.o
 .debug_abbrev  0x0000000000001c03      0x1c9 Drivers/STM32F7xx_HAL_Driver/Src/stm32f7xx_hal_gpio.o
 .debug_abbrev  0x0000000000001dcc      0x22a Drivers/STM32F7xx_HAL_Driver/Src/stm32f7xx_hal_i2c.o
 .debug_abbrev  0x0000000000001ff6      0x209 Drivers/STM32F7xx_HAL_Driver/Src/stm32f7xx_hal_ltdc.o
 .debug_abbrev  0x00000000000021ff      0x1b8 Drivers/STM32F7xx_HAL_Driver/Src/stm32f7xx_hal_pwr_ex.o
 .debug_abbrev  0x00000000000023b7      0x21a Drivers/STM32F7xx_HAL_Driver/Src/stm32f7xx_hal_rcc.o
 .debug_abbrev  0x00000000000025d1      0x1ad Drivers/STM32F7xx_HAL_Driver/Src/stm32f7xx_hal_rcc_ex.o
 .debug_abbrev  0x000000000000277e      0x1f7 Drivers/STM32F7xx_HAL_Driver/Src/stm32f7xx_hal_sdram.o
 .debug_abbrev  0x0000000000002975      0x230 Drivers/STM32F7xx_HAL_Driver/Src/stm32f7xx_hal_tim.o
 .debug_abbrev  0x0000000000002ba5      0x21e Drivers/STM32F7xx_HAL_Driver/Src/stm32f7xx_hal_tim_ex.o
 .debug_abbrev  0x0000000000002dc3      0x205 Drivers/STM32F7xx_HAL_Driver/Src/stm32f7xx_hal_uart.o
 .debug_abbrev  0x0000000000002fc8      0x170 Drivers/STM32F7xx_HAL_Driver/Src/stm32f7xx_ll_fmc.o

.debug_aranges  0x0000000000000000     0x1700
 .debug_aranges
                0x0000000000000000       0x18 Core/Src/font24.o
 .debug_aranges
                0x0000000000000018       0x30 Core/Src/image_analysis.o
 .debug_aranges
                0x0000000000000048       0xa0 Core/Src/main.o
 .debug_aranges
                0x00000000000000e8       0x38 Core/Src/ov9655.o
 .debug_aranges
                0x0000000000000120      0x128 Core/Src/stm32746g_discovery.o
 .debug_aranges
                0x0000000000000248       0x68 Core/Src/stm32746g_discovery_sdram.o
 .debug_aranges
                0x00000000000002b0       0x90 Core/Src/stm32f7xx_hal_msp.o
 .debug_aranges
                0x0000000000000340       0x78 Core/Src/stm32f7xx_it.o
 .debug_aranges
                0x00000000000003b8       0x28 Core/Src/system_stm32f7xx.o
 .debug_aranges
                0x00000000000003e0       0x28 Core/Startup/startup_stm32f746nghx.o
 .debug_aranges
                0x0000000000000408      0x100 Drivers/STM32F7xx_HAL_Driver/Src/stm32f7xx_hal.o
 .debug_aranges
                0x0000000000000508      0x118 Drivers/STM32F7xx_HAL_Driver/Src/stm32f7xx_hal_cortex.o
 .debug_aranges
                0x0000000000000620       0xc0 Drivers/STM32F7xx_HAL_Driver/Src/stm32f7xx_hal_dcmi.o
 .debug_aranges
                0x00000000000006e0       0x90 Drivers/STM32F7xx_HAL_Driver/Src/stm32f7xx_hal_dma.o
 .debug_aranges
                0x0000000000000770      0x108 Drivers/STM32F7xx_HAL_Driver/Src/stm32f7xx_hal_dma2d.o
 .debug_aranges
                0x0000000000000878       0x38 Drivers/STM32F7xx_HAL_Driver/Src/stm32f7xx_hal_dma_ex.o
 .debug_aranges
                0x00000000000008b0       0x58 Drivers/STM32F7xx_HAL_Driver/Src/stm32f7xx_hal_gpio.o
 .debug_aranges
                0x0000000000000908      0x288 Drivers/STM32F7xx_HAL_Driver/Src/stm32f7xx_hal_i2c.o
 .debug_aranges
                0x0000000000000b90      0x158 Drivers/STM32F7xx_HAL_Driver/Src/stm32f7xx_hal_ltdc.o
 .debug_aranges
                0x0000000000000ce8       0x80 Drivers/STM32F7xx_HAL_Driver/Src/stm32f7xx_hal_pwr_ex.o
 .debug_aranges
                0x0000000000000d68       0x88 Drivers/STM32F7xx_HAL_Driver/Src/stm32f7xx_hal_rcc.o
 .debug_aranges
                0x0000000000000df0       0x50 Drivers/STM32F7xx_HAL_Driver/Src/stm32f7xx_hal_rcc_ex.o
 .debug_aranges
                0x0000000000000e40       0xd0 Drivers/STM32F7xx_HAL_Driver/Src/stm32f7xx_hal_sdram.o
 .debug_aranges
                0x0000000000000f10      0x3b8 Drivers/STM32F7xx_HAL_Driver/Src/stm32f7xx_hal_tim.o
 .debug_aranges
                0x00000000000012c8      0x160 Drivers/STM32F7xx_HAL_Driver/Src/stm32f7xx_hal_tim_ex.o
 .debug_aranges
                0x0000000000001428      0x210 Drivers/STM32F7xx_HAL_Driver/Src/stm32f7xx_hal_uart.o
 .debug_aranges
                0x0000000000001638       0xc8 Drivers/STM32F7xx_HAL_Driver/Src/stm32f7xx_ll_fmc.o

.debug_macro    0x0000000000000000    0x28701
 .debug_macro   0x0000000000000000       0x73 Core/Src/font24.o
 .debug_macro   0x0000000000000073      0xa5a Core/Src/font24.o
 .debug_macro   0x0000000000000acd       0x22 Core/Src/font24.o
 .debug_macro   0x0000000000000aef       0x8e Core/Src/font24.o
 .debug_macro   0x0000000000000b7d       0x51 Core/Src/font24.o
 .debug_macro   0x0000000000000bce       0xef Core/Src/font24.o
 .debug_macro   0x0000000000000cbd       0x6a Core/Src/font24.o
 .debug_macro   0x0000000000000d27      0x1df Core/Src/font24.o
 .debug_macro   0x0000000000000f06       0x63 Core/Src/image_analysis.o
 .debug_macro   0x0000000000000f69      0x29f Core/Src/main.o
 .debug_macro   0x0000000000001208      0x2ab Core/Src/main.o
 .debug_macro   0x00000000000014b3       0x2e Core/Src/main.o
 .debug_macro   0x00000000000014e1       0x3b Core/Src/main.o
 .debug_macro   0x000000000000151c       0x1c Core/Src/main.o
 .debug_macro   0x0000000000001538       0x22 Core/Src/main.o
 .debug_macro   0x000000000000155a       0xdf Core/Src/main.o
 .debug_macro   0x0000000000001639     0x12cd Core/Src/main.o
 .debug_macro   0x0000000000002906      0x11f Core/Src/main.o
 .debug_macro   0x0000000000002a25       0x19 Core/Src/main.o
 .debug_macro   0x0000000000002a3e    0x190f0 Core/Src/main.o
 .debug_macro   0x000000000001bb2e       0x43 Core/Src/main.o
 .debug_macro   0x000000000001bb71     0x36b4 Core/Src/main.o
 .debug_macro   0x000000000001f225      0x174 Core/Src/main.o
 .debug_macro   0x000000000001f399       0x61 Core/Src/main.o
 .debug_macro   0x000000000001f3fa     0x18ad Core/Src/main.o
 .debug_macro   0x0000000000020ca7      0x6c4 Core/Src/main.o
 .debug_macro   0x000000000002136b      0x185 Core/Src/main.o
 .debug_macro   0x00000000000214f0      0x117 Core/Src/main.o
 .debug_macro   0x0000000000021607      0x1fe Core/Src/main.o
 .debug_macro   0x0000000000021805       0x27 Core/Src/main.o
 .debug_macro   0x000000000002182c      0x24f Core/Src/main.o
 .debug_macro   0x0000000000021a7b       0x41 Core/Src/main.o
 .debug_macro   0x0000000000021abc       0x58 Core/Src/main.o
 .debug_macro   0x0000000000021b14      0x236 Core/Src/main.o
 .debug_macro   0x0000000000021d4a      0x20f Core/Src/main.o
 .debug_macro   0x0000000000021f59      0x22c Core/Src/main.o
 .debug_macro   0x0000000000022185      0x14f Core/Src/main.o
 .debug_macro   0x00000000000222d4      0x25b Core/Src/main.o
 .debug_macro   0x000000000002252f       0x12 Core/Src/main.o
 .debug_macro   0x0000000000022541      0x514 Core/Src/main.o
 .debug_macro   0x0000000000022a55      0x22c Core/Src/main.o
 .debug_macro   0x0000000000022c81       0x5a Core/Src/main.o
 .debug_macro   0x0000000000022cdb       0xa5 Core/Src/main.o
 .debug_macro   0x0000000000022d80      0x198 Core/Src/main.o
 .debug_macro   0x0000000000022f18       0xd6 Core/Src/main.o
 .debug_macro   0x0000000000022fee      0x12f Core/Src/main.o
 .debug_macro   0x000000000002311d      0x108 Core/Src/main.o
 .debug_macro   0x0000000000023225       0x35 Core/Src/main.o
 .debug_macro   0x000000000002325a      0xa2f Core/Src/main.o
 .debug_macro   0x0000000000023c89       0x59 Core/Src/main.o
 .debug_macro   0x0000000000023ce2      0x53c Core/Src/main.o
 .debug_macro   0x000000000002421e       0x44 Core/Src/main.o
 .debug_macro   0x0000000000024262      0x14e Core/Src/main.o
 .debug_macro   0x00000000000243b0      0x8a4 Core/Src/main.o
 .debug_macro   0x0000000000024c54      0x268 Core/Src/main.o
 .debug_macro   0x0000000000024ebc       0xa0 Core/Src/main.o
 .debug_macro   0x0000000000024f5c       0xa6 Core/Src/main.o
 .debug_macro   0x0000000000025002       0xca Core/Src/main.o
 .debug_macro   0x00000000000250cc       0x40 Core/Src/main.o
 .debug_macro   0x000000000002510c       0x10 Core/Src/main.o
 .debug_macro   0x000000000002511c       0x81 Core/Src/ov9655.o
 .debug_macro   0x000000000002519d       0xa0 Core/Src/ov9655.o
 .debug_macro   0x000000000002523d      0x259 Core/Src/stm32746g_discovery.o
 .debug_macro   0x0000000000025496      0x262 Core/Src/stm32746g_discovery.o
 .debug_macro   0x00000000000256f8      0x23b Core/Src/stm32746g_discovery_sdram.o
 .debug_macro   0x0000000000025933       0x9a Core/Src/stm32746g_discovery_sdram.o
 .debug_macro   0x00000000000259cd      0x23b Core/Src/stm32f7xx_hal_msp.o
 .debug_macro   0x0000000000025c08      0x245 Core/Src/stm32f7xx_it.o
 .debug_macro   0x0000000000025e4d      0x232 Core/Src/system_stm32f7xx.o
 .debug_macro   0x000000000002607f      0x250 Drivers/STM32F7xx_HAL_Driver/Src/stm32f7xx_hal.o
 .debug_macro   0x00000000000262cf      0x22c Drivers/STM32F7xx_HAL_Driver/Src/stm32f7xx_hal_cortex.o
 .debug_macro   0x00000000000264fb      0x233 Drivers/STM32F7xx_HAL_Driver/Src/stm32f7xx_hal_dcmi.o
 .debug_macro   0x000000000002672e      0x232 Drivers/STM32F7xx_HAL_Driver/Src/stm32f7xx_hal_dma.o
 .debug_macro   0x0000000000026960      0x23b Drivers/STM32F7xx_HAL_Driver/Src/stm32f7xx_hal_dma2d.o
 .debug_macro   0x0000000000026b9b      0x22c Drivers/STM32F7xx_HAL_Driver/Src/stm32f7xx_hal_dma_ex.o
 .debug_macro   0x0000000000026dc7      0x262 Drivers/STM32F7xx_HAL_Driver/Src/stm32f7xx_hal_gpio.o
 .debug_macro   0x0000000000027029      0x2f1 Drivers/STM32F7xx_HAL_Driver/Src/stm32f7xx_hal_i2c.o
 .debug_macro   0x000000000002731a      0x22d Drivers/STM32F7xx_HAL_Driver/Src/stm32f7xx_hal_ltdc.o
 .debug_macro   0x0000000000027547      0x244 Drivers/STM32F7xx_HAL_Driver/Src/stm32f7xx_hal_pwr_ex.o
 .debug_macro   0x000000000002778b      0x250 Drivers/STM32F7xx_HAL_Driver/Src/stm32f7xx_hal_rcc.o
 .debug_macro   0x00000000000279db      0x22c Drivers/STM32F7xx_HAL_Driver/Src/stm32f7xx_hal_rcc_ex.o
 .debug_macro   0x0000000000027c07      0x22c Drivers/STM32F7xx_HAL_Driver/Src/stm32f7xx_hal_sdram.o
 .debug_macro   0x0000000000027e33      0x22d Drivers/STM32F7xx_HAL_Driver/Src/stm32f7xx_hal_tim.o
 .debug_macro   0x0000000000028060      0x22c Drivers/STM32F7xx_HAL_Driver/Src/stm32f7xx_hal_tim_ex.o
 .debug_macro   0x000000000002828c      0x249 Drivers/STM32F7xx_HAL_Driver/Src/stm32f7xx_hal_uart.o
 .debug_macro   0x00000000000284d5      0x22c Drivers/STM32F7xx_HAL_Driver/Src/stm32f7xx_ll_fmc.o

.debug_line     0x0000000000000000    0x130c5
 .debug_line    0x0000000000000000      0x38b Core/Src/font24.o
 .debug_line    0x000000000000038b      0x44b Core/Src/image_analysis.o
 .debug_line    0x00000000000007d6      0xb8e Core/Src/main.o
 .debug_line    0x0000000000001364      0x47d Core/Src/ov9655.o
 .debug_line    0x00000000000017e1      0xa8e Core/Src/stm32746g_discovery.o
 .debug_line    0x000000000000226f      0x8a5 Core/Src/stm32746g_discovery_sdram.o
 .debug_line    0x0000000000002b14      0x95d Core/Src/stm32f7xx_hal_msp.o
 .debug_line    0x0000000000003471      0x859 Core/Src/stm32f7xx_it.o
 .debug_line    0x0000000000003cca      0x798 Core/Src/system_stm32f7xx.o
 .debug_line    0x0000000000004462       0x85 Core/Startup/startup_stm32f746nghx.o
 .debug_line    0x00000000000044e7      0x9a7 Drivers/STM32F7xx_HAL_Driver/Src/stm32f7xx_hal.o
 .debug_line    0x0000000000004e8e      0xaa8 Drivers/STM32F7xx_HAL_Driver/Src/stm32f7xx_hal_cortex.o
 .debug_line    0x0000000000005936      0xacc Drivers/STM32F7xx_HAL_Driver/Src/stm32f7xx_hal_dcmi.o
 .debug_line    0x0000000000006402      0xa53 Drivers/STM32F7xx_HAL_Driver/Src/stm32f7xx_hal_dma.o
 .debug_line    0x0000000000006e55      0xce0 Drivers/STM32F7xx_HAL_Driver/Src/stm32f7xx_hal_dma2d.o
 .debug_line    0x0000000000007b35     0x130c Drivers/STM32F7xx_HAL_Driver/Src/stm32f7xx_hal_dma_ex.o
 .debug_line    0x0000000000008e41      0x98c Drivers/STM32F7xx_HAL_Driver/Src/stm32f7xx_hal_gpio.o
 .debug_line    0x00000000000097cd     0x1b03 Drivers/STM32F7xx_HAL_Driver/Src/stm32f7xx_hal_i2c.o
 .debug_line    0x000000000000b2d0     0x1056 Drivers/STM32F7xx_HAL_Driver/Src/stm32f7xx_hal_ltdc.o
 .debug_line    0x000000000000c326      0x8c8 Drivers/STM32F7xx_HAL_Driver/Src/stm32f7xx_hal_pwr_ex.o
 .debug_line    0x000000000000cbee      0xa1d Drivers/STM32F7xx_HAL_Driver/Src/stm32f7xx_hal_rcc.o
 .debug_line    0x000000000000d60b      0x98f Drivers/STM32F7xx_HAL_Driver/Src/stm32f7xx_hal_rcc_ex.o
 .debug_line    0x000000000000df9a      0xadb Drivers/STM32F7xx_HAL_Driver/Src/stm32f7xx_hal_sdram.o
 .debug_line    0x000000000000ea75     0x1ac4 Drivers/STM32F7xx_HAL_Driver/Src/stm32f7xx_hal_tim.o
 .debug_line    0x0000000000010539      0xe2f Drivers/STM32F7xx_HAL_Driver/Src/stm32f7xx_hal_tim_ex.o
 .debug_line    0x0000000000011368     0x132e Drivers/STM32F7xx_HAL_Driver/Src/stm32f7xx_hal_uart.o
 .debug_line    0x0000000000012696      0xa2f Drivers/STM32F7xx_HAL_Driver/Src/stm32f7xx_ll_fmc.o

.debug_str      0x0000000000000000    0xf7ecc
 .debug_str     0x0000000000000000     0x3b37 Core/Src/font24.o
                                       0x3cb0 (size before relaxing)
 .debug_str     0x0000000000003b37       0xd7 Core/Src/image_analysis.o
                                       0x3cd4 (size before relaxing)
 .debug_str     0x0000000000003c0e    0xeea51 Core/Src/main.o
                                      0xf2e93 (size before relaxing)
 .debug_str     0x00000000000f265f       0xe3 Core/Src/ov9655.o
                                       0x442e (size before relaxing)
 .debug_str     0x00000000000f2742      0x742 Core/Src/stm32746g_discovery.o
                                      0xef776 (size before relaxing)
 .debug_str     0x00000000000f2e84      0x1a9 Core/Src/stm32746g_discovery_sdram.o
                                      0xee448 (size before relaxing)
 .debug_str     0x00000000000f302d      0x15e Core/Src/stm32f7xx_hal_msp.o
                                      0xf08c9 (size before relaxing)
 .debug_str     0x00000000000f318b       0xe5 Core/Src/stm32f7xx_it.o
                                      0xef989 (size before relaxing)
 .debug_str     0x00000000000f3270      0x18d Core/Src/system_stm32f7xx.o
                                      0xed4f4 (size before relaxing)
 .debug_str     0x00000000000f33fd       0x36 Core/Startup/startup_stm32f746nghx.o
                                         0x78 (size before relaxing)
 .debug_str     0x00000000000f3433      0x37a Drivers/STM32F7xx_HAL_Driver/Src/stm32f7xx_hal.o
                                      0xedda6 (size before relaxing)
 .debug_str     0x00000000000f37ad      0x37e Drivers/STM32F7xx_HAL_Driver/Src/stm32f7xx_hal_cortex.o
                                      0xede4d (size before relaxing)
 .debug_str     0x00000000000f3b2b      0x231 Drivers/STM32F7xx_HAL_Driver/Src/stm32f7xx_hal_dcmi.o
                                      0xed9ba (size before relaxing)
 .debug_str     0x00000000000f3d5c      0x323 Drivers/STM32F7xx_HAL_Driver/Src/stm32f7xx_hal_dma.o
                                      0xed82e (size before relaxing)
 .debug_str     0x00000000000f407f      0x373 Drivers/STM32F7xx_HAL_Driver/Src/stm32f7xx_hal_dma2d.o
                                      0xed9df (size before relaxing)
 .debug_str     0x00000000000f43f2       0xe3 Drivers/STM32F7xx_HAL_Driver/Src/stm32f7xx_hal_dma_ex.o
                                      0xed60b (size before relaxing)
 .debug_str     0x00000000000f44d5      0x244 Drivers/STM32F7xx_HAL_Driver/Src/stm32f7xx_hal_gpio.o
                                      0xed6ca (size before relaxing)
 .debug_str     0x00000000000f4719      0xd00 Drivers/STM32F7xx_HAL_Driver/Src/stm32f7xx_hal_i2c.o
                                      0xee5e2 (size before relaxing)
 .debug_str     0x00000000000f5419      0x467 Drivers/STM32F7xx_HAL_Driver/Src/stm32f7xx_hal_ltdc.o
                                      0xeda62 (size before relaxing)
 .debug_str     0x00000000000f5880      0x1d1 Drivers/STM32F7xx_HAL_Driver/Src/stm32f7xx_hal_pwr_ex.o
                                      0xed76e (size before relaxing)
 .debug_str     0x00000000000f5a51      0x262 Drivers/STM32F7xx_HAL_Driver/Src/stm32f7xx_hal_rcc.o
                                      0xed80f (size before relaxing)
 .debug_str     0x00000000000f5cb3      0x161 Drivers/STM32F7xx_HAL_Driver/Src/stm32f7xx_hal_rcc_ex.o
                                      0xed799 (size before relaxing)
 .debug_str     0x00000000000f5e14      0x254 Drivers/STM32F7xx_HAL_Driver/Src/stm32f7xx_hal_sdram.o
                                      0xeda02 (size before relaxing)
 .debug_str     0x00000000000f6068      0xd0e Drivers/STM32F7xx_HAL_Driver/Src/stm32f7xx_hal_tim.o
                                      0xee580 (size before relaxing)
 .debug_str     0x00000000000f6d76      0x504 Drivers/STM32F7xx_HAL_Driver/Src/stm32f7xx_hal_tim_ex.o
                                      0xeddd3 (size before relaxing)
 .debug_str     0x00000000000f727a      0x7db Drivers/STM32F7xx_HAL_Driver/Src/stm32f7xx_hal_uart.o
                                      0xee053 (size before relaxing)
 .debug_str     0x00000000000f7a55      0x477 Drivers/STM32F7xx_HAL_Driver/Src/stm32f7xx_ll_fmc.o
                                      0xed952 (size before relaxing)

.comment        0x0000000000000000       0x7b
 .comment       0x0000000000000000       0x7b Core/Src/font24.o
                                         0x7c (size before relaxing)
 .comment       0x000000000000007b       0x7c Core/Src/image_analysis.o
 .comment       0x000000000000007b       0x7c Core/Src/main.o
 .comment       0x000000000000007b       0x7c Core/Src/ov9655.o
 .comment       0x000000000000007b       0x7c Core/Src/stm32746g_discovery.o
 .comment       0x000000000000007b       0x7c Core/Src/stm32746g_discovery_sdram.o
 .comment       0x000000000000007b       0x7c Core/Src/stm32f7xx_hal_msp.o
 .comment       0x000000000000007b       0x7c Core/Src/stm32f7xx_it.o
 .comment       0x000000000000007b       0x7c Core/Src/system_stm32f7xx.o
 .comment       0x000000000000007b       0x7c Drivers/STM32F7xx_HAL_Driver/Src/stm32f7xx_hal.o
 .comment       0x000000000000007b       0x7c Drivers/STM32F7xx_HAL_Driver/Src/stm32f7xx_hal_cortex.o
 .comment       0x000000000000007b       0x7c Drivers/STM32F7xx_HAL_Driver/Src/stm32f7xx_hal_dcmi.o
 .comment       0x000000000000007b       0x7c Drivers/STM32F7xx_HAL_Driver/Src/stm32f7xx_hal_dma.o
 .comment       0x000000000000007b       0x7c Drivers/STM32F7xx_HAL_Driver/Src/stm32f7xx_hal_dma2d.o
 .comment       0x000000000000007b       0x7c Drivers/STM32F7xx_HAL_Driver/Src/stm32f7xx_hal_dma_ex.o
 .comment       0x000000000000007b       0x7c Drivers/STM32F7xx_HAL_Driver/Src/stm32f7xx_hal_gpio.o
 .comment       0x000000000000007b       0x7c Drivers/STM32F7xx_HAL_Driver/Src/stm32f7xx_hal_i2c.o
 .comment       0x000000000000007b       0x7c Drivers/STM32F7xx_HAL_Driver/Src/stm32f7xx_hal_ltdc.o
 .comment       0x000000000000007b       0x7c Drivers/STM32F7xx_HAL_Driver/Src/stm32f7xx_hal_pwr_ex.o
 .comment       0x000000000000007b       0x7c Drivers/STM32F7xx_HAL_Driver/Src/stm32f7xx_hal_rcc.o
 .comment       0x000000000000007b       0x7c Drivers/STM32F7xx_HAL_Driver/Src/stm32f7xx_hal_rcc_ex.o
 .comment       0x000000000000007b       0x7c Drivers/STM32F7xx_HAL_Driver/Src/stm32f7xx_hal_sdram.o
 .comment       0x000000000000007b       0x7c Drivers/STM32F7xx_HAL_Driver/Src/stm32f7xx_hal_tim.o
 .comment       0x000000000000007b       0x7c Drivers/STM32F7xx_HAL_Driver/Src/stm32f7xx_hal_tim_ex.o
 .comment       0x000000000000007b       0x7c Drivers/STM32F7xx_HAL_Driver/Src/stm32f7xx_hal_uart.o
 .comment       0x000000000000007b       0x7c Drivers/STM32F7xx_HAL_Driver/Src/stm32f7xx_ll_fmc.o

.debug_ranges   0x0000000000000000     0x1550
 .debug_ranges  0x0000000000000000       0x20 Core/Src/image_analysis.o
 .debug_ranges  0x0000000000000020       0x90 Core/Src/main.o
 .debug_ranges  0x00000000000000b0       0x28 Core/Src/ov9655.o
 .debug_ranges  0x00000000000000d8      0x118 Core/Src/stm32746g_discovery.o
 .debug_ranges  0x00000000000001f0       0x58 Core/Src/stm32746g_discovery_sdram.o
 .debug_ranges  0x0000000000000248       0x80 Core/Src/stm32f7xx_hal_msp.o
 .debug_ranges  0x00000000000002c8       0x68 Core/Src/stm32f7xx_it.o
 .debug_ranges  0x0000000000000330       0x18 Core/Src/system_stm32f7xx.o
 .debug_ranges  0x0000000000000348       0x20 Core/Startup/startup_stm32f746nghx.o
 .debug_ranges  0x0000000000000368       0xf0 Drivers/STM32F7xx_HAL_Driver/Src/stm32f7xx_hal.o
 .debug_ranges  0x0000000000000458      0x108 Drivers/STM32F7xx_HAL_Driver/Src/stm32f7xx_hal_cortex.o
 .debug_ranges  0x0000000000000560       0xb0 Drivers/STM32F7xx_HAL_Driver/Src/stm32f7xx_hal_dcmi.o
 .debug_ranges  0x0000000000000610       0x80 Drivers/STM32F7xx_HAL_Driver/Src/stm32f7xx_hal_dma.o
 .debug_ranges  0x0000000000000690       0xf8 Drivers/STM32F7xx_HAL_Driver/Src/stm32f7xx_hal_dma2d.o
 .debug_ranges  0x0000000000000788       0x28 Drivers/STM32F7xx_HAL_Driver/Src/stm32f7xx_hal_dma_ex.o
 .debug_ranges  0x00000000000007b0       0x48 Drivers/STM32F7xx_HAL_Driver/Src/stm32f7xx_hal_gpio.o
 .debug_ranges  0x00000000000007f8      0x278 Drivers/STM32F7xx_HAL_Driver/Src/stm32f7xx_hal_i2c.o
 .debug_ranges  0x0000000000000a70      0x148 Drivers/STM32F7xx_HAL_Driver/Src/stm32f7xx_hal_ltdc.o
 .debug_ranges  0x0000000000000bb8       0x70 Drivers/STM32F7xx_HAL_Driver/Src/stm32f7xx_hal_pwr_ex.o
 .debug_ranges  0x0000000000000c28       0x78 Drivers/STM32F7xx_HAL_Driver/Src/stm32f7xx_hal_rcc.o
 .debug_ranges  0x0000000000000ca0       0x40 Drivers/STM32F7xx_HAL_Driver/Src/stm32f7xx_hal_rcc_ex.o
 .debug_ranges  0x0000000000000ce0       0xc0 Drivers/STM32F7xx_HAL_Driver/Src/stm32f7xx_hal_sdram.o
 .debug_ranges  0x0000000000000da0      0x3a8 Drivers/STM32F7xx_HAL_Driver/Src/stm32f7xx_hal_tim.o
 .debug_ranges  0x0000000000001148      0x150 Drivers/STM32F7xx_HAL_Driver/Src/stm32f7xx_hal_tim_ex.o
 .debug_ranges  0x0000000000001298      0x200 Drivers/STM32F7xx_HAL_Driver/Src/stm32f7xx_hal_uart.o
 .debug_ranges  0x0000000000001498       0xb8 Drivers/STM32F7xx_HAL_Driver/Src/stm32f7xx_ll_fmc.o

.debug_frame    0x0000000000000000     0x610c
 .debug_frame   0x0000000000000000       0x84 Core/Src/image_analysis.o
 .debug_frame   0x0000000000000084      0x260 Core/Src/main.o
 .debug_frame   0x00000000000002e4       0xac Core/Src/ov9655.o
 .debug_frame   0x0000000000000390      0x4b0 Core/Src/stm32746g_discovery.o
 .debug_frame   0x0000000000000840      0x168 Core/Src/stm32746g_discovery_sdram.o
 .debug_frame   0x00000000000009a8      0x230 Core/Src/stm32f7xx_hal_msp.o
 .debug_frame   0x0000000000000bd8      0x160 Core/Src/stm32f7xx_it.o
 .debug_frame   0x0000000000000d38       0x58 Core/Src/system_stm32f7xx.o
 .debug_frame   0x0000000000000d90      0x3b4 Drivers/STM32F7xx_HAL_Driver/Src/stm32f7xx_hal.o
 .debug_frame   0x0000000000001144      0x498 Drivers/STM32F7xx_HAL_Driver/Src/stm32f7xx_hal_cortex.o
 .debug_frame   0x00000000000015dc      0x348 Drivers/STM32F7xx_HAL_Driver/Src/stm32f7xx_hal_dcmi.o
 .debug_frame   0x0000000000001924      0x250 Drivers/STM32F7xx_HAL_Driver/Src/stm32f7xx_hal_dma.o
 .debug_frame   0x0000000000001b74      0x490 Drivers/STM32F7xx_HAL_Driver/Src/stm32f7xx_hal_dma2d.o
 .debug_frame   0x0000000000002004       0xac Drivers/STM32F7xx_HAL_Driver/Src/stm32f7xx_hal_dma_ex.o
 .debug_frame   0x00000000000020b0      0x14c Drivers/STM32F7xx_HAL_Driver/Src/stm32f7xx_hal_gpio.o
 .debug_frame   0x00000000000021fc      0xbbc Drivers/STM32F7xx_HAL_Driver/Src/stm32f7xx_hal_i2c.o
 .debug_frame   0x0000000000002db8      0x61c Drivers/STM32F7xx_HAL_Driver/Src/stm32f7xx_hal_ltdc.o
 .debug_frame   0x00000000000033d4      0x1c8 Drivers/STM32F7xx_HAL_Driver/Src/stm32f7xx_hal_pwr_ex.o
 .debug_frame   0x000000000000359c      0x1f4 Drivers/STM32F7xx_HAL_Driver/Src/stm32f7xx_hal_rcc.o
 .debug_frame   0x0000000000003790      0x118 Drivers/STM32F7xx_HAL_Driver/Src/stm32f7xx_hal_rcc_ex.o
 .debug_frame   0x00000000000038a8      0x37c Drivers/STM32F7xx_HAL_Driver/Src/stm32f7xx_hal_sdram.o
 .debug_frame   0x0000000000003c24     0x1144 Drivers/STM32F7xx_HAL_Driver/Src/stm32f7xx_hal_tim.o
 .debug_frame   0x0000000000004d68      0x610 Drivers/STM32F7xx_HAL_Driver/Src/stm32f7xx_hal_tim_ex.o
 .debug_frame   0x0000000000005378      0x96c Drivers/STM32F7xx_HAL_Driver/Src/stm32f7xx_hal_uart.o
 .debug_frame   0x0000000000005ce4      0x37c Drivers/STM32F7xx_HAL_Driver/Src/stm32f7xx_ll_fmc.o
 .debug_frame   0x0000000000006060       0x2c c:/st/stm32cubeide_1.4.0/stm32cubeide/plugins/com.st.stm32cube.ide.mcu.externaltools.gnu-tools-for-stm32.7-2018-q2-update.win32_1.5.0.202011040924/tools/bin/../lib/gcc/arm-none-eabi/7.3.1/../../../../arm-none-eabi/lib/thumb/v7e-m/fpv4-sp/hard\libc_nano.a(lib_a-init.o)
 .debug_frame   0x000000000000608c       0x20 c:/st/stm32cubeide_1.4.0/stm32cubeide/plugins/com.st.stm32cube.ide.mcu.externaltools.gnu-tools-for-stm32.7-2018-q2-update.win32_1.5.0.202011040924/tools/bin/../lib/gcc/arm-none-eabi/7.3.1/../../../../arm-none-eabi/lib/thumb/v7e-m/fpv4-sp/hard\libc_nano.a(lib_a-memset.o)
 .debug_frame   0x00000000000060ac       0x2c c:/st/stm32cubeide_1.4.0/stm32cubeide/plugins/com.st.stm32cube.ide.mcu.externaltools.gnu-tools-for-stm32.7-2018-q2-update.win32_1.5.0.202011040924/tools/bin/../lib/gcc/arm-none-eabi/7.3.1/thumb/v7e-m/fpv4-sp/hard\libgcc.a(_aeabi_uldivmod.o)
 .debug_frame   0x00000000000060d8       0x34 c:/st/stm32cubeide_1.4.0/stm32cubeide/plugins/com.st.stm32cube.ide.mcu.externaltools.gnu-tools-for-stm32.7-2018-q2-update.win32_1.5.0.202011040924/tools/bin/../lib/gcc/arm-none-eabi/7.3.1/thumb/v7e-m/fpv4-sp/hard\libgcc.a(_udivmoddi4.o)
