Archive member included to satisfy reference by file (symbol)

c:/st/stm32cubeide_1.4.0/stm32cubeide/plugins/com.st.stm32cube.ide.mcu.externaltools.gnu-tools-for-stm32.7-2018-q2-update.win32_1.4.0.202007081208/tools/bin/../lib/gcc/arm-none-eabi/7.3.1/../../../../arm-none-eabi/lib/thumb/v7e-m/fpv4-sp/hard\libc_nano.a(lib_a-errno.o)
                              Core/Src/syscalls.o (__errno)
c:/st/stm32cubeide_1.4.0/stm32cubeide/plugins/com.st.stm32cube.ide.mcu.externaltools.gnu-tools-for-stm32.7-2018-q2-update.win32_1.4.0.202007081208/tools/bin/../lib/gcc/arm-none-eabi/7.3.1/../../../../arm-none-eabi/lib/thumb/v7e-m/fpv4-sp/hard\libc_nano.a(lib_a-exit.o)
                              c:/st/stm32cubeide_1.4.0/stm32cubeide/plugins/com.st.stm32cube.ide.mcu.externaltools.gnu-tools-for-stm32.7-2018-q2-update.win32_1.4.0.202007081208/tools/bin/../lib/gcc/arm-none-eabi/7.3.1/../../../../arm-none-eabi/lib/thumb/v7e-m/fpv4-sp/hard/crt0.o (exit)
c:/st/stm32cubeide_1.4.0/stm32cubeide/plugins/com.st.stm32cube.ide.mcu.externaltools.gnu-tools-for-stm32.7-2018-q2-update.win32_1.4.0.202007081208/tools/bin/../lib/gcc/arm-none-eabi/7.3.1/../../../../arm-none-eabi/lib/thumb/v7e-m/fpv4-sp/hard\libc_nano.a(lib_a-impure.o)
                              c:/st/stm32cubeide_1.4.0/stm32cubeide/plugins/com.st.stm32cube.ide.mcu.externaltools.gnu-tools-for-stm32.7-2018-q2-update.win32_1.4.0.202007081208/tools/bin/../lib/gcc/arm-none-eabi/7.3.1/../../../../arm-none-eabi/lib/thumb/v7e-m/fpv4-sp/hard\libc_nano.a(lib_a-exit.o) (_global_impure_ptr)
c:/st/stm32cubeide_1.4.0/stm32cubeide/plugins/com.st.stm32cube.ide.mcu.externaltools.gnu-tools-for-stm32.7-2018-q2-update.win32_1.4.0.202007081208/tools/bin/../lib/gcc/arm-none-eabi/7.3.1/../../../../arm-none-eabi/lib/thumb/v7e-m/fpv4-sp/hard\libc_nano.a(lib_a-init.o)
                              c:/st/stm32cubeide_1.4.0/stm32cubeide/plugins/com.st.stm32cube.ide.mcu.externaltools.gnu-tools-for-stm32.7-2018-q2-update.win32_1.4.0.202007081208/tools/bin/../lib/gcc/arm-none-eabi/7.3.1/../../../../arm-none-eabi/lib/thumb/v7e-m/fpv4-sp/hard/crt0.o (__libc_init_array)
c:/st/stm32cubeide_1.4.0/stm32cubeide/plugins/com.st.stm32cube.ide.mcu.externaltools.gnu-tools-for-stm32.7-2018-q2-update.win32_1.4.0.202007081208/tools/bin/../lib/gcc/arm-none-eabi/7.3.1/../../../../arm-none-eabi/lib/thumb/v7e-m/fpv4-sp/hard\libc_nano.a(lib_a-memset.o)
                              c:/st/stm32cubeide_1.4.0/stm32cubeide/plugins/com.st.stm32cube.ide.mcu.externaltools.gnu-tools-for-stm32.7-2018-q2-update.win32_1.4.0.202007081208/tools/bin/../lib/gcc/arm-none-eabi/7.3.1/../../../../arm-none-eabi/lib/thumb/v7e-m/fpv4-sp/hard/crt0.o (memset)
c:/st/stm32cubeide_1.4.0/stm32cubeide/plugins/com.st.stm32cube.ide.mcu.externaltools.gnu-tools-for-stm32.7-2018-q2-update.win32_1.4.0.202007081208/tools/bin/../lib/gcc/arm-none-eabi/7.3.1/thumb/v7e-m/fpv4-sp/hard\libgcc.a(_aeabi_uldivmod.o)
                              Drivers/STM32F7xx_HAL_Driver/Src/stm32f7xx_hal_rcc.o (__aeabi_uldivmod)
c:/st/stm32cubeide_1.4.0/stm32cubeide/plugins/com.st.stm32cube.ide.mcu.externaltools.gnu-tools-for-stm32.7-2018-q2-update.win32_1.4.0.202007081208/tools/bin/../lib/gcc/arm-none-eabi/7.3.1/thumb/v7e-m/fpv4-sp/hard\libgcc.a(_udivmoddi4.o)
                              c:/st/stm32cubeide_1.4.0/stm32cubeide/plugins/com.st.stm32cube.ide.mcu.externaltools.gnu-tools-for-stm32.7-2018-q2-update.win32_1.4.0.202007081208/tools/bin/../lib/gcc/arm-none-eabi/7.3.1/thumb/v7e-m/fpv4-sp/hard\libgcc.a(_aeabi_uldivmod.o) (__udivmoddi4)
c:/st/stm32cubeide_1.4.0/stm32cubeide/plugins/com.st.stm32cube.ide.mcu.externaltools.gnu-tools-for-stm32.7-2018-q2-update.win32_1.4.0.202007081208/tools/bin/../lib/gcc/arm-none-eabi/7.3.1/thumb/v7e-m/fpv4-sp/hard\libgcc.a(_dvmd_tls.o)
                              c:/st/stm32cubeide_1.4.0/stm32cubeide/plugins/com.st.stm32cube.ide.mcu.externaltools.gnu-tools-for-stm32.7-2018-q2-update.win32_1.4.0.202007081208/tools/bin/../lib/gcc/arm-none-eabi/7.3.1/thumb/v7e-m/fpv4-sp/hard\libgcc.a(_aeabi_uldivmod.o) (__aeabi_ldiv0)

Allocating common symbols
Common symbol       size              file

sdramHandle         0x34              Core/Src/stm32746g_discovery_sdram.o
camera_driv         0x4               Core/Src/main.o
hdma_dcmi           0x60              Core/Src/main.o
layer_cfg           0x34              Core/Src/main.o
uwTick              0x4               Drivers/STM32F7xx_HAL_Driver/Src/stm32f7xx_hal.o
pFlash              0x1c              Drivers/STM32F7xx_HAL_Driver/Src/stm32f7xx_hal_flash.o
hltdc               0xa8              Core/Src/main.o
hdcmi               0x50              Core/Src/main.o
huart1              0x80              Core/Src/main.o
photo_buffer_32     0x25800           Core/Src/main.o
hdma2d              0x40              Core/Src/main.o
hsdram1             0x34              Core/Src/main.o

Discarded input sections

[...]
Memory Configuration

Name             Origin             Length             Attributes
RAM              0x0000000020000000 0x0000000000050000 xrw
FLASH            0x0000000008000000 0x0000000000100000 xr
*default*        0x0000000000000000 0xffffffffffffffff

Linker script and memory map

LOAD c:/st/stm32cubeide_1.4.0/stm32cubeide/plugins/com.st.stm32cube.ide.mcu.externaltools.gnu-tools-for-stm32.7-2018-q2-update.win32_1.4.0.202007081208/tools/bin/../lib/gcc/arm-none-eabi/7.3.1/thumb/v7e-m/fpv4-sp/hard/crti.o
LOAD c:/st/stm32cubeide_1.4.0/stm32cubeide/plugins/com.st.stm32cube.ide.mcu.externaltools.gnu-tools-for-stm32.7-2018-q2-update.win32_1.4.0.202007081208/tools/bin/../lib/gcc/arm-none-eabi/7.3.1/thumb/v7e-m/fpv4-sp/hard/crtbegin.o
LOAD c:/st/stm32cubeide_1.4.0/stm32cubeide/plugins/com.st.stm32cube.ide.mcu.externaltools.gnu-tools-for-stm32.7-2018-q2-update.win32_1.4.0.202007081208/tools/bin/../lib/gcc/arm-none-eabi/7.3.1/../../../../arm-none-eabi/lib/thumb/v7e-m/fpv4-sp/hard/crt0.o
LOAD Core/Src/font24.o
LOAD Core/Src/image_analysis.o
LOAD Core/Src/main.o
LOAD Core/Src/ov9655.o
LOAD Core/Src/stm32746g_discovery.o
LOAD Core/Src/stm32746g_discovery_sdram.o
LOAD Core/Src/stm32f7xx_hal_msp.o
LOAD Core/Src/stm32f7xx_it.o
LOAD Core/Src/syscalls.o
LOAD Core/Src/sysmem.o
LOAD Core/Src/system_stm32f7xx.o
LOAD Core/Startup/startup_stm32f746nghx.o
LOAD Drivers/STM32F7xx_HAL_Driver/Src/stm32f7xx_hal.o
LOAD Drivers/STM32F7xx_HAL_Driver/Src/stm32f7xx_hal_cortex.o
LOAD Drivers/STM32F7xx_HAL_Driver/Src/stm32f7xx_hal_dcmi.o
LOAD Drivers/STM32F7xx_HAL_Driver/Src/stm32f7xx_hal_dcmi_ex.o
LOAD Drivers/STM32F7xx_HAL_Driver/Src/stm32f7xx_hal_dma.o
LOAD Drivers/STM32F7xx_HAL_Driver/Src/stm32f7xx_hal_dma2d.o
LOAD Drivers/STM32F7xx_HAL_Driver/Src/stm32f7xx_hal_dma_ex.o
LOAD Drivers/STM32F7xx_HAL_Driver/Src/stm32f7xx_hal_dsi.o
LOAD Drivers/STM32F7xx_HAL_Driver/Src/stm32f7xx_hal_exti.o
LOAD Drivers/STM32F7xx_HAL_Driver/Src/stm32f7xx_hal_flash.o
LOAD Drivers/STM32F7xx_HAL_Driver/Src/stm32f7xx_hal_flash_ex.o
LOAD Drivers/STM32F7xx_HAL_Driver/Src/stm32f7xx_hal_gpio.o
LOAD Drivers/STM32F7xx_HAL_Driver/Src/stm32f7xx_hal_i2c.o
LOAD Drivers/STM32F7xx_HAL_Driver/Src/stm32f7xx_hal_i2c_ex.o
LOAD Drivers/STM32F7xx_HAL_Driver/Src/stm32f7xx_hal_ltdc.o
LOAD Drivers/STM32F7xx_HAL_Driver/Src/stm32f7xx_hal_ltdc_ex.o
LOAD Drivers/STM32F7xx_HAL_Driver/Src/stm32f7xx_hal_pwr.o
LOAD Drivers/STM32F7xx_HAL_Driver/Src/stm32f7xx_hal_pwr_ex.o
LOAD Drivers/STM32F7xx_HAL_Driver/Src/stm32f7xx_hal_rcc.o
LOAD Drivers/STM32F7xx_HAL_Driver/Src/stm32f7xx_hal_rcc_ex.o
LOAD Drivers/STM32F7xx_HAL_Driver/Src/stm32f7xx_hal_sdram.o
LOAD Drivers/STM32F7xx_HAL_Driver/Src/stm32f7xx_hal_tim.o
LOAD Drivers/STM32F7xx_HAL_Driver/Src/stm32f7xx_hal_tim_ex.o
LOAD Drivers/STM32F7xx_HAL_Driver/Src/stm32f7xx_hal_uart.o
LOAD Drivers/STM32F7xx_HAL_Driver/Src/stm32f7xx_hal_uart_ex.o
LOAD Drivers/STM32F7xx_HAL_Driver/Src/stm32f7xx_ll_fmc.o
START GROUP
LOAD c:/st/stm32cubeide_1.4.0/stm32cubeide/plugins/com.st.stm32cube.ide.mcu.externaltools.gnu-tools-for-stm32.7-2018-q2-update.win32_1.4.0.202007081208/tools/bin/../lib/gcc/arm-none-eabi/7.3.1/../../../../arm-none-eabi/lib/thumb/v7e-m/fpv4-sp/hard\libc_nano.a
LOAD c:/st/stm32cubeide_1.4.0/stm32cubeide/plugins/com.st.stm32cube.ide.mcu.externaltools.gnu-tools-for-stm32.7-2018-q2-update.win32_1.4.0.202007081208/tools/bin/../lib/gcc/arm-none-eabi/7.3.1/../../../../arm-none-eabi/lib/thumb/v7e-m/fpv4-sp/hard\libm.a
END GROUP
START GROUP
LOAD c:/st/stm32cubeide_1.4.0/stm32cubeide/plugins/com.st.stm32cube.ide.mcu.externaltools.gnu-tools-for-stm32.7-2018-q2-update.win32_1.4.0.202007081208/tools/bin/../lib/gcc/arm-none-eabi/7.3.1/thumb/v7e-m/fpv4-sp/hard\libgcc.a
LOAD c:/st/stm32cubeide_1.4.0/stm32cubeide/plugins/com.st.stm32cube.ide.mcu.externaltools.gnu-tools-for-stm32.7-2018-q2-update.win32_1.4.0.202007081208/tools/bin/../lib/gcc/arm-none-eabi/7.3.1/../../../../arm-none-eabi/lib/thumb/v7e-m/fpv4-sp/hard\libc_nano.a
END GROUP
START GROUP
LOAD c:/st/stm32cubeide_1.4.0/stm32cubeide/plugins/com.st.stm32cube.ide.mcu.externaltools.gnu-tools-for-stm32.7-2018-q2-update.win32_1.4.0.202007081208/tools/bin/../lib/gcc/arm-none-eabi/7.3.1/thumb/v7e-m/fpv4-sp/hard\libgcc.a
LOAD c:/st/stm32cubeide_1.4.0/stm32cubeide/plugins/com.st.stm32cube.ide.mcu.externaltools.gnu-tools-for-stm32.7-2018-q2-update.win32_1.4.0.202007081208/tools/bin/../lib/gcc/arm-none-eabi/7.3.1/../../../../arm-none-eabi/lib/thumb/v7e-m/fpv4-sp/hard\libc_nano.a
LOAD c:/st/stm32cubeide_1.4.0/stm32cubeide/plugins/com.st.stm32cube.ide.mcu.externaltools.gnu-tools-for-stm32.7-2018-q2-update.win32_1.4.0.202007081208/tools/bin/../lib/gcc/arm-none-eabi/7.3.1/../../../../arm-none-eabi/lib/thumb/v7e-m/fpv4-sp/hard\libnosys.a
END GROUP
START GROUP
LOAD c:/st/stm32cubeide_1.4.0/stm32cubeide/plugins/com.st.stm32cube.ide.mcu.externaltools.gnu-tools-for-stm32.7-2018-q2-update.win32_1.4.0.202007081208/tools/bin/../lib/gcc/arm-none-eabi/7.3.1/thumb/v7e-m/fpv4-sp/hard\libgcc.a
LOAD c:/st/stm32cubeide_1.4.0/stm32cubeide/plugins/com.st.stm32cube.ide.mcu.externaltools.gnu-tools-for-stm32.7-2018-q2-update.win32_1.4.0.202007081208/tools/bin/../lib/gcc/arm-none-eabi/7.3.1/../../../../arm-none-eabi/lib/thumb/v7e-m/fpv4-sp/hard\libc_nano.a
LOAD c:/st/stm32cubeide_1.4.0/stm32cubeide/plugins/com.st.stm32cube.ide.mcu.externaltools.gnu-tools-for-stm32.7-2018-q2-update.win32_1.4.0.202007081208/tools/bin/../lib/gcc/arm-none-eabi/7.3.1/../../../../arm-none-eabi/lib/thumb/v7e-m/fpv4-sp/hard\libnosys.a
END GROUP
LOAD c:/st/stm32cubeide_1.4.0/stm32cubeide/plugins/com.st.stm32cube.ide.mcu.externaltools.gnu-tools-for-stm32.7-2018-q2-update.win32_1.4.0.202007081208/tools/bin/../lib/gcc/arm-none-eabi/7.3.1/thumb/v7e-m/fpv4-sp/hard/crtend.o
LOAD c:/st/stm32cubeide_1.4.0/stm32cubeide/plugins/com.st.stm32cube.ide.mcu.externaltools.gnu-tools-for-stm32.7-2018-q2-update.win32_1.4.0.202007081208/tools/bin/../lib/gcc/arm-none-eabi/7.3.1/thumb/v7e-m/fpv4-sp/hard/crtn.o
                0x0000000020050000                _estack = (ORIGIN (RAM) + LENGTH (RAM))
                0x0000000000000200                _Min_Heap_Size = 0x200
                0x0000000000000400                _Min_Stack_Size = 0x400

.isr_vector     0x0000000008000000      0x1c8
                0x0000000008000000                . = ALIGN (0x4)
 *(.isr_vector)
 .isr_vector    0x0000000008000000      0x1c8 Core/Startup/startup_stm32f746nghx.o
                0x0000000008000000                g_pfnVectors
                0x00000000080001c8                . = ALIGN (0x4)

.text           0x00000000080001c8     0x7df8
                0x00000000080001c8                . = ALIGN (0x4)
 *(.text)
 .text          0x00000000080001c8       0x40 c:/st/stm32cubeide_1.4.0/stm32cubeide/plugins/com.st.stm32cube.ide.mcu.externaltools.gnu-tools-for-stm32.7-2018-q2-update.win32_1.4.0.202007081208/tools/bin/../lib/gcc/arm-none-eabi/7.3.1/thumb/v7e-m/fpv4-sp/hard/crtbegin.o
 .text          0x0000000008000208       0x30 c:/st/stm32cubeide_1.4.0/stm32cubeide/plugins/com.st.stm32cube.ide.mcu.externaltools.gnu-tools-for-stm32.7-2018-q2-update.win32_1.4.0.202007081208/tools/bin/../lib/gcc/arm-none-eabi/7.3.1/thumb/v7e-m/fpv4-sp/hard\libgcc.a(_aeabi_uldivmod.o)
                0x0000000008000208                __aeabi_uldivmod
 .text          0x0000000008000238      0x2cc c:/st/stm32cubeide_1.4.0/stm32cubeide/plugins/com.st.stm32cube.ide.mcu.externaltools.gnu-tools-for-stm32.7-2018-q2-update.win32_1.4.0.202007081208/tools/bin/../lib/gcc/arm-none-eabi/7.3.1/thumb/v7e-m/fpv4-sp/hard\libgcc.a(_udivmoddi4.o)
                0x0000000008000238                __udivmoddi4
 .text          0x0000000008000504        0x4 c:/st/stm32cubeide_1.4.0/stm32cubeide/plugins/com.st.stm32cube.ide.mcu.externaltools.gnu-tools-for-stm32.7-2018-q2-update.win32_1.4.0.202007081208/tools/bin/../lib/gcc/arm-none-eabi/7.3.1/thumb/v7e-m/fpv4-sp/hard\libgcc.a(_dvmd_tls.o)
                0x0000000008000504                __aeabi_idiv0
                0x0000000008000504                __aeabi_ldiv0
 *(.text*)
 .text.Draw_Blue_Cross
                0x0000000008000508       0xb2 Core/Src/image_analysis.o
                0x0000000008000508                Draw_Blue_Cross
 *fill*         0x00000000080005ba        0x2 
 .text.main     0x00000000080005bc      0x180 Core/Src/main.o
                0x00000000080005bc                main
 .text.SystemClock_Config
                0x000000000800073c      0x138 Core/Src/main.o
                0x000000000800073c                SystemClock_Config
 .text.MX_DCMI_Init
                0x0000000008000874       0x68 Core/Src/main.o
 .text.MX_DMA2D_Init
                0x00000000080008dc       0x64 Core/Src/main.o
 .text.MX_LTDC_Init
                0x0000000008000940      0x164 Core/Src/main.o
 .text.MX_USART1_UART_Init
                0x0000000008000aa4       0x60 Core/Src/main.o
 .text.MX_DMA_Init
                0x0000000008000b04       0x3c Core/Src/main.o
 .text.MX_FMC_Init
                0x0000000008000b40       0x9c Core/Src/main.o
 .text.MX_GPIO_Init
                0x0000000008000bdc      0x6c8 Core/Src/main.o
 .text.LCD_GPIO_Init
                0x00000000080012a4      0x184 Core/Src/main.o
                0x00000000080012a4                LCD_GPIO_Init
 .text.LTDC_Init
                0x0000000008001428      0x198 Core/Src/main.o
 .text.CAMERA_Init
                0x00000000080015c0       0x68 Core/Src/main.o
                0x00000000080015c0                CAMERA_Init
 .text.Error_Handler
                0x0000000008001628        0xe Core/Src/main.o
                0x0000000008001628                Error_Handler
 *fill*         0x0000000008001636        0x2 
 .text.ov9655_Init
                0x0000000008001638       0xf8 Core/Src/ov9655.o
                0x0000000008001638                ov9655_Init
 .text.ov9655_Config
                0x0000000008001730      0x144 Core/Src/ov9655.o
                0x0000000008001730                ov9655_Config
 .text.ov9655_ReadID
                0x0000000008001874       0x26 Core/Src/ov9655.o
                0x0000000008001874                ov9655_ReadID
 *fill*         0x000000000800189a        0x2 
 .text.ov9655_ConvertValue
                0x000000000800189c      0x1e8 Core/Src/ov9655.o
 .text.I2Cx_MspInit
                0x0000000008001a84      0x160 Core/Src/stm32746g_discovery.o
 .text.I2Cx_Init
                0x0000000008001be4       0x78 Core/Src/stm32746g_discovery.o
 .text.I2Cx_ReadMultiple
                0x0000000008001c5c       0x5a Core/Src/stm32746g_discovery.o
 .text.I2Cx_WriteMultiple
                0x0000000008001cb6       0x5a Core/Src/stm32746g_discovery.o
 .text.I2Cx_Error
                0x0000000008001d10       0x20 Core/Src/stm32746g_discovery.o
 .text.CAMERA_IO_Init
                0x0000000008001d30       0x14 Core/Src/stm32746g_discovery.o
                0x0000000008001d30                CAMERA_IO_Init
 .text.CAMERA_IO_Write
                0x0000000008001d44       0x34 Core/Src/stm32746g_discovery.o
                0x0000000008001d44                CAMERA_IO_Write
 .text.CAMERA_IO_Read
                0x0000000008001d78       0x3c Core/Src/stm32746g_discovery.o
                0x0000000008001d78                CAMERA_IO_Read
 .text.CAMERA_Delay
                0x0000000008001db4       0x16 Core/Src/stm32746g_discovery.o
                0x0000000008001db4                CAMERA_Delay
 *fill*         0x0000000008001dca        0x2 
 .text.BSP_SDRAM_Init
                0x0000000008001dcc       0xbc Core/Src/stm32746g_discovery_sdram.o
                0x0000000008001dcc                BSP_SDRAM_Init
 .text.BSP_SDRAM_Initialization_sequence
                0x0000000008001e88       0xc0 Core/Src/stm32746g_discovery_sdram.o
                0x0000000008001e88                BSP_SDRAM_Initialization_sequence
 .text.BSP_SDRAM_ReadData
                0x0000000008001f48       0x30 Core/Src/stm32746g_discovery_sdram.o
                0x0000000008001f48                BSP_SDRAM_ReadData
 .text.BSP_SDRAM_WriteData
                0x0000000008001f78       0x30 Core/Src/stm32746g_discovery_sdram.o
                0x0000000008001f78                BSP_SDRAM_WriteData
 .text.BSP_SDRAM_MspInit
                0x0000000008001fa8      0x1f0 Core/Src/stm32746g_discovery_sdram.o
                0x0000000008001fa8                BSP_SDRAM_MspInit
 .text.HAL_MspInit
                0x0000000008002198       0x48 Core/Src/stm32f7xx_hal_msp.o
                0x0000000008002198                HAL_MspInit
 .text.HAL_DCMI_MspInit
                0x00000000080021e0      0x20c Core/Src/stm32f7xx_hal_msp.o
                0x00000000080021e0                HAL_DCMI_MspInit
 .text.HAL_DMA2D_MspInit
                0x00000000080023ec       0x40 Core/Src/stm32f7xx_hal_msp.o
                0x00000000080023ec                HAL_DMA2D_MspInit
 .text.HAL_LTDC_MspInit
                0x000000000800242c      0x180 Core/Src/stm32f7xx_hal_msp.o
                0x000000000800242c                HAL_LTDC_MspInit
 .text.HAL_UART_MspInit
                0x00000000080025ac       0xc4 Core/Src/stm32f7xx_hal_msp.o
                0x00000000080025ac                HAL_UART_MspInit
 .text.HAL_FMC_MspInit
                0x0000000008002670      0x120 Core/Src/stm32f7xx_hal_msp.o
 .text.HAL_SDRAM_MspInit
                0x0000000008002790       0x14 Core/Src/stm32f7xx_hal_msp.o
                0x0000000008002790                HAL_SDRAM_MspInit
 .text.NMI_Handler
                0x00000000080027a4        0xe Core/Src/stm32f7xx_it.o
                0x00000000080027a4                NMI_Handler
 .text.HardFault_Handler
                0x00000000080027b2        0x6 Core/Src/stm32f7xx_it.o
                0x00000000080027b2                HardFault_Handler
 .text.MemManage_Handler
                0x00000000080027b8        0x6 Core/Src/stm32f7xx_it.o
                0x00000000080027b8                MemManage_Handler
 .text.BusFault_Handler
                0x00000000080027be        0x6 Core/Src/stm32f7xx_it.o
                0x00000000080027be                BusFault_Handler
 .text.UsageFault_Handler
                0x00000000080027c4        0x6 Core/Src/stm32f7xx_it.o
                0x00000000080027c4                UsageFault_Handler
 .text.SVC_Handler
                0x00000000080027ca        0xe Core/Src/stm32f7xx_it.o
                0x00000000080027ca                SVC_Handler
 .text.DebugMon_Handler
                0x00000000080027d8        0xe Core/Src/stm32f7xx_it.o
                0x00000000080027d8                DebugMon_Handler
 .text.PendSV_Handler
                0x00000000080027e6        0xe Core/Src/stm32f7xx_it.o
                0x00000000080027e6                PendSV_Handler
 .text.SysTick_Handler
                0x00000000080027f4        0xc Core/Src/stm32f7xx_it.o
                0x00000000080027f4                SysTick_Handler
 .text.DMA2_Stream1_IRQHandler
                0x0000000008002800       0x14 Core/Src/stm32f7xx_it.o
                0x0000000008002800                DMA2_Stream1_IRQHandler
 .text.DCMI_IRQHandler
                0x0000000008002814       0x14 Core/Src/stm32f7xx_it.o
                0x0000000008002814                DCMI_IRQHandler
 .text.SystemInit
                0x0000000008002828       0x2c Core/Src/system_stm32f7xx.o
                0x0000000008002828                SystemInit
 .text.Reset_Handler
                0x0000000008002854       0x50 Core/Startup/startup_stm32f746nghx.o
                0x0000000008002854                Reset_Handler
 .text.Default_Handler
                0x00000000080028a4        0x2 Core/Startup/startup_stm32f746nghx.o
                0x00000000080028a4                RTC_Alarm_IRQHandler
                0x00000000080028a4                EXTI2_IRQHandler
                0x00000000080028a4                TIM8_CC_IRQHandler
                0x00000000080028a4                UART8_IRQHandler
                0x00000000080028a4                SPI4_IRQHandler
                0x00000000080028a4                TIM1_CC_IRQHandler
                0x00000000080028a4                DMA2_Stream5_IRQHandler
                0x00000000080028a4                DMA1_Stream5_IRQHandler
                0x00000000080028a4                PVD_IRQHandler
                0x00000000080028a4                TAMP_STAMP_IRQHandler
                0x00000000080028a4                CAN2_RX1_IRQHandler
                0x00000000080028a4                EXTI3_IRQHandler
                0x00000000080028a4                TIM8_TRG_COM_TIM14_IRQHandler
                0x00000000080028a4                TIM1_UP_TIM10_IRQHandler
                0x00000000080028a4                TIM8_UP_TIM13_IRQHandler
                0x00000000080028a4                I2C3_ER_IRQHandler
                0x00000000080028a4                EXTI0_IRQHandler
                0x00000000080028a4                I2C2_EV_IRQHandler
                0x00000000080028a4                DMA1_Stream2_IRQHandler
                0x00000000080028a4                CAN1_RX0_IRQHandler
                0x00000000080028a4                FPU_IRQHandler
                0x00000000080028a4                OTG_HS_WKUP_IRQHandler
                0x00000000080028a4                LTDC_ER_IRQHandler
                0x00000000080028a4                CAN2_SCE_IRQHandler
                0x00000000080028a4                DMA2_Stream2_IRQHandler
                0x00000000080028a4                SPI1_IRQHandler
                0x00000000080028a4                TIM6_DAC_IRQHandler
                0x00000000080028a4                TIM1_BRK_TIM9_IRQHandler
                0x00000000080028a4                CAN2_RX0_IRQHandler
                0x00000000080028a4                DMA2_Stream3_IRQHandler
                0x00000000080028a4                SAI2_IRQHandler
                0x00000000080028a4                USART6_IRQHandler
                0x00000000080028a4                USART3_IRQHandler
                0x00000000080028a4                CAN1_RX1_IRQHandler
                0x00000000080028a4                UART5_IRQHandler
                0x00000000080028a4                DMA2_Stream0_IRQHandler
                0x00000000080028a4                TIM4_IRQHandler
                0x00000000080028a4                QUADSPI_IRQHandler
                0x00000000080028a4                I2C1_EV_IRQHandler
                0x00000000080028a4                DMA1_Stream6_IRQHandler
                0x00000000080028a4                DMA1_Stream1_IRQHandler
                0x00000000080028a4                UART4_IRQHandler
                0x00000000080028a4                TIM3_IRQHandler
                0x00000000080028a4                RCC_IRQHandler
                0x00000000080028a4                TIM8_BRK_TIM12_IRQHandler
                0x00000000080028a4                Default_Handler
                0x00000000080028a4                CEC_IRQHandler
                0x00000000080028a4                EXTI15_10_IRQHandler
                0x00000000080028a4                ADC_IRQHandler
                0x00000000080028a4                DMA1_Stream7_IRQHandler
                0x00000000080028a4                SPI5_IRQHandler
                0x00000000080028a4                TIM7_IRQHandler
                0x00000000080028a4                SDMMC1_IRQHandler
                0x00000000080028a4                CAN2_TX_IRQHandler
                0x00000000080028a4                TIM5_IRQHandler
                0x00000000080028a4                DMA2_Stream7_IRQHandler
                0x00000000080028a4                I2C3_EV_IRQHandler
                0x00000000080028a4                EXTI9_5_IRQHandler
                0x00000000080028a4                RTC_WKUP_IRQHandler
                0x00000000080028a4                LTDC_IRQHandler
                0x00000000080028a4                ETH_WKUP_IRQHandler
                0x00000000080028a4                SPDIF_RX_IRQHandler
                0x00000000080028a4                SPI2_IRQHandler
                0x00000000080028a4                OTG_HS_EP1_IN_IRQHandler
                0x00000000080028a4                DMA1_Stream0_IRQHandler
                0x00000000080028a4                CAN1_TX_IRQHandler
                0x00000000080028a4                EXTI4_IRQHandler
                0x00000000080028a4                RNG_IRQHandler
                0x00000000080028a4                ETH_IRQHandler
                0x00000000080028a4                OTG_HS_EP1_OUT_IRQHandler
                0x00000000080028a4                WWDG_IRQHandler
                0x00000000080028a4                SPI6_IRQHandler
                0x00000000080028a4                I2C4_EV_IRQHandler
                0x00000000080028a4                TIM2_IRQHandler
                0x00000000080028a4                OTG_FS_WKUP_IRQHandler
                0x00000000080028a4                TIM1_TRG_COM_TIM11_IRQHandler
                0x00000000080028a4                OTG_HS_IRQHandler
                0x00000000080028a4                DMA2D_IRQHandler
                0x00000000080028a4                EXTI1_IRQHandler
                0x00000000080028a4                UART7_IRQHandler
                0x00000000080028a4                USART2_IRQHandler
                0x00000000080028a4                I2C2_ER_IRQHandler
                0x00000000080028a4                CAN1_SCE_IRQHandler
                0x00000000080028a4                FLASH_IRQHandler
                0x00000000080028a4                DMA2_Stream4_IRQHandler
                0x00000000080028a4                USART1_IRQHandler
                0x00000000080028a4                OTG_FS_IRQHandler
                0x00000000080028a4                SPI3_IRQHandler
                0x00000000080028a4                DMA1_Stream4_IRQHandler
                0x00000000080028a4                I2C1_ER_IRQHandler
                0x00000000080028a4                FMC_IRQHandler
                0x00000000080028a4                LPTIM1_IRQHandler
                0x00000000080028a4                I2C4_ER_IRQHandler
                0x00000000080028a4                DMA2_Stream6_IRQHandler
                0x00000000080028a4                SAI1_IRQHandler
                0x00000000080028a4                DMA1_Stream3_IRQHandler
 .text.HAL_Init
                0x00000000080028a6       0x1a Drivers/STM32F7xx_HAL_Driver/Src/stm32f7xx_hal.o
                0x00000000080028a6                HAL_Init
 .text.HAL_InitTick
                0x00000000080028c0       0x60 Drivers/STM32F7xx_HAL_Driver/Src/stm32f7xx_hal.o
                0x00000000080028c0                HAL_InitTick
 .text.HAL_IncTick
                0x0000000008002920       0x28 Drivers/STM32F7xx_HAL_Driver/Src/stm32f7xx_hal.o
                0x0000000008002920                HAL_IncTick
 .text.HAL_GetTick
                0x0000000008002948       0x18 Drivers/STM32F7xx_HAL_Driver/Src/stm32f7xx_hal.o
                0x0000000008002948                HAL_GetTick
 .text.HAL_Delay
                0x0000000008002960       0x44 Drivers/STM32F7xx_HAL_Driver/Src/stm32f7xx_hal.o
                0x0000000008002960                HAL_Delay
 .text.__NVIC_SetPriorityGrouping
                0x00000000080029a4       0x48 Drivers/STM32F7xx_HAL_Driver/Src/stm32f7xx_hal_cortex.o
 .text.__NVIC_GetPriorityGrouping
                0x00000000080029ec       0x1c Drivers/STM32F7xx_HAL_Driver/Src/stm32f7xx_hal_cortex.o
 .text.__NVIC_EnableIRQ
                0x0000000008002a08       0x3c Drivers/STM32F7xx_HAL_Driver/Src/stm32f7xx_hal_cortex.o
 .text.__NVIC_SetPriority
                0x0000000008002a44       0x54 Drivers/STM32F7xx_HAL_Driver/Src/stm32f7xx_hal_cortex.o
 .text.NVIC_EncodePriority
                0x0000000008002a98       0x66 Drivers/STM32F7xx_HAL_Driver/Src/stm32f7xx_hal_cortex.o
 *fill*         0x0000000008002afe        0x2 
 .text.SysTick_Config
                0x0000000008002b00       0x44 Drivers/STM32F7xx_HAL_Driver/Src/stm32f7xx_hal_cortex.o
 .text.HAL_NVIC_SetPriorityGrouping
                0x0000000008002b44       0x16 Drivers/STM32F7xx_HAL_Driver/Src/stm32f7xx_hal_cortex.o
                0x0000000008002b44                HAL_NVIC_SetPriorityGrouping
 .text.HAL_NVIC_SetPriority
                0x0000000008002b5a       0x38 Drivers/STM32F7xx_HAL_Driver/Src/stm32f7xx_hal_cortex.o
                0x0000000008002b5a                HAL_NVIC_SetPriority
 .text.HAL_NVIC_EnableIRQ
                0x0000000008002b92       0x1c Drivers/STM32F7xx_HAL_Driver/Src/stm32f7xx_hal_cortex.o
                0x0000000008002b92                HAL_NVIC_EnableIRQ
 .text.HAL_SYSTICK_Config
                0x0000000008002bae       0x18 Drivers/STM32F7xx_HAL_Driver/Src/stm32f7xx_hal_cortex.o
                0x0000000008002bae                HAL_SYSTICK_Config
 *fill*         0x0000000008002bc6        0x2 
 .text.HAL_DCMI_Init
                0x0000000008002bc8       0xf4 Drivers/STM32F7xx_HAL_Driver/Src/stm32f7xx_hal_dcmi.o
                0x0000000008002bc8                HAL_DCMI_Init
 .text.HAL_DCMI_Start_DMA
                0x0000000008002cbc      0x15c Drivers/STM32F7xx_HAL_Driver/Src/stm32f7xx_hal_dcmi.o
                0x0000000008002cbc                HAL_DCMI_Start_DMA
 .text.HAL_DCMI_IRQHandler
                0x0000000008002e18      0x114 Drivers/STM32F7xx_HAL_Driver/Src/stm32f7xx_hal_dcmi.o
                0x0000000008002e18                HAL_DCMI_IRQHandler
 .text.HAL_DCMI_ErrorCallback
                0x0000000008002f2c       0x14 Drivers/STM32F7xx_HAL_Driver/Src/stm32f7xx_hal_dcmi.o
                0x0000000008002f2c                HAL_DCMI_ErrorCallback
 .text.HAL_DCMI_LineEventCallback
                0x0000000008002f40       0x14 Drivers/STM32F7xx_HAL_Driver/Src/stm32f7xx_hal_dcmi.o
                0x0000000008002f40                HAL_DCMI_LineEventCallback
 .text.HAL_DCMI_VsyncEventCallback
                0x0000000008002f54       0x14 Drivers/STM32F7xx_HAL_Driver/Src/stm32f7xx_hal_dcmi.o
                0x0000000008002f54                HAL_DCMI_VsyncEventCallback
 .text.HAL_DCMI_FrameEventCallback
                0x0000000008002f68       0x14 Drivers/STM32F7xx_HAL_Driver/Src/stm32f7xx_hal_dcmi.o
                0x0000000008002f68                HAL_DCMI_FrameEventCallback
 .text.HAL_DCMI_DisableCrop
                0x0000000008002f7c       0x54 Drivers/STM32F7xx_HAL_Driver/Src/stm32f7xx_hal_dcmi.o
                0x0000000008002f7c                HAL_DCMI_DisableCrop
 .text.DCMI_DMAXferCplt
                0x0000000008002fd0      0x12a Drivers/STM32F7xx_HAL_Driver/Src/stm32f7xx_hal_dcmi.o
 .text.DCMI_DMAError
                0x00000000080030fa       0x3a Drivers/STM32F7xx_HAL_Driver/Src/stm32f7xx_hal_dcmi.o
 .text.HAL_DMA_Init
                0x0000000008003134      0x15c Drivers/STM32F7xx_HAL_Driver/Src/stm32f7xx_hal_dma.o
                0x0000000008003134                HAL_DMA_Init
 .text.HAL_DMA_DeInit
                0x0000000008003290       0xbc Drivers/STM32F7xx_HAL_Driver/Src/stm32f7xx_hal_dma.o
                0x0000000008003290                HAL_DMA_DeInit
 .text.HAL_DMA_Start_IT
                0x000000000800334c       0xc0 Drivers/STM32F7xx_HAL_Driver/Src/stm32f7xx_hal_dma.o
                0x000000000800334c                HAL_DMA_Start_IT
 .text.HAL_DMA_Abort_IT
                0x000000000800340c       0x44 Drivers/STM32F7xx_HAL_Driver/Src/stm32f7xx_hal_dma.o
                0x000000000800340c                HAL_DMA_Abort_IT
 .text.HAL_DMA_IRQHandler
                0x0000000008003450      0x314 Drivers/STM32F7xx_HAL_Driver/Src/stm32f7xx_hal_dma.o
                0x0000000008003450                HAL_DMA_IRQHandler
 .text.DMA_SetConfig
                0x0000000008003764       0x5c Drivers/STM32F7xx_HAL_Driver/Src/stm32f7xx_hal_dma.o
 .text.DMA_CalcBaseAndBitshift
                0x00000000080037c0       0x6c Drivers/STM32F7xx_HAL_Driver/Src/stm32f7xx_hal_dma.o
 .text.DMA_CheckFifoParam
                0x000000000800382c       0xf4 Drivers/STM32F7xx_HAL_Driver/Src/stm32f7xx_hal_dma.o
 .text.HAL_DMA2D_Init
                0x0000000008003920       0x94 Drivers/STM32F7xx_HAL_Driver/Src/stm32f7xx_hal_dma2d.o
                0x0000000008003920                HAL_DMA2D_Init
 .text.HAL_DMA2D_ConfigLayer
                0x00000000080039b4      0x124 Drivers/STM32F7xx_HAL_Driver/Src/stm32f7xx_hal_dma2d.o
                0x00000000080039b4                HAL_DMA2D_ConfigLayer
 .text.HAL_DMAEx_MultiBufferStart_IT
                0x0000000008003ad8     0x126c Drivers/STM32F7xx_HAL_Driver/Src/stm32f7xx_hal_dma_ex.o
                0x0000000008003ad8                HAL_DMAEx_MultiBufferStart_IT
 .text.HAL_DMAEx_ChangeMemory
                0x0000000008004d44       0x34 Drivers/STM32F7xx_HAL_Driver/Src/stm32f7xx_hal_dma_ex.o
                0x0000000008004d44                HAL_DMAEx_ChangeMemory
 .text.DMA_MultiBufferSetConfig
                0x0000000008004d78       0x4c Drivers/STM32F7xx_HAL_Driver/Src/stm32f7xx_hal_dma_ex.o
 .text.HAL_GPIO_Init
                0x0000000008004dc4      0x354 Drivers/STM32F7xx_HAL_Driver/Src/stm32f7xx_hal_gpio.o
                0x0000000008004dc4                HAL_GPIO_Init
 .text.HAL_GPIO_WritePin
                0x0000000008005118       0x32 Drivers/STM32F7xx_HAL_Driver/Src/stm32f7xx_hal_gpio.o
                0x0000000008005118                HAL_GPIO_WritePin
 *fill*         0x000000000800514a        0x2 
 .text.HAL_I2C_Init
                0x000000000800514c      0x120 Drivers/STM32F7xx_HAL_Driver/Src/stm32f7xx_hal_i2c.o
                0x000000000800514c                HAL_I2C_Init
 .text.HAL_I2C_DeInit
                0x000000000800526c       0x5e Drivers/STM32F7xx_HAL_Driver/Src/stm32f7xx_hal_i2c.o
                0x000000000800526c                HAL_I2C_DeInit
 .text.HAL_I2C_MspInit
                0x00000000080052ca       0x14 Drivers/STM32F7xx_HAL_Driver/Src/stm32f7xx_hal_i2c.o
                0x00000000080052ca                HAL_I2C_MspInit
 .text.HAL_I2C_MspDeInit
                0x00000000080052de       0x14 Drivers/STM32F7xx_HAL_Driver/Src/stm32f7xx_hal_i2c.o
                0x00000000080052de                HAL_I2C_MspDeInit
 *fill*         0x00000000080052f2        0x2 
 .text.HAL_I2C_Mem_Write
                0x00000000080052f4      0x228 Drivers/STM32F7xx_HAL_Driver/Src/stm32f7xx_hal_i2c.o
                0x00000000080052f4                HAL_I2C_Mem_Write
 .text.HAL_I2C_Mem_Read
                0x000000000800551c      0x234 Drivers/STM32F7xx_HAL_Driver/Src/stm32f7xx_hal_i2c.o
                0x000000000800551c                HAL_I2C_Mem_Read
 .text.HAL_I2C_GetState
                0x0000000008005750       0x1c Drivers/STM32F7xx_HAL_Driver/Src/stm32f7xx_hal_i2c.o
                0x0000000008005750                HAL_I2C_GetState
 .text.I2C_RequestMemoryWrite
                0x000000000800576c       0xa8 Drivers/STM32F7xx_HAL_Driver/Src/stm32f7xx_hal_i2c.o
 .text.I2C_RequestMemoryRead
                0x0000000008005814       0xa8 Drivers/STM32F7xx_HAL_Driver/Src/stm32f7xx_hal_i2c.o
 .text.I2C_Flush_TXDR
                0x00000000080058bc       0x48 Drivers/STM32F7xx_HAL_Driver/Src/stm32f7xx_hal_i2c.o
 .text.I2C_WaitOnFlagUntilTimeout
                0x0000000008005904       0x80 Drivers/STM32F7xx_HAL_Driver/Src/stm32f7xx_hal_i2c.o
 .text.I2C_WaitOnTXISFlagUntilTimeout
                0x0000000008005984       0x80 Drivers/STM32F7xx_HAL_Driver/Src/stm32f7xx_hal_i2c.o
 .text.I2C_WaitOnSTOPFlagUntilTimeout
                0x0000000008005a04       0x78 Drivers/STM32F7xx_HAL_Driver/Src/stm32f7xx_hal_i2c.o
 .text.I2C_IsAcknowledgeFailed
                0x0000000008005a7c       0xcc Drivers/STM32F7xx_HAL_Driver/Src/stm32f7xx_hal_i2c.o
 .text.I2C_TransferConfig
                0x0000000008005b48       0x5c Drivers/STM32F7xx_HAL_Driver/Src/stm32f7xx_hal_i2c.o
 .text.HAL_LTDC_Init
                0x0000000008005ba4      0x1a0 Drivers/STM32F7xx_HAL_Driver/Src/stm32f7xx_hal_ltdc.o
                0x0000000008005ba4                HAL_LTDC_Init
 .text.HAL_LTDC_ConfigLayer
                0x0000000008005d44       0x7c Drivers/STM32F7xx_HAL_Driver/Src/stm32f7xx_hal_ltdc.o
                0x0000000008005d44                HAL_LTDC_ConfigLayer
 .text.HAL_LTDC_GetState
                0x0000000008005dc0       0x1c Drivers/STM32F7xx_HAL_Driver/Src/stm32f7xx_hal_ltdc.o
                0x0000000008005dc0                HAL_LTDC_GetState
 .text.LTDC_SetConfig
                0x0000000008005ddc      0x334 Drivers/STM32F7xx_HAL_Driver/Src/stm32f7xx_hal_ltdc.o
 .text.HAL_PWREx_EnableOverDrive
                0x0000000008006110       0xa0 Drivers/STM32F7xx_HAL_Driver/Src/stm32f7xx_hal_pwr_ex.o
                0x0000000008006110                HAL_PWREx_EnableOverDrive
 .text.HAL_RCC_OscConfig
                0x00000000080061b0      0x548 Drivers/STM32F7xx_HAL_Driver/Src/stm32f7xx_hal_rcc.o
                0x00000000080061b0                HAL_RCC_OscConfig
 .text.HAL_RCC_ClockConfig
                0x00000000080066f8      0x1d8 Drivers/STM32F7xx_HAL_Driver/Src/stm32f7xx_hal_rcc.o
                0x00000000080066f8                HAL_RCC_ClockConfig
 .text.HAL_RCC_GetSysClockFreq
                0x00000000080068d0      0x164 Drivers/STM32F7xx_HAL_Driver/Src/stm32f7xx_hal_rcc.o
                0x00000000080068d0                HAL_RCC_GetSysClockFreq
 .text.HAL_RCC_GetHCLKFreq
                0x0000000008006a34       0x18 Drivers/STM32F7xx_HAL_Driver/Src/stm32f7xx_hal_rcc.o
                0x0000000008006a34                HAL_RCC_GetHCLKFreq
 .text.HAL_RCC_GetPCLK1Freq
                0x0000000008006a4c       0x28 Drivers/STM32F7xx_HAL_Driver/Src/stm32f7xx_hal_rcc.o
                0x0000000008006a4c                HAL_RCC_GetPCLK1Freq
 .text.HAL_RCC_GetPCLK2Freq
                0x0000000008006a74       0x28 Drivers/STM32F7xx_HAL_Driver/Src/stm32f7xx_hal_rcc.o
                0x0000000008006a74                HAL_RCC_GetPCLK2Freq
 .text.HAL_RCCEx_PeriphCLKConfig
                0x0000000008006a9c      0x7dc Drivers/STM32F7xx_HAL_Driver/Src/stm32f7xx_hal_rcc_ex.o
                0x0000000008006a9c                HAL_RCCEx_PeriphCLKConfig
 .text.HAL_SDRAM_Init
                0x0000000008007278       0x68 Drivers/STM32F7xx_HAL_Driver/Src/stm32f7xx_hal_sdram.o
                0x0000000008007278                HAL_SDRAM_Init
 .text.HAL_SDRAM_Read_32b
                0x00000000080072e0       0x7e Drivers/STM32F7xx_HAL_Driver/Src/stm32f7xx_hal_sdram.o
                0x00000000080072e0                HAL_SDRAM_Read_32b
 .text.HAL_SDRAM_Write_32b
                0x000000000800735e       0x86 Drivers/STM32F7xx_HAL_Driver/Src/stm32f7xx_hal_sdram.o
                0x000000000800735e                HAL_SDRAM_Write_32b
 .text.HAL_SDRAM_SendCommand
                0x00000000080073e4       0x56 Drivers/STM32F7xx_HAL_Driver/Src/stm32f7xx_hal_sdram.o
                0x00000000080073e4                HAL_SDRAM_SendCommand
 .text.HAL_SDRAM_ProgramRefreshRate
                0x000000000800743a       0x40 Drivers/STM32F7xx_HAL_Driver/Src/stm32f7xx_hal_sdram.o
                0x000000000800743a                HAL_SDRAM_ProgramRefreshRate
 .text.HAL_UART_Init
                0x000000000800747a       0x9c Drivers/STM32F7xx_HAL_Driver/Src/stm32f7xx_hal_uart.o
                0x000000000800747a                HAL_UART_Init
 *fill*         0x0000000008007516        0x2 
 .text.UART_SetConfig
                0x0000000008007518      0x554 Drivers/STM32F7xx_HAL_Driver/Src/stm32f7xx_hal_uart.o
                0x0000000008007518                UART_SetConfig
 .text.UART_AdvFeatureConfig
                0x0000000008007a6c      0x144 Drivers/STM32F7xx_HAL_Driver/Src/stm32f7xx_hal_uart.o
                0x0000000008007a6c                UART_AdvFeatureConfig
 .text.UART_CheckIdleState
                0x0000000008007bb0       0x5e Drivers/STM32F7xx_HAL_Driver/Src/stm32f7xx_hal_uart.o
                0x0000000008007bb0                UART_CheckIdleState
 .text.UART_WaitOnFlagUntilTimeout
                0x0000000008007c0e       0xf6 Drivers/STM32F7xx_HAL_Driver/Src/stm32f7xx_hal_uart.o
                0x0000000008007c0e                UART_WaitOnFlagUntilTimeout
 .text.FMC_SDRAM_Init
                0x0000000008007d04       0xe4 Drivers/STM32F7xx_HAL_Driver/Src/stm32f7xx_ll_fmc.o
                0x0000000008007d04                FMC_SDRAM_Init
 .text.FMC_SDRAM_Timing_Init
                0x0000000008007de8      0x100 Drivers/STM32F7xx_HAL_Driver/Src/stm32f7xx_ll_fmc.o
                0x0000000008007de8                FMC_SDRAM_Timing_Init
 .text.FMC_SDRAM_SendCommand
                0x0000000008007ee8       0x42 Drivers/STM32F7xx_HAL_Driver/Src/stm32f7xx_ll_fmc.o
                0x0000000008007ee8                FMC_SDRAM_SendCommand
 .text.FMC_SDRAM_ProgramRefreshRate
                0x0000000008007f2a       0x26 Drivers/STM32F7xx_HAL_Driver/Src/stm32f7xx_ll_fmc.o
                0x0000000008007f2a                FMC_SDRAM_ProgramRefreshRate
 .text.__libc_init_array
                0x0000000008007f50       0x48 c:/st/stm32cubeide_1.4.0/stm32cubeide/plugins/com.st.stm32cube.ide.mcu.externaltools.gnu-tools-for-stm32.7-2018-q2-update.win32_1.4.0.202007081208/tools/bin/../lib/gcc/arm-none-eabi/7.3.1/../../../../arm-none-eabi/lib/thumb/v7e-m/fpv4-sp/hard\libc_nano.a(lib_a-init.o)
                0x0000000008007f50                __libc_init_array
 .text.memset   0x0000000008007f98       0x10 c:/st/stm32cubeide_1.4.0/stm32cubeide/plugins/com.st.stm32cube.ide.mcu.externaltools.gnu-tools-for-stm32.7-2018-q2-update.win32_1.4.0.202007081208/tools/bin/../lib/gcc/arm-none-eabi/7.3.1/../../../../arm-none-eabi/lib/thumb/v7e-m/fpv4-sp/hard\libc_nano.a(lib_a-memset.o)
                0x0000000008007f98                memset
 *(.glue_7)
 .glue_7        0x0000000008007fa8        0x0 linker stubs
 *(.glue_7t)
 .glue_7t       0x0000000008007fa8        0x0 linker stubs
 *(.eh_frame)
 .eh_frame      0x0000000008007fa8        0x0 c:/st/stm32cubeide_1.4.0/stm32cubeide/plugins/com.st.stm32cube.ide.mcu.externaltools.gnu-tools-for-stm32.7-2018-q2-update.win32_1.4.0.202007081208/tools/bin/../lib/gcc/arm-none-eabi/7.3.1/thumb/v7e-m/fpv4-sp/hard/crtbegin.o
 *(.init)
 .init          0x0000000008007fa8        0x4 c:/st/stm32cubeide_1.4.0/stm32cubeide/plugins/com.st.stm32cube.ide.mcu.externaltools.gnu-tools-for-stm32.7-2018-q2-update.win32_1.4.0.202007081208/tools/bin/../lib/gcc/arm-none-eabi/7.3.1/thumb/v7e-m/fpv4-sp/hard/crti.o
                0x0000000008007fa8                _init
 .init          0x0000000008007fac        0x8 c:/st/stm32cubeide_1.4.0/stm32cubeide/plugins/com.st.stm32cube.ide.mcu.externaltools.gnu-tools-for-stm32.7-2018-q2-update.win32_1.4.0.202007081208/tools/bin/../lib/gcc/arm-none-eabi/7.3.1/thumb/v7e-m/fpv4-sp/hard/crtn.o
 *(.fini)
 .fini          0x0000000008007fb4        0x4 c:/st/stm32cubeide_1.4.0/stm32cubeide/plugins/com.st.stm32cube.ide.mcu.externaltools.gnu-tools-for-stm32.7-2018-q2-update.win32_1.4.0.202007081208/tools/bin/../lib/gcc/arm-none-eabi/7.3.1/thumb/v7e-m/fpv4-sp/hard/crti.o
                0x0000000008007fb4                _fini
 .fini          0x0000000008007fb8        0x8 c:/st/stm32cubeide_1.4.0/stm32cubeide/plugins/com.st.stm32cube.ide.mcu.externaltools.gnu-tools-for-stm32.7-2018-q2-update.win32_1.4.0.202007081208/tools/bin/../lib/gcc/arm-none-eabi/7.3.1/thumb/v7e-m/fpv4-sp/hard/crtn.o
                0x0000000008007fc0                . = ALIGN (0x4)
                0x0000000008007fc0                _etext = .

.vfp11_veneer   0x0000000008007fc0        0x0
 .vfp11_veneer  0x0000000008007fc0        0x0 linker stubs

.v4_bx          0x0000000008007fc0        0x0
 .v4_bx         0x0000000008007fc0        0x0 linker stubs

.iplt           0x0000000008007fc0        0x0
 .iplt          0x0000000008007fc0        0x0 c:/st/stm32cubeide_1.4.0/stm32cubeide/plugins/com.st.stm32cube.ide.mcu.externaltools.gnu-tools-for-stm32.7-2018-q2-update.win32_1.4.0.202007081208/tools/bin/../lib/gcc/arm-none-eabi/7.3.1/thumb/v7e-m/fpv4-sp/hard/crtbegin.o

.rodata         0x0000000008007fc0     0x1e58
                0x0000000008007fc0                . = ALIGN (0x4)
 *(.rodata)
 *(.rodata*)
 .rodata.Font24_Table
                0x0000000008007fc0     0x1ab8 Core/Src/font24.o
                0x0000000008007fc0                Font24_Table
 .rodata.OV9655_VGA
                0x0000000008009a78      0x126 Core/Src/ov9655.o
                0x0000000008009a78                OV9655_VGA
 *fill*         0x0000000008009b9e        0x2 
 .rodata.OV9655_QVGA
                0x0000000008009ba0      0x12c Core/Src/ov9655.o
                0x0000000008009ba0                OV9655_QVGA
 .rodata.OV9655_QQVGA
                0x0000000008009ccc      0x12c Core/Src/ov9655.o
                0x0000000008009ccc                OV9655_QQVGA
 .rodata.AHBPrescTable
                0x0000000008009df8       0x10 Core/Src/system_stm32f7xx.o
                0x0000000008009df8                AHBPrescTable
 .rodata.APBPrescTable
                0x0000000008009e08        0x8 Core/Src/system_stm32f7xx.o
                0x0000000008009e08                APBPrescTable
 .rodata.flagBitshiftOffset.8887
                0x0000000008009e10        0x8 Drivers/STM32F7xx_HAL_Driver/Src/stm32f7xx_hal_dma.o
                0x0000000008009e18                . = ALIGN (0x4)

.ARM.extab      0x0000000008009e18        0x0
                0x0000000008009e18                . = ALIGN (0x4)
 *(.ARM.extab* .gnu.linkonce.armextab.*)
                0x0000000008009e18                . = ALIGN (0x4)

.ARM            0x0000000008009e18        0x8
                0x0000000008009e18                . = ALIGN (0x4)
                0x0000000008009e18                __exidx_start = .
 *(.ARM.exidx*)
 .ARM.exidx     0x0000000008009e18        0x8 c:/st/stm32cubeide_1.4.0/stm32cubeide/plugins/com.st.stm32cube.ide.mcu.externaltools.gnu-tools-for-stm32.7-2018-q2-update.win32_1.4.0.202007081208/tools/bin/../lib/gcc/arm-none-eabi/7.3.1/thumb/v7e-m/fpv4-sp/hard\libgcc.a(_udivmoddi4.o)
                0x0000000008009e20                __exidx_end = .
                0x0000000008009e20                . = ALIGN (0x4)

.rel.dyn        0x0000000008009e20        0x0
 .rel.iplt      0x0000000008009e20        0x0 c:/st/stm32cubeide_1.4.0/stm32cubeide/plugins/com.st.stm32cube.ide.mcu.externaltools.gnu-tools-for-stm32.7-2018-q2-update.win32_1.4.0.202007081208/tools/bin/../lib/gcc/arm-none-eabi/7.3.1/thumb/v7e-m/fpv4-sp/hard/crtbegin.o

.preinit_array  0x0000000008009e20        0x0
                0x0000000008009e20                . = ALIGN (0x4)
                0x0000000008009e20                PROVIDE (__preinit_array_start = .)
 *(.preinit_array*)
                0x0000000008009e20                PROVIDE (__preinit_array_end = .)
                0x0000000008009e20                . = ALIGN (0x4)

.init_array     0x0000000008009e20        0x4
                0x0000000008009e20                . = ALIGN (0x4)
                0x0000000008009e20                PROVIDE (__init_array_start = .)
 *(SORT_BY_NAME(.init_array.*))
 *(.init_array*)
 .init_array    0x0000000008009e20        0x4 c:/st/stm32cubeide_1.4.0/stm32cubeide/plugins/com.st.stm32cube.ide.mcu.externaltools.gnu-tools-for-stm32.7-2018-q2-update.win32_1.4.0.202007081208/tools/bin/../lib/gcc/arm-none-eabi/7.3.1/thumb/v7e-m/fpv4-sp/hard/crtbegin.o
                0x0000000008009e24                PROVIDE (__init_array_end = .)
                0x0000000008009e24                . = ALIGN (0x4)

.fini_array     0x0000000008009e24        0x4
                0x0000000008009e24                . = ALIGN (0x4)
                [!provide]                        PROVIDE (__fini_array_start = .)
 *(SORT_BY_NAME(.fini_array.*))
 *(.fini_array*)
 .fini_array    0x0000000008009e24        0x4 c:/st/stm32cubeide_1.4.0/stm32cubeide/plugins/com.st.stm32cube.ide.mcu.externaltools.gnu-tools-for-stm32.7-2018-q2-update.win32_1.4.0.202007081208/tools/bin/../lib/gcc/arm-none-eabi/7.3.1/thumb/v7e-m/fpv4-sp/hard/crtbegin.o
                [!provide]                        PROVIDE (__fini_array_end = .)
                0x0000000008009e28                . = ALIGN (0x4)
                0x0000000008009e28                _sidata = LOADADDR (.data)

.data           0x0000000020000000       0x24 load address 0x0000000008009e28
                0x0000000020000000                . = ALIGN (0x4)
                0x0000000020000000                _sdata = .
 *(.data)
 *(.data*)
 .data.Font24   0x0000000020000000        0x8 Core/Src/font24.o
                0x0000000020000000                Font24
 .data.ov9655_drv
                0x0000000020000008        0xc Core/Src/ov9655.o
                0x0000000020000008                ov9655_drv
 .data.sdramstatus.8803
                0x0000000020000014        0x1 Core/Src/stm32746g_discovery_sdram.o
 *fill*         0x0000000020000015        0x3 
 .data.SystemCoreClock
                0x0000000020000018        0x4 Core/Src/system_stm32f7xx.o
                0x0000000020000018                SystemCoreClock
 .data.uwTickPrio
                0x000000002000001c        0x4 Drivers/STM32F7xx_HAL_Driver/Src/stm32f7xx_hal.o
                0x000000002000001c                uwTickPrio
 .data.uwTickFreq
                0x0000000020000020        0x1 Drivers/STM32F7xx_HAL_Driver/Src/stm32f7xx_hal.o
                0x0000000020000020                uwTickFreq
                0x0000000020000024                . = ALIGN (0x4)
 *fill*         0x0000000020000021        0x3 
                0x0000000020000024                _edata = .

.igot.plt       0x0000000020000024        0x0 load address 0x0000000008009e4c
 .igot.plt      0x0000000020000024        0x0 c:/st/stm32cubeide_1.4.0/stm32cubeide/plugins/com.st.stm32cube.ide.mcu.externaltools.gnu-tools-for-stm32.7-2018-q2-update.win32_1.4.0.202007081208/tools/bin/../lib/gcc/arm-none-eabi/7.3.1/thumb/v7e-m/fpv4-sp/hard/crtbegin.o
                0x0000000020000024                . = ALIGN (0x4)

.bss            0x0000000020000024    0x25ca4 load address 0x0000000008009e4c
                0x0000000020000024                _sbss = .
                0x0000000020000024                __bss_start__ = _sbss
 *(.bss)
 .bss           0x0000000020000024       0x1c c:/st/stm32cubeide_1.4.0/stm32cubeide/plugins/com.st.stm32cube.ide.mcu.externaltools.gnu-tools-for-stm32.7-2018-q2-update.win32_1.4.0.202007081208/tools/bin/../lib/gcc/arm-none-eabi/7.3.1/thumb/v7e-m/fpv4-sp/hard/crtbegin.o
 *(.bss*)
 .bss.DrawProp  0x0000000020000040       0x18 Core/Src/main.o
 .bss.periph_clk_init_struct
                0x0000000020000058       0x84 Core/Src/main.o
 .bss.CameraHwAddress
                0x00000000200000dc        0x4 Core/Src/main.o
 .bss.Im_size   0x00000000200000e0        0x4 Core/Src/main.o
                0x00000000200000e0                Im_size
 .bss.hI2cAudioHandler
                0x00000000200000e4       0x4c Core/Src/stm32746g_discovery.o
 .bss.hI2cExtHandler
                0x0000000020000130       0x4c Core/Src/stm32746g_discovery.o
 .bss.Timing    0x000000002000017c       0x1c Core/Src/stm32746g_discovery_sdram.o
 .bss.Command   0x0000000020000198       0x10 Core/Src/stm32746g_discovery_sdram.o
 .bss.dma_handle.8839
                0x00000000200001a8       0x60 Core/Src/stm32746g_discovery_sdram.o
 .bss.FMC_Initialized
                0x0000000020000208        0x4 Core/Src/stm32f7xx_hal_msp.o
 *(COMMON)
 COMMON         0x000000002000020c    0x25a84 Core/Src/main.o
                0x000000002000020c                camera_driv
                0x0000000020000210                hdma_dcmi
                0x0000000020000270                layer_cfg
                0x00000000200002a4                hltdc
                0x000000002000034c                hdcmi
                0x000000002000039c                huart1
                0x000000002000041c                photo_buffer_32
                0x0000000020025c1c                hdma2d
                0x0000000020025c5c                hsdram1
 COMMON         0x0000000020025c90       0x34 Core/Src/stm32746g_discovery_sdram.o
                0x0000000020025c90                sdramHandle
 COMMON         0x0000000020025cc4        0x4 Drivers/STM32F7xx_HAL_Driver/Src/stm32f7xx_hal.o
                0x0000000020025cc4                uwTick
                0x0000000020025cc8                . = ALIGN (0x4)
                0x0000000020025cc8                _ebss = .
                0x0000000020025cc8                __bss_end__ = _ebss

._user_heap_stack
                0x0000000020025cc8      0x600 load address 0x0000000008009e4c
                0x0000000020025cc8                . = ALIGN (0x8)
                [!provide]                        PROVIDE (end = .)
                0x0000000020025cc8                PROVIDE (_end = .)
                0x0000000020025ec8                . = (. + _Min_Heap_Size)
 *fill*         0x0000000020025cc8      0x200 
                0x00000000200262c8                . = (. + _Min_Stack_Size)
 *fill*         0x0000000020025ec8      0x400 
                0x00000000200262c8                . = ALIGN (0x8)

/DISCARD/
 libc.a(*)
 libm.a(*)
 libgcc.a(*)

.ARM.attributes
                0x0000000000000000       0x30
 *(.ARM.attributes)
 .ARM.attributes
                0x0000000000000000       0x22 c:/st/stm32cubeide_1.4.0/stm32cubeide/plugins/com.st.stm32cube.ide.mcu.externaltools.gnu-tools-for-stm32.7-2018-q2-update.win32_1.4.0.202007081208/tools/bin/../lib/gcc/arm-none-eabi/7.3.1/thumb/v7e-m/fpv4-sp/hard/crti.o
 .ARM.attributes
                0x0000000000000022       0x34 c:/st/stm32cubeide_1.4.0/stm32cubeide/plugins/com.st.stm32cube.ide.mcu.externaltools.gnu-tools-for-stm32.7-2018-q2-update.win32_1.4.0.202007081208/tools/bin/../lib/gcc/arm-none-eabi/7.3.1/thumb/v7e-m/fpv4-sp/hard/crtbegin.o
 .ARM.attributes
                0x0000000000000056       0x39 Core/Src/font24.o
 .ARM.attributes
                0x000000000000008f       0x39 Core/Src/image_analysis.o
 .ARM.attributes
                0x00000000000000c8       0x39 Core/Src/main.o
 .ARM.attributes
                0x0000000000000101       0x39 Core/Src/ov9655.o
 .ARM.attributes
                0x000000000000013a       0x39 Core/Src/stm32746g_discovery.o
 .ARM.attributes
                0x0000000000000173       0x39 Core/Src/stm32746g_discovery_sdram.o
 .ARM.attributes
                0x00000000000001ac       0x39 Core/Src/stm32f7xx_hal_msp.o
 .ARM.attributes
                0x00000000000001e5       0x39 Core/Src/stm32f7xx_it.o
 .ARM.attributes
                0x000000000000021e       0x39 Core/Src/system_stm32f7xx.o
 .ARM.attributes
                0x0000000000000257       0x21 Core/Startup/startup_stm32f746nghx.o
 .ARM.attributes
                0x0000000000000278       0x39 Drivers/STM32F7xx_HAL_Driver/Src/stm32f7xx_hal.o
 .ARM.attributes
                0x00000000000002b1       0x39 Drivers/STM32F7xx_HAL_Driver/Src/stm32f7xx_hal_cortex.o
 .ARM.attributes
                0x00000000000002ea       0x39 Drivers/STM32F7xx_HAL_Driver/Src/stm32f7xx_hal_dcmi.o
 .ARM.attributes
                0x0000000000000323       0x39 Drivers/STM32F7xx_HAL_Driver/Src/stm32f7xx_hal_dma.o
 .ARM.attributes
                0x000000000000035c       0x39 Drivers/STM32F7xx_HAL_Driver/Src/stm32f7xx_hal_dma2d.o
 .ARM.attributes
                0x0000000000000395       0x39 Drivers/STM32F7xx_HAL_Driver/Src/stm32f7xx_hal_dma_ex.o
 .ARM.attributes
                0x00000000000003ce       0x39 Drivers/STM32F7xx_HAL_Driver/Src/stm32f7xx_hal_gpio.o
 .ARM.attributes
                0x0000000000000407       0x39 Drivers/STM32F7xx_HAL_Driver/Src/stm32f7xx_hal_i2c.o
 .ARM.attributes
                0x0000000000000440       0x39 Drivers/STM32F7xx_HAL_Driver/Src/stm32f7xx_hal_ltdc.o
 .ARM.attributes
                0x0000000000000479       0x39 Drivers/STM32F7xx_HAL_Driver/Src/stm32f7xx_hal_pwr_ex.o
 .ARM.attributes
                0x00000000000004b2       0x39 Drivers/STM32F7xx_HAL_Driver/Src/stm32f7xx_hal_rcc.o
 .ARM.attributes
                0x00000000000004eb       0x39 Drivers/STM32F7xx_HAL_Driver/Src/stm32f7xx_hal_rcc_ex.o
 .ARM.attributes
                0x0000000000000524       0x39 Drivers/STM32F7xx_HAL_Driver/Src/stm32f7xx_hal_sdram.o
 .ARM.attributes
                0x000000000000055d       0x39 Drivers/STM32F7xx_HAL_Driver/Src/stm32f7xx_hal_uart.o
 .ARM.attributes
                0x0000000000000596       0x39 Drivers/STM32F7xx_HAL_Driver/Src/stm32f7xx_ll_fmc.o
 .ARM.attributes
                0x00000000000005cf       0x34 c:/st/stm32cubeide_1.4.0/stm32cubeide/plugins/com.st.stm32cube.ide.mcu.externaltools.gnu-tools-for-stm32.7-2018-q2-update.win32_1.4.0.202007081208/tools/bin/../lib/gcc/arm-none-eabi/7.3.1/../../../../arm-none-eabi/lib/thumb/v7e-m/fpv4-sp/hard\libc_nano.a(lib_a-init.o)
 .ARM.attributes
                0x0000000000000603       0x34 c:/st/stm32cubeide_1.4.0/stm32cubeide/plugins/com.st.stm32cube.ide.mcu.externaltools.gnu-tools-for-stm32.7-2018-q2-update.win32_1.4.0.202007081208/tools/bin/../lib/gcc/arm-none-eabi/7.3.1/../../../../arm-none-eabi/lib/thumb/v7e-m/fpv4-sp/hard\libc_nano.a(lib_a-memset.o)
 .ARM.attributes
                0x0000000000000637       0x22 c:/st/stm32cubeide_1.4.0/stm32cubeide/plugins/com.st.stm32cube.ide.mcu.externaltools.gnu-tools-for-stm32.7-2018-q2-update.win32_1.4.0.202007081208/tools/bin/../lib/gcc/arm-none-eabi/7.3.1/thumb/v7e-m/fpv4-sp/hard\libgcc.a(_aeabi_uldivmod.o)
 .ARM.attributes
                0x0000000000000659       0x34 c:/st/stm32cubeide_1.4.0/stm32cubeide/plugins/com.st.stm32cube.ide.mcu.externaltools.gnu-tools-for-stm32.7-2018-q2-update.win32_1.4.0.202007081208/tools/bin/../lib/gcc/arm-none-eabi/7.3.1/thumb/v7e-m/fpv4-sp/hard\libgcc.a(_udivmoddi4.o)
 .ARM.attributes
                0x000000000000068d       0x22 c:/st/stm32cubeide_1.4.0/stm32cubeide/plugins/com.st.stm32cube.ide.mcu.externaltools.gnu-tools-for-stm32.7-2018-q2-update.win32_1.4.0.202007081208/tools/bin/../lib/gcc/arm-none-eabi/7.3.1/thumb/v7e-m/fpv4-sp/hard\libgcc.a(_dvmd_tls.o)
 .ARM.attributes
                0x00000000000006af       0x22 c:/st/stm32cubeide_1.4.0/stm32cubeide/plugins/com.st.stm32cube.ide.mcu.externaltools.gnu-tools-for-stm32.7-2018-q2-update.win32_1.4.0.202007081208/tools/bin/../lib/gcc/arm-none-eabi/7.3.1/thumb/v7e-m/fpv4-sp/hard/crtn.o
OUTPUT(CameraTutoF7.elf elf32-littlearm)

.debug_info     0x0000000000000000    0x13f5e
 .debug_info    0x0000000000000000      0x147 Core/Src/font24.o
 .debug_info    0x0000000000000147      0x132 Core/Src/image_analysis.o
 .debug_info    0x0000000000000279     0x216c Core/Src/main.o
 .debug_info    0x00000000000023e5      0x385 Core/Src/ov9655.o
 .debug_info    0x000000000000276a     0x19bb Core/Src/stm32746g_discovery.o
 .debug_info    0x0000000000004125      0xf1e Core/Src/stm32746g_discovery_sdram.o
 .debug_info    0x0000000000005043     0x1a5b Core/Src/stm32f7xx_hal_msp.o
 .debug_info    0x0000000000006a9e      0x6f7 Core/Src/stm32f7xx_it.o
 .debug_info    0x0000000000007195      0x73d Core/Src/system_stm32f7xx.o
 .debug_info    0x00000000000078d2       0x22 Core/Startup/startup_stm32f746nghx.o
 .debug_info    0x00000000000078f4      0x9d3 Drivers/STM32F7xx_HAL_Driver/Src/stm32f7xx_hal.o
 .debug_info    0x00000000000082c7     0x104a Drivers/STM32F7xx_HAL_Driver/Src/stm32f7xx_hal_cortex.o
 .debug_info    0x0000000000009311      0xb04 Drivers/STM32F7xx_HAL_Driver/Src/stm32f7xx_hal_dcmi.o
 .debug_info    0x0000000000009e15      0x968 Drivers/STM32F7xx_HAL_Driver/Src/stm32f7xx_hal_dma.o
 .debug_info    0x000000000000a77d      0xee9 Drivers/STM32F7xx_HAL_Driver/Src/stm32f7xx_hal_dma2d.o
 .debug_info    0x000000000000b666      0x5d3 Drivers/STM32F7xx_HAL_Driver/Src/stm32f7xx_hal_dma_ex.o
 .debug_info    0x000000000000bc39      0x7dc Drivers/STM32F7xx_HAL_Driver/Src/stm32f7xx_hal_gpio.o
 .debug_info    0x000000000000c415     0x1fb9 Drivers/STM32F7xx_HAL_Driver/Src/stm32f7xx_hal_i2c.o
 .debug_info    0x000000000000e3ce     0x1104 Drivers/STM32F7xx_HAL_Driver/Src/stm32f7xx_hal_ltdc.o
 .debug_info    0x000000000000f4d2      0x96b Drivers/STM32F7xx_HAL_Driver/Src/stm32f7xx_hal_pwr_ex.o
 .debug_info    0x000000000000fe3d      0x935 Drivers/STM32F7xx_HAL_Driver/Src/stm32f7xx_hal_rcc.o
 .debug_info    0x0000000000010772      0x7ad Drivers/STM32F7xx_HAL_Driver/Src/stm32f7xx_hal_rcc_ex.o
 .debug_info    0x0000000000010f1f      0xca1 Drivers/STM32F7xx_HAL_Driver/Src/stm32f7xx_hal_sdram.o
 .debug_info    0x0000000000011bc0     0x16d1 Drivers/STM32F7xx_HAL_Driver/Src/stm32f7xx_hal_uart.o
 .debug_info    0x0000000000013291      0xccd Drivers/STM32F7xx_HAL_Driver/Src/stm32f7xx_ll_fmc.o

.debug_abbrev   0x0000000000000000     0x2c3f
 .debug_abbrev  0x0000000000000000       0xa5 Core/Src/font24.o
 .debug_abbrev  0x00000000000000a5       0x9e Core/Src/image_analysis.o
 .debug_abbrev  0x0000000000000143      0x274 Core/Src/main.o
 .debug_abbrev  0x00000000000003b7      0x168 Core/Src/ov9655.o
 .debug_abbrev  0x000000000000051f      0x287 Core/Src/stm32746g_discovery.o
 .debug_abbrev  0x00000000000007a6      0x218 Core/Src/stm32746g_discovery_sdram.o
 .debug_abbrev  0x00000000000009be      0x24b Core/Src/stm32f7xx_hal_msp.o
 .debug_abbrev  0x0000000000000c09      0x149 Core/Src/stm32f7xx_it.o
 .debug_abbrev  0x0000000000000d52      0x147 Core/Src/system_stm32f7xx.o
 .debug_abbrev  0x0000000000000e99       0x12 Core/Startup/startup_stm32f746nghx.o
 .debug_abbrev  0x0000000000000eab      0x1c7 Drivers/STM32F7xx_HAL_Driver/Src/stm32f7xx_hal.o
 .debug_abbrev  0x0000000000001072      0x2fa Drivers/STM32F7xx_HAL_Driver/Src/stm32f7xx_hal_cortex.o
 .debug_abbrev  0x000000000000136c      0x202 Drivers/STM32F7xx_HAL_Driver/Src/stm32f7xx_hal_dcmi.o
 .debug_abbrev  0x000000000000156e      0x229 Drivers/STM32F7xx_HAL_Driver/Src/stm32f7xx_hal_dma.o
 .debug_abbrev  0x0000000000001797      0x211 Drivers/STM32F7xx_HAL_Driver/Src/stm32f7xx_hal_dma2d.o
 .debug_abbrev  0x00000000000019a8      0x1b0 Drivers/STM32F7xx_HAL_Driver/Src/stm32f7xx_hal_dma_ex.o
 .debug_abbrev  0x0000000000001b58      0x1c9 Drivers/STM32F7xx_HAL_Driver/Src/stm32f7xx_hal_gpio.o
 .debug_abbrev  0x0000000000001d21      0x22a Drivers/STM32F7xx_HAL_Driver/Src/stm32f7xx_hal_i2c.o
 .debug_abbrev  0x0000000000001f4b      0x209 Drivers/STM32F7xx_HAL_Driver/Src/stm32f7xx_hal_ltdc.o
 .debug_abbrev  0x0000000000002154      0x1b8 Drivers/STM32F7xx_HAL_Driver/Src/stm32f7xx_hal_pwr_ex.o
 .debug_abbrev  0x000000000000230c      0x21a Drivers/STM32F7xx_HAL_Driver/Src/stm32f7xx_hal_rcc.o
 .debug_abbrev  0x0000000000002526      0x1ad Drivers/STM32F7xx_HAL_Driver/Src/stm32f7xx_hal_rcc_ex.o
 .debug_abbrev  0x00000000000026d3      0x1f7 Drivers/STM32F7xx_HAL_Driver/Src/stm32f7xx_hal_sdram.o
 .debug_abbrev  0x00000000000028ca      0x205 Drivers/STM32F7xx_HAL_Driver/Src/stm32f7xx_hal_uart.o
 .debug_abbrev  0x0000000000002acf      0x170 Drivers/STM32F7xx_HAL_Driver/Src/stm32f7xx_ll_fmc.o

.debug_aranges  0x0000000000000000     0x11a0
 .debug_aranges
                0x0000000000000000       0x18 Core/Src/font24.o
 .debug_aranges
                0x0000000000000018       0x20 Core/Src/image_analysis.o
 .debug_aranges
                0x0000000000000038       0x80 Core/Src/main.o
 .debug_aranges
                0x00000000000000b8       0x38 Core/Src/ov9655.o
 .debug_aranges
                0x00000000000000f0      0x128 Core/Src/stm32746g_discovery.o
 .debug_aranges
                0x0000000000000218       0x68 Core/Src/stm32746g_discovery_sdram.o
 .debug_aranges
                0x0000000000000280       0x80 Core/Src/stm32f7xx_hal_msp.o
 .debug_aranges
                0x0000000000000300       0x70 Core/Src/stm32f7xx_it.o
 .debug_aranges
                0x0000000000000370       0x28 Core/Src/system_stm32f7xx.o
 .debug_aranges
                0x0000000000000398       0x28 Core/Startup/startup_stm32f746nghx.o
 .debug_aranges
                0x00000000000003c0      0x100 Drivers/STM32F7xx_HAL_Driver/Src/stm32f7xx_hal.o
 .debug_aranges
                0x00000000000004c0      0x118 Drivers/STM32F7xx_HAL_Driver/Src/stm32f7xx_hal_cortex.o
 .debug_aranges
                0x00000000000005d8       0xc0 Drivers/STM32F7xx_HAL_Driver/Src/stm32f7xx_hal_dcmi.o
 .debug_aranges
                0x0000000000000698       0x90 Drivers/STM32F7xx_HAL_Driver/Src/stm32f7xx_hal_dma.o
 .debug_aranges
                0x0000000000000728      0x108 Drivers/STM32F7xx_HAL_Driver/Src/stm32f7xx_hal_dma2d.o
 .debug_aranges
                0x0000000000000830       0x38 Drivers/STM32F7xx_HAL_Driver/Src/stm32f7xx_hal_dma_ex.o
 .debug_aranges
                0x0000000000000868       0x58 Drivers/STM32F7xx_HAL_Driver/Src/stm32f7xx_hal_gpio.o
 .debug_aranges
                0x00000000000008c0      0x288 Drivers/STM32F7xx_HAL_Driver/Src/stm32f7xx_hal_i2c.o
 .debug_aranges
                0x0000000000000b48      0x158 Drivers/STM32F7xx_HAL_Driver/Src/stm32f7xx_hal_ltdc.o
 .debug_aranges
                0x0000000000000ca0       0x80 Drivers/STM32F7xx_HAL_Driver/Src/stm32f7xx_hal_pwr_ex.o
 .debug_aranges
                0x0000000000000d20       0x88 Drivers/STM32F7xx_HAL_Driver/Src/stm32f7xx_hal_rcc.o
 .debug_aranges
                0x0000000000000da8       0x50 Drivers/STM32F7xx_HAL_Driver/Src/stm32f7xx_hal_rcc_ex.o
 .debug_aranges
                0x0000000000000df8       0xd0 Drivers/STM32F7xx_HAL_Driver/Src/stm32f7xx_hal_sdram.o
 .debug_aranges
                0x0000000000000ec8      0x210 Drivers/STM32F7xx_HAL_Driver/Src/stm32f7xx_hal_uart.o
 .debug_aranges
                0x00000000000010d8       0xc8 Drivers/STM32F7xx_HAL_Driver/Src/stm32f7xx_ll_fmc.o

.debug_macro    0x0000000000000000    0x27670
 .debug_macro   0x0000000000000000       0x73 Core/Src/font24.o
 .debug_macro   0x0000000000000073      0xa5a Core/Src/font24.o
 .debug_macro   0x0000000000000acd       0x22 Core/Src/font24.o
 .debug_macro   0x0000000000000aef       0x8e Core/Src/font24.o
 .debug_macro   0x0000000000000b7d       0x51 Core/Src/font24.o
 .debug_macro   0x0000000000000bce       0xef Core/Src/font24.o
 .debug_macro   0x0000000000000cbd       0x6a Core/Src/font24.o
 .debug_macro   0x0000000000000d27      0x1df Core/Src/font24.o
 .debug_macro   0x0000000000000f06       0x63 Core/Src/image_analysis.o
 .debug_macro   0x0000000000000f69      0x285 Core/Src/main.o
 .debug_macro   0x00000000000011ee      0x2a5 Core/Src/main.o
 .debug_macro   0x0000000000001493       0x2e Core/Src/main.o
 .debug_macro   0x00000000000014c1       0x3b Core/Src/main.o
 .debug_macro   0x00000000000014fc       0x1c Core/Src/main.o
 .debug_macro   0x0000000000001518       0x22 Core/Src/main.o
 .debug_macro   0x000000000000153a       0xdf Core/Src/main.o
 .debug_macro   0x0000000000001619     0x12cd Core/Src/main.o
 .debug_macro   0x00000000000028e6      0x11f Core/Src/main.o
 .debug_macro   0x0000000000002a05       0x19 Core/Src/main.o
 .debug_macro   0x0000000000002a1e    0x190f0 Core/Src/main.o
 .debug_macro   0x000000000001bb0e       0x43 Core/Src/main.o
 .debug_macro   0x000000000001bb51     0x36b4 Core/Src/main.o
 .debug_macro   0x000000000001f205      0x174 Core/Src/main.o
 .debug_macro   0x000000000001f379       0x61 Core/Src/main.o
 .debug_macro   0x000000000001f3da     0x18ad Core/Src/main.o
 .debug_macro   0x0000000000020c87      0x6c4 Core/Src/main.o
 .debug_macro   0x000000000002134b      0x185 Core/Src/main.o
 .debug_macro   0x00000000000214d0      0x117 Core/Src/main.o
 .debug_macro   0x00000000000215e7      0x1fe Core/Src/main.o
 .debug_macro   0x00000000000217e5       0x27 Core/Src/main.o
 .debug_macro   0x000000000002180c      0x24f Core/Src/main.o
 .debug_macro   0x0000000000021a5b       0x41 Core/Src/main.o
 .debug_macro   0x0000000000021a9c       0x58 Core/Src/main.o
 .debug_macro   0x0000000000021af4      0x236 Core/Src/main.o
 .debug_macro   0x0000000000021d2a      0x20f Core/Src/main.o
 .debug_macro   0x0000000000021f39      0x22c Core/Src/main.o
 .debug_macro   0x0000000000022165      0x14f Core/Src/main.o
 .debug_macro   0x00000000000222b4      0x25b Core/Src/main.o
 .debug_macro   0x000000000002250f       0x12 Core/Src/main.o
 .debug_macro   0x0000000000022521      0x514 Core/Src/main.o
 .debug_macro   0x0000000000022a35      0x22c Core/Src/main.o
 .debug_macro   0x0000000000022c61       0x5a Core/Src/main.o
 .debug_macro   0x0000000000022cbb       0xa5 Core/Src/main.o
 .debug_macro   0x0000000000022d60      0x198 Core/Src/main.o
 .debug_macro   0x0000000000022ef8       0xd6 Core/Src/main.o
 .debug_macro   0x0000000000022fce      0x12f Core/Src/main.o
 .debug_macro   0x00000000000230fd      0x108 Core/Src/main.o
 .debug_macro   0x0000000000023205       0x35 Core/Src/main.o
 .debug_macro   0x000000000002323a      0x53c Core/Src/main.o
 .debug_macro   0x0000000000023776       0x44 Core/Src/main.o
 .debug_macro   0x00000000000237ba      0x14e Core/Src/main.o
 .debug_macro   0x0000000000023908      0x8a4 Core/Src/main.o
 .debug_macro   0x00000000000241ac      0x268 Core/Src/main.o
 .debug_macro   0x0000000000024414       0xa0 Core/Src/main.o
 .debug_macro   0x00000000000244b4       0xa6 Core/Src/main.o
 .debug_macro   0x000000000002455a       0xca Core/Src/main.o
 .debug_macro   0x0000000000024624       0x40 Core/Src/main.o
 .debug_macro   0x0000000000024664       0x10 Core/Src/main.o
 .debug_macro   0x0000000000024674       0x81 Core/Src/ov9655.o
 .debug_macro   0x00000000000246f5       0xa0 Core/Src/ov9655.o
 .debug_macro   0x0000000000024795      0x245 Core/Src/stm32746g_discovery.o
 .debug_macro   0x00000000000249da      0x262 Core/Src/stm32746g_discovery.o
 .debug_macro   0x0000000000024c3c      0x227 Core/Src/stm32746g_discovery_sdram.o
 .debug_macro   0x0000000000024e63       0x9a Core/Src/stm32746g_discovery_sdram.o
 .debug_macro   0x0000000000024efd      0x227 Core/Src/stm32f7xx_hal_msp.o
 .debug_macro   0x0000000000025124      0x231 Core/Src/stm32f7xx_it.o
 .debug_macro   0x0000000000025355      0x21e Core/Src/system_stm32f7xx.o
 .debug_macro   0x0000000000025573      0x23c Drivers/STM32F7xx_HAL_Driver/Src/stm32f7xx_hal.o
 .debug_macro   0x00000000000257af      0x218 Drivers/STM32F7xx_HAL_Driver/Src/stm32f7xx_hal_cortex.o
 .debug_macro   0x00000000000259c7      0x21f Drivers/STM32F7xx_HAL_Driver/Src/stm32f7xx_hal_dcmi.o
 .debug_macro   0x0000000000025be6      0x21e Drivers/STM32F7xx_HAL_Driver/Src/stm32f7xx_hal_dma.o
 .debug_macro   0x0000000000025e04      0x227 Drivers/STM32F7xx_HAL_Driver/Src/stm32f7xx_hal_dma2d.o
 .debug_macro   0x000000000002602b      0x218 Drivers/STM32F7xx_HAL_Driver/Src/stm32f7xx_hal_dma_ex.o
 .debug_macro   0x0000000000026243      0x24e Drivers/STM32F7xx_HAL_Driver/Src/stm32f7xx_hal_gpio.o
 .debug_macro   0x0000000000026491      0x2dd Drivers/STM32F7xx_HAL_Driver/Src/stm32f7xx_hal_i2c.o
 .debug_macro   0x000000000002676e      0x219 Drivers/STM32F7xx_HAL_Driver/Src/stm32f7xx_hal_ltdc.o
 .debug_macro   0x0000000000026987      0x230 Drivers/STM32F7xx_HAL_Driver/Src/stm32f7xx_hal_pwr_ex.o
 .debug_macro   0x0000000000026bb7      0x23c Drivers/STM32F7xx_HAL_Driver/Src/stm32f7xx_hal_rcc.o
 .debug_macro   0x0000000000026df3      0x218 Drivers/STM32F7xx_HAL_Driver/Src/stm32f7xx_hal_rcc_ex.o
 .debug_macro   0x000000000002700b      0x218 Drivers/STM32F7xx_HAL_Driver/Src/stm32f7xx_hal_sdram.o
 .debug_macro   0x0000000000027223      0x235 Drivers/STM32F7xx_HAL_Driver/Src/stm32f7xx_hal_uart.o
 .debug_macro   0x0000000000027458      0x218 Drivers/STM32F7xx_HAL_Driver/Src/stm32f7xx_ll_fmc.o

.debug_line     0x0000000000000000    0x1025b
 .debug_line    0x0000000000000000      0x38b Core/Src/font24.o
 .debug_line    0x000000000000038b      0x3d2 Core/Src/image_analysis.o
 .debug_line    0x000000000000075d      0xab6 Core/Src/main.o
 .debug_line    0x0000000000001213      0x47d Core/Src/ov9655.o
 .debug_line    0x0000000000001690      0xa5d Core/Src/stm32746g_discovery.o
 .debug_line    0x00000000000020ed      0x874 Core/Src/stm32746g_discovery_sdram.o
 .debug_line    0x0000000000002961      0x8ec Core/Src/stm32f7xx_hal_msp.o
 .debug_line    0x000000000000324d      0x816 Core/Src/stm32f7xx_it.o
 .debug_line    0x0000000000003a63      0x767 Core/Src/system_stm32f7xx.o
 .debug_line    0x00000000000041ca       0x85 Core/Startup/startup_stm32f746nghx.o
 .debug_line    0x000000000000424f      0x976 Drivers/STM32F7xx_HAL_Driver/Src/stm32f7xx_hal.o
 .debug_line    0x0000000000004bc5      0xa77 Drivers/STM32F7xx_HAL_Driver/Src/stm32f7xx_hal_cortex.o
 .debug_line    0x000000000000563c      0xa9b Drivers/STM32F7xx_HAL_Driver/Src/stm32f7xx_hal_dcmi.o
 .debug_line    0x00000000000060d7      0xa22 Drivers/STM32F7xx_HAL_Driver/Src/stm32f7xx_hal_dma.o
 .debug_line    0x0000000000006af9      0xcaf Drivers/STM32F7xx_HAL_Driver/Src/stm32f7xx_hal_dma2d.o
 .debug_line    0x00000000000077a8     0x12db Drivers/STM32F7xx_HAL_Driver/Src/stm32f7xx_hal_dma_ex.o
 .debug_line    0x0000000000008a83      0x95b Drivers/STM32F7xx_HAL_Driver/Src/stm32f7xx_hal_gpio.o
 .debug_line    0x00000000000093de     0x1ad2 Drivers/STM32F7xx_HAL_Driver/Src/stm32f7xx_hal_i2c.o
 .debug_line    0x000000000000aeb0     0x1025 Drivers/STM32F7xx_HAL_Driver/Src/stm32f7xx_hal_ltdc.o
 .debug_line    0x000000000000bed5      0x897 Drivers/STM32F7xx_HAL_Driver/Src/stm32f7xx_hal_pwr_ex.o
 .debug_line    0x000000000000c76c      0x9ec Drivers/STM32F7xx_HAL_Driver/Src/stm32f7xx_hal_rcc.o
 .debug_line    0x000000000000d158      0x95e Drivers/STM32F7xx_HAL_Driver/Src/stm32f7xx_hal_rcc_ex.o
 .debug_line    0x000000000000dab6      0xaaa Drivers/STM32F7xx_HAL_Driver/Src/stm32f7xx_hal_sdram.o
 .debug_line    0x000000000000e560     0x12fd Drivers/STM32F7xx_HAL_Driver/Src/stm32f7xx_hal_uart.o
 .debug_line    0x000000000000f85d      0x9fe Drivers/STM32F7xx_HAL_Driver/Src/stm32f7xx_ll_fmc.o

.debug_str      0x0000000000000000    0xeed9d
 .debug_str     0x0000000000000000     0x3b37 Core/Src/font24.o
                                       0x3cb0 (size before relaxing)
 .debug_str     0x0000000000003b37       0x44 Core/Src/image_analysis.o
                                       0x3c3c (size before relaxing)
 .debug_str     0x0000000000003b7b    0xe6c01 Core/Src/main.o
                                      0xeafc6 (size before relaxing)
 .debug_str     0x00000000000ea77c       0xe3 Core/Src/ov9655.o
                                       0x442e (size before relaxing)
 .debug_str     0x00000000000ea85f      0x742 Core/Src/stm32746g_discovery.o
                                      0xe7c3e (size before relaxing)
 .debug_str     0x00000000000eafa1      0x1a9 Core/Src/stm32746g_discovery_sdram.o
                                      0xe6910 (size before relaxing)
 .debug_str     0x00000000000eb14a      0x128 Core/Src/stm32f7xx_hal_msp.o
                                      0xe8b4b (size before relaxing)
 .debug_str     0x00000000000eb272       0xd5 Core/Src/stm32f7xx_it.o
                                      0xe7c26 (size before relaxing)
 .debug_str     0x00000000000eb347      0x18d Core/Src/system_stm32f7xx.o
                                      0xe59bc (size before relaxing)
 .debug_str     0x00000000000eb4d4       0x36 Core/Startup/startup_stm32f746nghx.o
                                         0x78 (size before relaxing)
 .debug_str     0x00000000000eb50a      0x37a Drivers/STM32F7xx_HAL_Driver/Src/stm32f7xx_hal.o
                                      0xe626e (size before relaxing)
 .debug_str     0x00000000000eb884      0x37e Drivers/STM32F7xx_HAL_Driver/Src/stm32f7xx_hal_cortex.o
                                      0xe6315 (size before relaxing)
 .debug_str     0x00000000000ebc02      0x237 Drivers/STM32F7xx_HAL_Driver/Src/stm32f7xx_hal_dcmi.o
                                      0xe5e82 (size before relaxing)
 .debug_str     0x00000000000ebe39      0x323 Drivers/STM32F7xx_HAL_Driver/Src/stm32f7xx_hal_dma.o
                                      0xe5cf6 (size before relaxing)
 .debug_str     0x00000000000ec15c      0x373 Drivers/STM32F7xx_HAL_Driver/Src/stm32f7xx_hal_dma2d.o
                                      0xe5ea7 (size before relaxing)
 .debug_str     0x00000000000ec4cf       0xe3 Drivers/STM32F7xx_HAL_Driver/Src/stm32f7xx_hal_dma_ex.o
                                      0xe5ad3 (size before relaxing)
 .debug_str     0x00000000000ec5b2      0x244 Drivers/STM32F7xx_HAL_Driver/Src/stm32f7xx_hal_gpio.o
                                      0xe5b92 (size before relaxing)
 .debug_str     0x00000000000ec7f6      0xd00 Drivers/STM32F7xx_HAL_Driver/Src/stm32f7xx_hal_i2c.o
                                      0xe6aaa (size before relaxing)
 .debug_str     0x00000000000ed4f6      0x467 Drivers/STM32F7xx_HAL_Driver/Src/stm32f7xx_hal_ltdc.o
                                      0xe5f2a (size before relaxing)
 .debug_str     0x00000000000ed95d      0x1d1 Drivers/STM32F7xx_HAL_Driver/Src/stm32f7xx_hal_pwr_ex.o
                                      0xe5c36 (size before relaxing)
 .debug_str     0x00000000000edb2e      0x262 Drivers/STM32F7xx_HAL_Driver/Src/stm32f7xx_hal_rcc.o
                                      0xe5cd7 (size before relaxing)
 .debug_str     0x00000000000edd90      0x161 Drivers/STM32F7xx_HAL_Driver/Src/stm32f7xx_hal_rcc_ex.o
                                      0xe5c61 (size before relaxing)
 .debug_str     0x00000000000edef1      0x254 Drivers/STM32F7xx_HAL_Driver/Src/stm32f7xx_hal_sdram.o
                                      0xe5eca (size before relaxing)
 .debug_str     0x00000000000ee145      0x7e1 Drivers/STM32F7xx_HAL_Driver/Src/stm32f7xx_hal_uart.o
                                      0xe651b (size before relaxing)
 .debug_str     0x00000000000ee926      0x477 Drivers/STM32F7xx_HAL_Driver/Src/stm32f7xx_ll_fmc.o
                                      0xe5e1a (size before relaxing)

.comment        0x0000000000000000       0x7b
 .comment       0x0000000000000000       0x7b Core/Src/font24.o
                                         0x7c (size before relaxing)
 .comment       0x000000000000007b       0x7c Core/Src/image_analysis.o
 .comment       0x000000000000007b       0x7c Core/Src/main.o
 .comment       0x000000000000007b       0x7c Core/Src/ov9655.o
 .comment       0x000000000000007b       0x7c Core/Src/stm32746g_discovery.o
 .comment       0x000000000000007b       0x7c Core/Src/stm32746g_discovery_sdram.o
 .comment       0x000000000000007b       0x7c Core/Src/stm32f7xx_hal_msp.o
 .comment       0x000000000000007b       0x7c Core/Src/stm32f7xx_it.o
 .comment       0x000000000000007b       0x7c Core/Src/system_stm32f7xx.o
 .comment       0x000000000000007b       0x7c Drivers/STM32F7xx_HAL_Driver/Src/stm32f7xx_hal.o
 .comment       0x000000000000007b       0x7c Drivers/STM32F7xx_HAL_Driver/Src/stm32f7xx_hal_cortex.o
 .comment       0x000000000000007b       0x7c Drivers/STM32F7xx_HAL_Driver/Src/stm32f7xx_hal_dcmi.o
 .comment       0x000000000000007b       0x7c Drivers/STM32F7xx_HAL_Driver/Src/stm32f7xx_hal_dma.o
 .comment       0x000000000000007b       0x7c Drivers/STM32F7xx_HAL_Driver/Src/stm32f7xx_hal_dma2d.o
 .comment       0x000000000000007b       0x7c Drivers/STM32F7xx_HAL_Driver/Src/stm32f7xx_hal_dma_ex.o
 .comment       0x000000000000007b       0x7c Drivers/STM32F7xx_HAL_Driver/Src/stm32f7xx_hal_gpio.o
 .comment       0x000000000000007b       0x7c Drivers/STM32F7xx_HAL_Driver/Src/stm32f7xx_hal_i2c.o
 .comment       0x000000000000007b       0x7c Drivers/STM32F7xx_HAL_Driver/Src/stm32f7xx_hal_ltdc.o
 .comment       0x000000000000007b       0x7c Drivers/STM32F7xx_HAL_Driver/Src/stm32f7xx_hal_pwr_ex.o
 .comment       0x000000000000007b       0x7c Drivers/STM32F7xx_HAL_Driver/Src/stm32f7xx_hal_rcc.o
 .comment       0x000000000000007b       0x7c Drivers/STM32F7xx_HAL_Driver/Src/stm32f7xx_hal_rcc_ex.o
 .comment       0x000000000000007b       0x7c Drivers/STM32F7xx_HAL_Driver/Src/stm32f7xx_hal_sdram.o
 .comment       0x000000000000007b       0x7c Drivers/STM32F7xx_HAL_Driver/Src/stm32f7xx_hal_uart.o
 .comment       0x000000000000007b       0x7c Drivers/STM32F7xx_HAL_Driver/Src/stm32f7xx_ll_fmc.o

.debug_ranges   0x0000000000000000     0x1010
 .debug_ranges  0x0000000000000000       0x10 Core/Src/image_analysis.o
 .debug_ranges  0x0000000000000010       0x70 Core/Src/main.o
 .debug_ranges  0x0000000000000080       0x28 Core/Src/ov9655.o
 .debug_ranges  0x00000000000000a8      0x118 Core/Src/stm32746g_discovery.o
 .debug_ranges  0x00000000000001c0       0x58 Core/Src/stm32746g_discovery_sdram.o
 .debug_ranges  0x0000000000000218       0x70 Core/Src/stm32f7xx_hal_msp.o
 .debug_ranges  0x0000000000000288       0x60 Core/Src/stm32f7xx_it.o
 .debug_ranges  0x00000000000002e8       0x18 Core/Src/system_stm32f7xx.o
 .debug_ranges  0x0000000000000300       0x20 Core/Startup/startup_stm32f746nghx.o
 .debug_ranges  0x0000000000000320       0xf0 Drivers/STM32F7xx_HAL_Driver/Src/stm32f7xx_hal.o
 .debug_ranges  0x0000000000000410      0x108 Drivers/STM32F7xx_HAL_Driver/Src/stm32f7xx_hal_cortex.o
 .debug_ranges  0x0000000000000518       0xb0 Drivers/STM32F7xx_HAL_Driver/Src/stm32f7xx_hal_dcmi.o
 .debug_ranges  0x00000000000005c8       0x80 Drivers/STM32F7xx_HAL_Driver/Src/stm32f7xx_hal_dma.o
 .debug_ranges  0x0000000000000648       0xf8 Drivers/STM32F7xx_HAL_Driver/Src/stm32f7xx_hal_dma2d.o
 .debug_ranges  0x0000000000000740       0x28 Drivers/STM32F7xx_HAL_Driver/Src/stm32f7xx_hal_dma_ex.o
 .debug_ranges  0x0000000000000768       0x48 Drivers/STM32F7xx_HAL_Driver/Src/stm32f7xx_hal_gpio.o
 .debug_ranges  0x00000000000007b0      0x278 Drivers/STM32F7xx_HAL_Driver/Src/stm32f7xx_hal_i2c.o
 .debug_ranges  0x0000000000000a28      0x148 Drivers/STM32F7xx_HAL_Driver/Src/stm32f7xx_hal_ltdc.o
 .debug_ranges  0x0000000000000b70       0x70 Drivers/STM32F7xx_HAL_Driver/Src/stm32f7xx_hal_pwr_ex.o
 .debug_ranges  0x0000000000000be0       0x78 Drivers/STM32F7xx_HAL_Driver/Src/stm32f7xx_hal_rcc.o
 .debug_ranges  0x0000000000000c58       0x40 Drivers/STM32F7xx_HAL_Driver/Src/stm32f7xx_hal_rcc_ex.o
 .debug_ranges  0x0000000000000c98       0xc0 Drivers/STM32F7xx_HAL_Driver/Src/stm32f7xx_hal_sdram.o
 .debug_ranges  0x0000000000000d58      0x200 Drivers/STM32F7xx_HAL_Driver/Src/stm32f7xx_hal_uart.o
 .debug_ranges  0x0000000000000f58       0xb8 Drivers/STM32F7xx_HAL_Driver/Src/stm32f7xx_ll_fmc.o

.debug_frame    0x0000000000000000     0x4874
 .debug_frame   0x0000000000000000       0x38 Core/Src/image_analysis.o
 .debug_frame   0x0000000000000038      0x1cc Core/Src/main.o
 .debug_frame   0x0000000000000204       0xac Core/Src/ov9655.o
 .debug_frame   0x00000000000002b0      0x4b0 Core/Src/stm32746g_discovery.o
 .debug_frame   0x0000000000000760      0x168 Core/Src/stm32746g_discovery_sdram.o
 .debug_frame   0x00000000000008c8      0x1e8 Core/Src/stm32f7xx_hal_msp.o
 .debug_frame   0x0000000000000ab0      0x144 Core/Src/stm32f7xx_it.o
 .debug_frame   0x0000000000000bf4       0x58 Core/Src/system_stm32f7xx.o
 .debug_frame   0x0000000000000c4c      0x3b4 Drivers/STM32F7xx_HAL_Driver/Src/stm32f7xx_hal.o
 .debug_frame   0x0000000000001000      0x498 Drivers/STM32F7xx_HAL_Driver/Src/stm32f7xx_hal_cortex.o
 .debug_frame   0x0000000000001498      0x348 Drivers/STM32F7xx_HAL_Driver/Src/stm32f7xx_hal_dcmi.o
 .debug_frame   0x00000000000017e0      0x250 Drivers/STM32F7xx_HAL_Driver/Src/stm32f7xx_hal_dma.o
 .debug_frame   0x0000000000001a30      0x490 Drivers/STM32F7xx_HAL_Driver/Src/stm32f7xx_hal_dma2d.o
 .debug_frame   0x0000000000001ec0       0xac Drivers/STM32F7xx_HAL_Driver/Src/stm32f7xx_hal_dma_ex.o
 .debug_frame   0x0000000000001f6c      0x14c Drivers/STM32F7xx_HAL_Driver/Src/stm32f7xx_hal_gpio.o
 .debug_frame   0x00000000000020b8      0xbbc Drivers/STM32F7xx_HAL_Driver/Src/stm32f7xx_hal_i2c.o
 .debug_frame   0x0000000000002c74      0x61c Drivers/STM32F7xx_HAL_Driver/Src/stm32f7xx_hal_ltdc.o
 .debug_frame   0x0000000000003290      0x1c8 Drivers/STM32F7xx_HAL_Driver/Src/stm32f7xx_hal_pwr_ex.o
 .debug_frame   0x0000000000003458      0x1f4 Drivers/STM32F7xx_HAL_Driver/Src/stm32f7xx_hal_rcc.o
 .debug_frame   0x000000000000364c      0x118 Drivers/STM32F7xx_HAL_Driver/Src/stm32f7xx_hal_rcc_ex.o
 .debug_frame   0x0000000000003764      0x37c Drivers/STM32F7xx_HAL_Driver/Src/stm32f7xx_hal_sdram.o
 .debug_frame   0x0000000000003ae0      0x96c Drivers/STM32F7xx_HAL_Driver/Src/stm32f7xx_hal_uart.o
 .debug_frame   0x000000000000444c      0x37c Drivers/STM32F7xx_HAL_Driver/Src/stm32f7xx_ll_fmc.o
 .debug_frame   0x00000000000047c8       0x2c c:/st/stm32cubeide_1.4.0/stm32cubeide/plugins/com.st.stm32cube.ide.mcu.externaltools.gnu-tools-for-stm32.7-2018-q2-update.win32_1.4.0.202007081208/tools/bin/../lib/gcc/arm-none-eabi/7.3.1/../../../../arm-none-eabi/lib/thumb/v7e-m/fpv4-sp/hard\libc_nano.a(lib_a-init.o)
 .debug_frame   0x00000000000047f4       0x20 c:/st/stm32cubeide_1.4.0/stm32cubeide/plugins/com.st.stm32cube.ide.mcu.externaltools.gnu-tools-for-stm32.7-2018-q2-update.win32_1.4.0.202007081208/tools/bin/../lib/gcc/arm-none-eabi/7.3.1/../../../../arm-none-eabi/lib/thumb/v7e-m/fpv4-sp/hard\libc_nano.a(lib_a-memset.o)
 .debug_frame   0x0000000000004814       0x2c c:/st/stm32cubeide_1.4.0/stm32cubeide/plugins/com.st.stm32cube.ide.mcu.externaltools.gnu-tools-for-stm32.7-2018-q2-update.win32_1.4.0.202007081208/tools/bin/../lib/gcc/arm-none-eabi/7.3.1/thumb/v7e-m/fpv4-sp/hard\libgcc.a(_aeabi_uldivmod.o)
 .debug_frame   0x0000000000004840       0x34 c:/st/stm32cubeide_1.4.0/stm32cubeide/plugins/com.st.stm32cube.ide.mcu.externaltools.gnu-tools-for-stm32.7-2018-q2-update.win32_1.4.0.202007081208/tools/bin/../lib/gcc/arm-none-eabi/7.3.1/thumb/v7e-m/fpv4-sp/hard\libgcc.a(_udivmoddi4.o)
