Archive member included to satisfy reference by file (symbol)

c:/st/stm32cubeide_1.4.0/stm32cubeide/plugins/com.st.stm32cube.ide.mcu.externaltools.gnu-tools-for-stm32.7-2018-q2-update.win32_1.5.0.202011040924/tools/bin/../lib/gcc/arm-none-eabi/7.3.1/../../../../arm-none-eabi/lib/thumb/v7e-m/fpv4-sp/hard\libc_nano.a(lib_a-errno.o)
                              Core/Src/syscalls.o (__errno)
c:/st/stm32cubeide_1.4.0/stm32cubeide/plugins/com.st.stm32cube.ide.mcu.externaltools.gnu-tools-for-stm32.7-2018-q2-update.win32_1.5.0.202011040924/tools/bin/../lib/gcc/arm-none-eabi/7.3.1/../../../../arm-none-eabi/lib/thumb/v7e-m/fpv4-sp/hard\libc_nano.a(lib_a-exit.o)
                              c:/st/stm32cubeide_1.4.0/stm32cubeide/plugins/com.st.stm32cube.ide.mcu.externaltools.gnu-tools-for-stm32.7-2018-q2-update.win32_1.5.0.202011040924/tools/bin/../lib/gcc/arm-none-eabi/7.3.1/../../../../arm-none-eabi/lib/thumb/v7e-m/fpv4-sp/hard/crt0.o (exit)
c:/st/stm32cubeide_1.4.0/stm32cubeide/plugins/com.st.stm32cube.ide.mcu.externaltools.gnu-tools-for-stm32.7-2018-q2-update.win32_1.5.0.202011040924/tools/bin/../lib/gcc/arm-none-eabi/7.3.1/../../../../arm-none-eabi/lib/thumb/v7e-m/fpv4-sp/hard\libc_nano.a(lib_a-impure.o)
                              c:/st/stm32cubeide_1.4.0/stm32cubeide/plugins/com.st.stm32cube.ide.mcu.externaltools.gnu-tools-for-stm32.7-2018-q2-update.win32_1.5.0.202011040924/tools/bin/../lib/gcc/arm-none-eabi/7.3.1/../../../../arm-none-eabi/lib/thumb/v7e-m/fpv4-sp/hard\libc_nano.a(lib_a-exit.o) (_global_impure_ptr)
c:/st/stm32cubeide_1.4.0/stm32cubeide/plugins/com.st.stm32cube.ide.mcu.externaltools.gnu-tools-for-stm32.7-2018-q2-update.win32_1.5.0.202011040924/tools/bin/../lib/gcc/arm-none-eabi/7.3.1/../../../../arm-none-eabi/lib/thumb/v7e-m/fpv4-sp/hard\libc_nano.a(lib_a-init.o)
                              c:/st/stm32cubeide_1.4.0/stm32cubeide/plugins/com.st.stm32cube.ide.mcu.externaltools.gnu-tools-for-stm32.7-2018-q2-update.win32_1.5.0.202011040924/tools/bin/../lib/gcc/arm-none-eabi/7.3.1/../../../../arm-none-eabi/lib/thumb/v7e-m/fpv4-sp/hard/crt0.o (__libc_init_array)
c:/st/stm32cubeide_1.4.0/stm32cubeide/plugins/com.st.stm32cube.ide.mcu.externaltools.gnu-tools-for-stm32.7-2018-q2-update.win32_1.5.0.202011040924/tools/bin/../lib/gcc/arm-none-eabi/7.3.1/../../../../arm-none-eabi/lib/thumb/v7e-m/fpv4-sp/hard\libc_nano.a(lib_a-memset.o)
                              c:/st/stm32cubeide_1.4.0/stm32cubeide/plugins/com.st.stm32cube.ide.mcu.externaltools.gnu-tools-for-stm32.7-2018-q2-update.win32_1.5.0.202011040924/tools/bin/../lib/gcc/arm-none-eabi/7.3.1/../../../../arm-none-eabi/lib/thumb/v7e-m/fpv4-sp/hard/crt0.o (memset)
c:/st/stm32cubeide_1.4.0/stm32cubeide/plugins/com.st.stm32cube.ide.mcu.externaltools.gnu-tools-for-stm32.7-2018-q2-update.win32_1.5.0.202011040924/tools/bin/../lib/gcc/arm-none-eabi/7.3.1/thumb/v7e-m/fpv4-sp/hard\libgcc.a(_aeabi_uldivmod.o)
                              Drivers/STM32F7xx_HAL_Driver/Src/stm32f7xx_hal_rcc.o (__aeabi_uldivmod)
c:/st/stm32cubeide_1.4.0/stm32cubeide/plugins/com.st.stm32cube.ide.mcu.externaltools.gnu-tools-for-stm32.7-2018-q2-update.win32_1.5.0.202011040924/tools/bin/../lib/gcc/arm-none-eabi/7.3.1/thumb/v7e-m/fpv4-sp/hard\libgcc.a(_udivmoddi4.o)
                              c:/st/stm32cubeide_1.4.0/stm32cubeide/plugins/com.st.stm32cube.ide.mcu.externaltools.gnu-tools-for-stm32.7-2018-q2-update.win32_1.5.0.202011040924/tools/bin/../lib/gcc/arm-none-eabi/7.3.1/thumb/v7e-m/fpv4-sp/hard\libgcc.a(_aeabi_uldivmod.o) (__udivmoddi4)
c:/st/stm32cubeide_1.4.0/stm32cubeide/plugins/com.st.stm32cube.ide.mcu.externaltools.gnu-tools-for-stm32.7-2018-q2-update.win32_1.5.0.202011040924/tools/bin/../lib/gcc/arm-none-eabi/7.3.1/thumb/v7e-m/fpv4-sp/hard\libgcc.a(_dvmd_tls.o)
                              c:/st/stm32cubeide_1.4.0/stm32cubeide/plugins/com.st.stm32cube.ide.mcu.externaltools.gnu-tools-for-stm32.7-2018-q2-update.win32_1.5.0.202011040924/tools/bin/../lib/gcc/arm-none-eabi/7.3.1/thumb/v7e-m/fpv4-sp/hard\libgcc.a(_aeabi_uldivmod.o) (__aeabi_ldiv0)

Allocating common symbols
Common symbol       size              file

sdramHandle         0x34              Core/Src/stm32746g_discovery_sdram.o
camera_driv         0x4               Core/Src/main.o
hdma_dcmi           0x60              Core/Src/main.o
layer_cfg           0x34              Core/Src/main.o
absposition         0x4               Core/Src/main.o
uwTick              0x4               Drivers/STM32F7xx_HAL_Driver/Src/stm32f7xx_hal.o
pFlash              0x1c              Drivers/STM32F7xx_HAL_Driver/Src/stm32f7xx_hal_flash.o
htim3               0x40              Core/Src/main.o
hltdc               0xa8              Core/Src/main.o
hdcmi               0x50              Core/Src/main.o
huart1              0x80              Core/Src/main.o
htim6               0x40              Core/Src/main.o
photo_buffer_32     0x25800           Core/Src/main.o
hdma2d              0x40              Core/Src/main.o
[...]
Memory Configuration

Name             Origin             Length             Attributes
RAM              0x0000000020000000 0x0000000000050000 xrw
FLASH            0x0000000008000000 0x0000000000100000 xr
*default*        0x0000000000000000 0xffffffffffffffff

Linker script and memory map

LOAD c:/st/stm32cubeide_1.4.0/stm32cubeide/plugins/com.st.stm32cube.ide.mcu.externaltools.gnu-tools-for-stm32.7-2018-q2-update.win32_1.5.0.202011040924/tools/bin/../lib/gcc/arm-none-eabi/7.3.1/thumb/v7e-m/fpv4-sp/hard/crti.o
LOAD c:/st/stm32cubeide_1.4.0/stm32cubeide/plugins/com.st.stm32cube.ide.mcu.externaltools.gnu-tools-for-stm32.7-2018-q2-update.win32_1.5.0.202011040924/tools/bin/../lib/gcc/arm-none-eabi/7.3.1/thumb/v7e-m/fpv4-sp/hard/crtbegin.o
LOAD c:/st/stm32cubeide_1.4.0/stm32cubeide/plugins/com.st.stm32cube.ide.mcu.externaltools.gnu-tools-for-stm32.7-2018-q2-update.win32_1.5.0.202011040924/tools/bin/../lib/gcc/arm-none-eabi/7.3.1/../../../../arm-none-eabi/lib/thumb/v7e-m/fpv4-sp/hard/crt0.o
LOAD Core/Src/arm_bitreversal2.o
LOAD Core/Src/arm_common_tables.o
LOAD Core/Src/arm_const_structs.o
LOAD Core/Src/arm_conv_f32.o
LOAD Core/Src/arm_conv_fast_q15.o
LOAD Core/Src/arm_conv_q7.o
LOAD Core/Src/arm_fir_q7.o
LOAD Core/Src/arm_mat_mult_f32.o
LOAD Core/Src/font24.o
LOAD Core/Src/image_analysis.o
LOAD Core/Src/main.o
LOAD Core/Src/ov9655.o
LOAD Core/Src/stm32746g_discovery.o
LOAD Core/Src/stm32746g_discovery_sdram.o
LOAD Core/Src/stm32f7xx_hal_msp.o
LOAD Core/Src/stm32f7xx_it.o
LOAD Core/Src/syscalls.o
LOAD Core/Src/sysmem.o
LOAD Core/Src/system_stm32f7xx.o
LOAD Core/Startup/startup_stm32f746nghx.o
LOAD Drivers/STM32F7xx_HAL_Driver/Src/stm32f7xx_hal.o
LOAD Drivers/STM32F7xx_HAL_Driver/Src/stm32f7xx_hal_cortex.o
LOAD Drivers/STM32F7xx_HAL_Driver/Src/stm32f7xx_hal_dcmi.o
LOAD Drivers/STM32F7xx_HAL_Driver/Src/stm32f7xx_hal_dcmi_ex.o
LOAD Drivers/STM32F7xx_HAL_Driver/Src/stm32f7xx_hal_dma.o
LOAD Drivers/STM32F7xx_HAL_Driver/Src/stm32f7xx_hal_dma2d.o
LOAD Drivers/STM32F7xx_HAL_Driver/Src/stm32f7xx_hal_dma_ex.o
LOAD Drivers/STM32F7xx_HAL_Driver/Src/stm32f7xx_hal_dsi.o
LOAD Drivers/STM32F7xx_HAL_Driver/Src/stm32f7xx_hal_exti.o
LOAD Drivers/STM32F7xx_HAL_Driver/Src/stm32f7xx_hal_flash.o
LOAD Drivers/STM32F7xx_HAL_Driver/Src/stm32f7xx_hal_flash_ex.o
LOAD Drivers/STM32F7xx_HAL_Driver/Src/stm32f7xx_hal_gpio.o
LOAD Drivers/STM32F7xx_HAL_Driver/Src/stm32f7xx_hal_i2c.o
LOAD Drivers/STM32F7xx_HAL_Driver/Src/stm32f7xx_hal_i2c_ex.o
LOAD Drivers/STM32F7xx_HAL_Driver/Src/stm32f7xx_hal_ltdc.o
LOAD Drivers/STM32F7xx_HAL_Driver/Src/stm32f7xx_hal_ltdc_ex.o
LOAD Drivers/STM32F7xx_HAL_Driver/Src/stm32f7xx_hal_pwr.o
LOAD Drivers/STM32F7xx_HAL_Driver/Src/stm32f7xx_hal_pwr_ex.o
LOAD Drivers/STM32F7xx_HAL_Driver/Src/stm32f7xx_hal_rcc.o
LOAD Drivers/STM32F7xx_HAL_Driver/Src/stm32f7xx_hal_rcc_ex.o
LOAD Drivers/STM32F7xx_HAL_Driver/Src/stm32f7xx_hal_sdram.o
LOAD Drivers/STM32F7xx_HAL_Driver/Src/stm32f7xx_hal_tim.o
LOAD Drivers/STM32F7xx_HAL_Driver/Src/stm32f7xx_hal_tim_ex.o
LOAD Drivers/STM32F7xx_HAL_Driver/Src/stm32f7xx_hal_uart.o
LOAD Drivers/STM32F7xx_HAL_Driver/Src/stm32f7xx_hal_uart_ex.o
LOAD Drivers/STM32F7xx_HAL_Driver/Src/stm32f7xx_ll_fmc.o
START GROUP
LOAD c:/st/stm32cubeide_1.4.0/stm32cubeide/plugins/com.st.stm32cube.ide.mcu.externaltools.gnu-tools-for-stm32.7-2018-q2-update.win32_1.5.0.202011040924/tools/bin/../lib/gcc/arm-none-eabi/7.3.1/../../../../arm-none-eabi/lib/thumb/v7e-m/fpv4-sp/hard\libc_nano.a
LOAD c:/st/stm32cubeide_1.4.0/stm32cubeide/plugins/com.st.stm32cube.ide.mcu.externaltools.gnu-tools-for-stm32.7-2018-q2-update.win32_1.5.0.202011040924/tools/bin/../lib/gcc/arm-none-eabi/7.3.1/../../../../arm-none-eabi/lib/thumb/v7e-m/fpv4-sp/hard\libm.a
END GROUP
START GROUP
LOAD c:/st/stm32cubeide_1.4.0/stm32cubeide/plugins/com.st.stm32cube.ide.mcu.externaltools.gnu-tools-for-stm32.7-2018-q2-update.win32_1.5.0.202011040924/tools/bin/../lib/gcc/arm-none-eabi/7.3.1/thumb/v7e-m/fpv4-sp/hard\libgcc.a
LOAD c:/st/stm32cubeide_1.4.0/stm32cubeide/plugins/com.st.stm32cube.ide.mcu.externaltools.gnu-tools-for-stm32.7-2018-q2-update.win32_1.5.0.202011040924/tools/bin/../lib/gcc/arm-none-eabi/7.3.1/../../../../arm-none-eabi/lib/thumb/v7e-m/fpv4-sp/hard\libc_nano.a
END GROUP
START GROUP
LOAD c:/st/stm32cubeide_1.4.0/stm32cubeide/plugins/com.st.stm32cube.ide.mcu.externaltools.gnu-tools-for-stm32.7-2018-q2-update.win32_1.5.0.202011040924/tools/bin/../lib/gcc/arm-none-eabi/7.3.1/thumb/v7e-m/fpv4-sp/hard\libgcc.a
LOAD c:/st/stm32cubeide_1.4.0/stm32cubeide/plugins/com.st.stm32cube.ide.mcu.externaltools.gnu-tools-for-stm32.7-2018-q2-update.win32_1.5.0.202011040924/tools/bin/../lib/gcc/arm-none-eabi/7.3.1/../../../../arm-none-eabi/lib/thumb/v7e-m/fpv4-sp/hard\libc_nano.a
LOAD c:/st/stm32cubeide_1.4.0/stm32cubeide/plugins/com.st.stm32cube.ide.mcu.externaltools.gnu-tools-for-stm32.7-2018-q2-update.win32_1.5.0.202011040924/tools/bin/../lib/gcc/arm-none-eabi/7.3.1/../../../../arm-none-eabi/lib/thumb/v7e-m/fpv4-sp/hard\libnosys.a
END GROUP
START GROUP
LOAD c:/st/stm32cubeide_1.4.0/stm32cubeide/plugins/com.st.stm32cube.ide.mcu.externaltools.gnu-tools-for-stm32.7-2018-q2-update.win32_1.5.0.202011040924/tools/bin/../lib/gcc/arm-none-eabi/7.3.1/thumb/v7e-m/fpv4-sp/hard\libgcc.a
LOAD c:/st/stm32cubeide_1.4.0/stm32cubeide/plugins/com.st.stm32cube.ide.mcu.externaltools.gnu-tools-for-stm32.7-2018-q2-update.win32_1.5.0.202011040924/tools/bin/../lib/gcc/arm-none-eabi/7.3.1/../../../../arm-none-eabi/lib/thumb/v7e-m/fpv4-sp/hard\libc_nano.a
LOAD c:/st/stm32cubeide_1.4.0/stm32cubeide/plugins/com.st.stm32cube.ide.mcu.externaltools.gnu-tools-for-stm32.7-2018-q2-update.win32_1.5.0.202011040924/tools/bin/../lib/gcc/arm-none-eabi/7.3.1/../../../../arm-none-eabi/lib/thumb/v7e-m/fpv4-sp/hard\libnosys.a
END GROUP
LOAD c:/st/stm32cubeide_1.4.0/stm32cubeide/plugins/com.st.stm32cube.ide.mcu.externaltools.gnu-tools-for-stm32.7-2018-q2-update.win32_1.5.0.202011040924/tools/bin/../lib/gcc/arm-none-eabi/7.3.1/thumb/v7e-m/fpv4-sp/hard/crtend.o
LOAD c:/st/stm32cubeide_1.4.0/stm32cubeide/plugins/com.st.stm32cube.ide.mcu.externaltools.gnu-tools-for-stm32.7-2018-q2-update.win32_1.5.0.202011040924/tools/bin/../lib/gcc/arm-none-eabi/7.3.1/thumb/v7e-m/fpv4-sp/hard/crtn.o
                0x0000000020050000                _estack = (ORIGIN (RAM) + LENGTH (RAM))
                0x0000000000000200                _Min_Heap_Size = 0x200
                0x0000000000000400                _Min_Stack_Size = 0x400

.isr_vector     0x0000000008000000      0x1c8
                0x0000000008000000                . = ALIGN (0x4)
 *(.isr_vector)
 .isr_vector    0x0000000008000000      0x1c8 Core/Startup/startup_stm32f746nghx.o
                0x0000000008000000                g_pfnVectors
                0x00000000080001c8                . = ALIGN (0x4)

.text           0x00000000080001c8     0x8e44
                0x00000000080001c8                . = ALIGN (0x4)
 *(.text)
 .text          0x00000000080001c8       0x40 c:/st/stm32cubeide_1.4.0/stm32cubeide/plugins/com.st.stm32cube.ide.mcu.externaltools.gnu-tools-for-stm32.7-2018-q2-update.win32_1.5.0.202011040924/tools/bin/../lib/gcc/arm-none-eabi/7.3.1/thumb/v7e-m/fpv4-sp/hard/crtbegin.o
 .text          0x0000000008000208       0x30 c:/st/stm32cubeide_1.4.0/stm32cubeide/plugins/com.st.stm32cube.ide.mcu.externaltools.gnu-tools-for-stm32.7-2018-q2-update.win32_1.5.0.202011040924/tools/bin/../lib/gcc/arm-none-eabi/7.3.1/thumb/v7e-m/fpv4-sp/hard\libgcc.a(_aeabi_uldivmod.o)
                0x0000000008000208                __aeabi_uldivmod
 .text          0x0000000008000238      0x2cc c:/st/stm32cubeide_1.4.0/stm32cubeide/plugins/com.st.stm32cube.ide.mcu.externaltools.gnu-tools-for-stm32.7-2018-q2-update.win32_1.5.0.202011040924/tools/bin/../lib/gcc/arm-none-eabi/7.3.1/thumb/v7e-m/fpv4-sp/hard\libgcc.a(_udivmoddi4.o)
                0x0000000008000238                __udivmoddi4
 .text          0x0000000008000504        0x4 c:/st/stm32cubeide_1.4.0/stm32cubeide/plugins/com.st.stm32cube.ide.mcu.externaltools.gnu-tools-for-stm32.7-2018-q2-update.win32_1.5.0.202011040924/tools/bin/../lib/gcc/arm-none-eabi/7.3.1/thumb/v7e-m/fpv4-sp/hard\libgcc.a(_dvmd_tls.o)
                0x0000000008000504                __aeabi_idiv0
                0x0000000008000504                __aeabi_ldiv0
 *(.text*)
 .text.Draw_Blue_Cross
                0x0000000008000508       0xb2 Core/Src/image_analysis.o
                0x0000000008000508                Draw_Blue_Cross
 *fill*         0x00000000080005ba        0x2 
 .text.Filter_Colors_And_Get_Center
                0x00000000080005bc      0x12c Core/Src/image_analysis.o
                0x00000000080005bc                Filter_Colors_And_Get_Center
 .text.Gaussian_Filter
                0x00000000080006e8      0x1e0 Core/Src/image_analysis.o
                0x00000000080006e8                Gaussian_Filter
 .text.TIM2_IRQHandler
                0x00000000080008c8      0x180 Core/Src/main.o
                0x00000000080008c8                TIM2_IRQHandler
 .text.main     0x0000000008000a48      0x2a4 Core/Src/main.o
                0x0000000008000a48                main
 .text.SystemClock_Config
                0x0000000008000cec      0x138 Core/Src/main.o
                0x0000000008000cec                SystemClock_Config
 .text.MX_DCMI_Init
                0x0000000008000e24       0x68 Core/Src/main.o
 .text.MX_DMA2D_Init
                0x0000000008000e8c       0x64 Core/Src/main.o
 .text.MX_LTDC_Init
                0x0000000008000ef0      0x164 Core/Src/main.o
 .text.MX_TIM3_Init
                0x0000000008001054       0xa0 Core/Src/main.o
 .text.MX_TIM6_Init
                0x00000000080010f4       0x6c Core/Src/main.o
 .text.MX_USART1_UART_Init
                0x0000000008001160       0x60 Core/Src/main.o
 .text.MX_DMA_Init
                0x00000000080011c0       0x3c Core/Src/main.o
 .text.MX_FMC_Init
                0x00000000080011fc       0x9c Core/Src/main.o
 .text.MX_GPIO_Init
                0x0000000008001298      0x6c4 Core/Src/main.o
 .text.LCD_GPIO_Init
                0x000000000800195c      0x184 Core/Src/main.o
                0x000000000800195c                LCD_GPIO_Init
 .text.LTDC_Init
                0x0000000008001ae0      0x198 Core/Src/main.o
 .text.CAMERA_Init
                0x0000000008001c78       0x68 Core/Src/main.o
                0x0000000008001c78                CAMERA_Init
 .text.HAL_TIM_PeriodElapsedCallback
                0x0000000008001ce0       0x14 Core/Src/main.o
                0x0000000008001ce0                HAL_TIM_PeriodElapsedCallback
 .text.Error_Handler
                0x0000000008001cf4        0xe Core/Src/main.o
                0x0000000008001cf4                Error_Handler
 *fill*         0x0000000008001d02        0x2 
 .text.ov9655_Init
                0x0000000008001d04       0xf8 Core/Src/ov9655.o
                0x0000000008001d04                ov9655_Init
 .text.ov9655_Config
                0x0000000008001dfc      0x144 Core/Src/ov9655.o
                0x0000000008001dfc                ov9655_Config
 .text.ov9655_ReadID
                0x0000000008001f40       0x26 Core/Src/ov9655.o
                0x0000000008001f40                ov9655_ReadID
 *fill*         0x0000000008001f66        0x2 
 .text.ov9655_ConvertValue
                0x0000000008001f68      0x1e8 Core/Src/ov9655.o
 .text.I2Cx_MspInit
                0x0000000008002150      0x160 Core/Src/stm32746g_discovery.o
 .text.I2Cx_Init
                0x00000000080022b0       0x78 Core/Src/stm32746g_discovery.o
 .text.I2Cx_ReadMultiple
                0x0000000008002328       0x5a Core/Src/stm32746g_discovery.o
 .text.I2Cx_WriteMultiple
                0x0000000008002382       0x5a Core/Src/stm32746g_discovery.o
 .text.I2Cx_Error
                0x00000000080023dc       0x20 Core/Src/stm32746g_discovery.o
 .text.CAMERA_IO_Init
                0x00000000080023fc       0x14 Core/Src/stm32746g_discovery.o
                0x00000000080023fc                CAMERA_IO_Init
 .text.CAMERA_IO_Write
                0x0000000008002410       0x34 Core/Src/stm32746g_discovery.o
                0x0000000008002410                CAMERA_IO_Write
 .text.CAMERA_IO_Read
                0x0000000008002444       0x3c Core/Src/stm32746g_discovery.o
                0x0000000008002444                CAMERA_IO_Read
 .text.CAMERA_Delay
                0x0000000008002480       0x16 Core/Src/stm32746g_discovery.o
                0x0000000008002480                CAMERA_Delay
 *fill*         0x0000000008002496        0x2 
 .text.BSP_SDRAM_Init
                0x0000000008002498       0xbc Core/Src/stm32746g_discovery_sdram.o
                0x0000000008002498                BSP_SDRAM_Init
 .text.BSP_SDRAM_Initialization_sequence
                0x0000000008002554       0xc0 Core/Src/stm32746g_discovery_sdram.o
                0x0000000008002554                BSP_SDRAM_Initialization_sequence
 .text.BSP_SDRAM_ReadData
                0x0000000008002614       0x30 Core/Src/stm32746g_discovery_sdram.o
                0x0000000008002614                BSP_SDRAM_ReadData
 .text.BSP_SDRAM_WriteData
                0x0000000008002644       0x30 Core/Src/stm32746g_discovery_sdram.o
                0x0000000008002644                BSP_SDRAM_WriteData
 .text.BSP_SDRAM_MspInit
                0x0000000008002674      0x1f0 Core/Src/stm32746g_discovery_sdram.o
                0x0000000008002674                BSP_SDRAM_MspInit
 .text.HAL_MspInit
                0x0000000008002864       0x48 Core/Src/stm32f7xx_hal_msp.o
                0x0000000008002864                HAL_MspInit
 .text.HAL_DCMI_MspInit
                0x00000000080028ac      0x20c Core/Src/stm32f7xx_hal_msp.o
                0x00000000080028ac                HAL_DCMI_MspInit
 .text.HAL_DMA2D_MspInit
                0x0000000008002ab8       0x40 Core/Src/stm32f7xx_hal_msp.o
                0x0000000008002ab8                HAL_DMA2D_MspInit
 .text.HAL_LTDC_MspInit
                0x0000000008002af8      0x180 Core/Src/stm32f7xx_hal_msp.o
                0x0000000008002af8                HAL_LTDC_MspInit
 .text.HAL_TIM_Base_MspInit
                0x0000000008002c78       0xc0 Core/Src/stm32f7xx_hal_msp.o
                0x0000000008002c78                HAL_TIM_Base_MspInit
 .text.HAL_UART_MspInit
                0x0000000008002d38       0xc4 Core/Src/stm32f7xx_hal_msp.o
                0x0000000008002d38                HAL_UART_MspInit
 .text.HAL_FMC_MspInit
                0x0000000008002dfc      0x120 Core/Src/stm32f7xx_hal_msp.o
 .text.HAL_SDRAM_MspInit
                0x0000000008002f1c       0x14 Core/Src/stm32f7xx_hal_msp.o
                0x0000000008002f1c                HAL_SDRAM_MspInit
 .text.NMI_Handler
                0x0000000008002f30        0xe Core/Src/stm32f7xx_it.o
                0x0000000008002f30                NMI_Handler
 .text.HardFault_Handler
                0x0000000008002f3e        0x6 Core/Src/stm32f7xx_it.o
                0x0000000008002f3e                HardFault_Handler
 .text.MemManage_Handler
                0x0000000008002f44        0x6 Core/Src/stm32f7xx_it.o
                0x0000000008002f44                MemManage_Handler
 .text.BusFault_Handler
                0x0000000008002f4a        0x6 Core/Src/stm32f7xx_it.o
                0x0000000008002f4a                BusFault_Handler
 .text.UsageFault_Handler
                0x0000000008002f50        0x6 Core/Src/stm32f7xx_it.o
                0x0000000008002f50                UsageFault_Handler
 .text.SVC_Handler
                0x0000000008002f56        0xe Core/Src/stm32f7xx_it.o
                0x0000000008002f56                SVC_Handler
 .text.DebugMon_Handler
                0x0000000008002f64        0xe Core/Src/stm32f7xx_it.o
                0x0000000008002f64                DebugMon_Handler
 .text.PendSV_Handler
                0x0000000008002f72        0xe Core/Src/stm32f7xx_it.o
                0x0000000008002f72                PendSV_Handler
 .text.SysTick_Handler
                0x0000000008002f80        0xc Core/Src/stm32f7xx_it.o
                0x0000000008002f80                SysTick_Handler
 .text.TIM3_IRQHandler
                0x0000000008002f8c       0x14 Core/Src/stm32f7xx_it.o
                0x0000000008002f8c                TIM3_IRQHandler
 .text.DMA2_Stream1_IRQHandler
                0x0000000008002fa0       0x14 Core/Src/stm32f7xx_it.o
                0x0000000008002fa0                DMA2_Stream1_IRQHandler
 .text.DCMI_IRQHandler
                0x0000000008002fb4       0x14 Core/Src/stm32f7xx_it.o
                0x0000000008002fb4                DCMI_IRQHandler
 .text.SystemInit
                0x0000000008002fc8       0x2c Core/Src/system_stm32f7xx.o
                0x0000000008002fc8                SystemInit
 .text.Reset_Handler
                0x0000000008002ff4       0x50 Core/Startup/startup_stm32f746nghx.o
                0x0000000008002ff4                Reset_Handler
 .text.Default_Handler
                0x0000000008003044        0x2 Core/Startup/startup_stm32f746nghx.o
                0x0000000008003044                RTC_Alarm_IRQHandler
                0x0000000008003044                EXTI2_IRQHandler
                0x0000000008003044                TIM8_CC_IRQHandler
                0x0000000008003044                UART8_IRQHandler
                0x0000000008003044                SPI4_IRQHandler
                0x0000000008003044                TIM1_CC_IRQHandler
                0x0000000008003044                DMA2_Stream5_IRQHandler
                0x0000000008003044                DMA1_Stream5_IRQHandler
                0x0000000008003044                PVD_IRQHandler
                0x0000000008003044                TAMP_STAMP_IRQHandler
                0x0000000008003044                CAN2_RX1_IRQHandler
                0x0000000008003044                EXTI3_IRQHandler
                0x0000000008003044                TIM8_TRG_COM_TIM14_IRQHandler
                0x0000000008003044                TIM1_UP_TIM10_IRQHandler
                0x0000000008003044                TIM8_UP_TIM13_IRQHandler
                0x0000000008003044                I2C3_ER_IRQHandler
                0x0000000008003044                EXTI0_IRQHandler
                0x0000000008003044                I2C2_EV_IRQHandler
                0x0000000008003044                DMA1_Stream2_IRQHandler
                0x0000000008003044                CAN1_RX0_IRQHandler
                0x0000000008003044                FPU_IRQHandler
                0x0000000008003044                OTG_HS_WKUP_IRQHandler
                0x0000000008003044                LTDC_ER_IRQHandler
                0x0000000008003044                CAN2_SCE_IRQHandler
                0x0000000008003044                DMA2_Stream2_IRQHandler
                0x0000000008003044                SPI1_IRQHandler
                0x0000000008003044                TIM6_DAC_IRQHandler
                0x0000000008003044                TIM1_BRK_TIM9_IRQHandler
                0x0000000008003044                CAN2_RX0_IRQHandler
                0x0000000008003044                DMA2_Stream3_IRQHandler
                0x0000000008003044                SAI2_IRQHandler
                0x0000000008003044                USART6_IRQHandler
                0x0000000008003044                USART3_IRQHandler
                0x0000000008003044                CAN1_RX1_IRQHandler
                0x0000000008003044                UART5_IRQHandler
                0x0000000008003044                DMA2_Stream0_IRQHandler
                0x0000000008003044                TIM4_IRQHandler
                0x0000000008003044                QUADSPI_IRQHandler
                0x0000000008003044                I2C1_EV_IRQHandler
                0x0000000008003044                DMA1_Stream6_IRQHandler
                0x0000000008003044                DMA1_Stream1_IRQHandler
                0x0000000008003044                UART4_IRQHandler
                0x0000000008003044                RCC_IRQHandler
                0x0000000008003044                TIM8_BRK_TIM12_IRQHandler
                0x0000000008003044                Default_Handler
                0x0000000008003044                CEC_IRQHandler
                0x0000000008003044                EXTI15_10_IRQHandler
                0x0000000008003044                ADC_IRQHandler
                0x0000000008003044                DMA1_Stream7_IRQHandler
                0x0000000008003044                SPI5_IRQHandler
                0x0000000008003044                TIM7_IRQHandler
                0x0000000008003044                SDMMC1_IRQHandler
                0x0000000008003044                CAN2_TX_IRQHandler
                0x0000000008003044                TIM5_IRQHandler
                0x0000000008003044                DMA2_Stream7_IRQHandler
                0x0000000008003044                I2C3_EV_IRQHandler
                0x0000000008003044                EXTI9_5_IRQHandler
                0x0000000008003044                RTC_WKUP_IRQHandler
                0x0000000008003044                LTDC_IRQHandler
                0x0000000008003044                ETH_WKUP_IRQHandler
                0x0000000008003044                SPDIF_RX_IRQHandler
                0x0000000008003044                SPI2_IRQHandler
                0x0000000008003044                OTG_HS_EP1_IN_IRQHandler
                0x0000000008003044                DMA1_Stream0_IRQHandler
                0x0000000008003044                CAN1_TX_IRQHandler
                0x0000000008003044                EXTI4_IRQHandler
                0x0000000008003044                RNG_IRQHandler
                0x0000000008003044                ETH_IRQHandler
                0x0000000008003044                OTG_HS_EP1_OUT_IRQHandler
                0x0000000008003044                WWDG_IRQHandler
                0x0000000008003044                SPI6_IRQHandler
                0x0000000008003044                I2C4_EV_IRQHandler
                0x0000000008003044                OTG_FS_WKUP_IRQHandler
                0x0000000008003044                TIM1_TRG_COM_TIM11_IRQHandler
                0x0000000008003044                OTG_HS_IRQHandler
                0x0000000008003044                DMA2D_IRQHandler
                0x0000000008003044                EXTI1_IRQHandler
                0x0000000008003044                UART7_IRQHandler
                0x0000000008003044                USART2_IRQHandler
                0x0000000008003044                I2C2_ER_IRQHandler
                0x0000000008003044                CAN1_SCE_IRQHandler
                0x0000000008003044                FLASH_IRQHandler
                0x0000000008003044                DMA2_Stream4_IRQHandler
                0x0000000008003044                USART1_IRQHandler
                0x0000000008003044                OTG_FS_IRQHandler
                0x0000000008003044                SPI3_IRQHandler
                0x0000000008003044                DMA1_Stream4_IRQHandler
                0x0000000008003044                I2C1_ER_IRQHandler
                0x0000000008003044                FMC_IRQHandler
                0x0000000008003044                LPTIM1_IRQHandler
                0x0000000008003044                I2C4_ER_IRQHandler
                0x0000000008003044                DMA2_Stream6_IRQHandler
                0x0000000008003044                SAI1_IRQHandler
                0x0000000008003044                DMA1_Stream3_IRQHandler
 .text.HAL_Init
                0x0000000008003046       0x1a Drivers/STM32F7xx_HAL_Driver/Src/stm32f7xx_hal.o
                0x0000000008003046                HAL_Init
 .text.HAL_InitTick
                0x0000000008003060       0x60 Drivers/STM32F7xx_HAL_Driver/Src/stm32f7xx_hal.o
                0x0000000008003060                HAL_InitTick
 .text.HAL_IncTick
                0x00000000080030c0       0x28 Drivers/STM32F7xx_HAL_Driver/Src/stm32f7xx_hal.o
                0x00000000080030c0                HAL_IncTick
 .text.HAL_GetTick
                0x00000000080030e8       0x18 Drivers/STM32F7xx_HAL_Driver/Src/stm32f7xx_hal.o
                0x00000000080030e8                HAL_GetTick
 .text.HAL_Delay
                0x0000000008003100       0x44 Drivers/STM32F7xx_HAL_Driver/Src/stm32f7xx_hal.o
                0x0000000008003100                HAL_Delay
 .text.__NVIC_SetPriorityGrouping
                0x0000000008003144       0x48 Drivers/STM32F7xx_HAL_Driver/Src/stm32f7xx_hal_cortex.o
 .text.__NVIC_GetPriorityGrouping
                0x000000000800318c       0x1c Drivers/STM32F7xx_HAL_Driver/Src/stm32f7xx_hal_cortex.o
 .text.__NVIC_EnableIRQ
                0x00000000080031a8       0x3c Drivers/STM32F7xx_HAL_Driver/Src/stm32f7xx_hal_cortex.o
 .text.__NVIC_SetPriority
                0x00000000080031e4       0x54 Drivers/STM32F7xx_HAL_Driver/Src/stm32f7xx_hal_cortex.o
 .text.NVIC_EncodePriority
                0x0000000008003238       0x66 Drivers/STM32F7xx_HAL_Driver/Src/stm32f7xx_hal_cortex.o
 *fill*         0x000000000800329e        0x2 
 .text.SysTick_Config
                0x00000000080032a0       0x44 Drivers/STM32F7xx_HAL_Driver/Src/stm32f7xx_hal_cortex.o
 .text.HAL_NVIC_SetPriorityGrouping
                0x00000000080032e4       0x16 Drivers/STM32F7xx_HAL_Driver/Src/stm32f7xx_hal_cortex.o
                0x00000000080032e4                HAL_NVIC_SetPriorityGrouping
 .text.HAL_NVIC_SetPriority
                0x00000000080032fa       0x38 Drivers/STM32F7xx_HAL_Driver/Src/stm32f7xx_hal_cortex.o
                0x00000000080032fa                HAL_NVIC_SetPriority
 .text.HAL_NVIC_EnableIRQ
                0x0000000008003332       0x1c Drivers/STM32F7xx_HAL_Driver/Src/stm32f7xx_hal_cortex.o
                0x0000000008003332                HAL_NVIC_EnableIRQ
 .text.HAL_SYSTICK_Config
                0x000000000800334e       0x18 Drivers/STM32F7xx_HAL_Driver/Src/stm32f7xx_hal_cortex.o
                0x000000000800334e                HAL_SYSTICK_Config
 *fill*         0x0000000008003366        0x2 
 .text.HAL_DCMI_Init
                0x0000000008003368       0xf4 Drivers/STM32F7xx_HAL_Driver/Src/stm32f7xx_hal_dcmi.o
                0x0000000008003368                HAL_DCMI_Init
 .text.HAL_DCMI_Start_DMA
                0x000000000800345c      0x15c Drivers/STM32F7xx_HAL_Driver/Src/stm32f7xx_hal_dcmi.o
                0x000000000800345c                HAL_DCMI_Start_DMA
 .text.HAL_DCMI_IRQHandler
                0x00000000080035b8      0x114 Drivers/STM32F7xx_HAL_Driver/Src/stm32f7xx_hal_dcmi.o
                0x00000000080035b8                HAL_DCMI_IRQHandler
 .text.HAL_DCMI_ErrorCallback
                0x00000000080036cc       0x14 Drivers/STM32F7xx_HAL_Driver/Src/stm32f7xx_hal_dcmi.o
                0x00000000080036cc                HAL_DCMI_ErrorCallback
 .text.HAL_DCMI_LineEventCallback
                0x00000000080036e0       0x14 Drivers/STM32F7xx_HAL_Driver/Src/stm32f7xx_hal_dcmi.o
                0x00000000080036e0                HAL_DCMI_LineEventCallback
 .text.HAL_DCMI_VsyncEventCallback
                0x00000000080036f4       0x14 Drivers/STM32F7xx_HAL_Driver/Src/stm32f7xx_hal_dcmi.o
                0x00000000080036f4                HAL_DCMI_VsyncEventCallback
 .text.HAL_DCMI_FrameEventCallback
                0x0000000008003708       0x14 Drivers/STM32F7xx_HAL_Driver/Src/stm32f7xx_hal_dcmi.o
                0x0000000008003708                HAL_DCMI_FrameEventCallback
 .text.HAL_DCMI_DisableCrop
                0x000000000800371c       0x54 Drivers/STM32F7xx_HAL_Driver/Src/stm32f7xx_hal_dcmi.o
                0x000000000800371c                HAL_DCMI_DisableCrop
 .text.DCMI_DMAXferCplt
                0x0000000008003770      0x12a Drivers/STM32F7xx_HAL_Driver/Src/stm32f7xx_hal_dcmi.o
 .text.DCMI_DMAError
                0x000000000800389a       0x3a Drivers/STM32F7xx_HAL_Driver/Src/stm32f7xx_hal_dcmi.o
 .text.HAL_DMA_Init
                0x00000000080038d4      0x15c Drivers/STM32F7xx_HAL_Driver/Src/stm32f7xx_hal_dma.o
                0x00000000080038d4                HAL_DMA_Init
 .text.HAL_DMA_DeInit
                0x0000000008003a30       0xbc Drivers/STM32F7xx_HAL_Driver/Src/stm32f7xx_hal_dma.o
                0x0000000008003a30                HAL_DMA_DeInit
 .text.HAL_DMA_Start_IT
                0x0000000008003aec       0xc0 Drivers/STM32F7xx_HAL_Driver/Src/stm32f7xx_hal_dma.o
                0x0000000008003aec                HAL_DMA_Start_IT
 .text.HAL_DMA_Abort_IT
                0x0000000008003bac       0x44 Drivers/STM32F7xx_HAL_Driver/Src/stm32f7xx_hal_dma.o
                0x0000000008003bac                HAL_DMA_Abort_IT
 .text.HAL_DMA_IRQHandler
                0x0000000008003bf0      0x314 Drivers/STM32F7xx_HAL_Driver/Src/stm32f7xx_hal_dma.o
                0x0000000008003bf0                HAL_DMA_IRQHandler
 .text.DMA_SetConfig
                0x0000000008003f04       0x5c Drivers/STM32F7xx_HAL_Driver/Src/stm32f7xx_hal_dma.o
 .text.DMA_CalcBaseAndBitshift
                0x0000000008003f60       0x6c Drivers/STM32F7xx_HAL_Driver/Src/stm32f7xx_hal_dma.o
 .text.DMA_CheckFifoParam
                0x0000000008003fcc       0xf4 Drivers/STM32F7xx_HAL_Driver/Src/stm32f7xx_hal_dma.o
 .text.HAL_DMA2D_Init
                0x00000000080040c0       0x94 Drivers/STM32F7xx_HAL_Driver/Src/stm32f7xx_hal_dma2d.o
                0x00000000080040c0                HAL_DMA2D_Init
 .text.HAL_DMA2D_ConfigLayer
                0x0000000008004154      0x124 Drivers/STM32F7xx_HAL_Driver/Src/stm32f7xx_hal_dma2d.o
                0x0000000008004154                HAL_DMA2D_ConfigLayer
 .text.HAL_DMAEx_MultiBufferStart_IT
                0x0000000008004278     0x126c Drivers/STM32F7xx_HAL_Driver/Src/stm32f7xx_hal_dma_ex.o
                0x0000000008004278                HAL_DMAEx_MultiBufferStart_IT
 .text.HAL_DMAEx_ChangeMemory
                0x00000000080054e4       0x34 Drivers/STM32F7xx_HAL_Driver/Src/stm32f7xx_hal_dma_ex.o
                0x00000000080054e4                HAL_DMAEx_ChangeMemory
 .text.DMA_MultiBufferSetConfig
                0x0000000008005518       0x4c Drivers/STM32F7xx_HAL_Driver/Src/stm32f7xx_hal_dma_ex.o
 .text.HAL_GPIO_Init
                0x0000000008005564      0x354 Drivers/STM32F7xx_HAL_Driver/Src/stm32f7xx_hal_gpio.o
                0x0000000008005564                HAL_GPIO_Init
 .text.HAL_GPIO_WritePin
                0x00000000080058b8       0x32 Drivers/STM32F7xx_HAL_Driver/Src/stm32f7xx_hal_gpio.o
                0x00000000080058b8                HAL_GPIO_WritePin
 .text.HAL_GPIO_TogglePin
                0x00000000080058ea       0x34 Drivers/STM32F7xx_HAL_Driver/Src/stm32f7xx_hal_gpio.o
                0x00000000080058ea                HAL_GPIO_TogglePin
 *fill*         0x000000000800591e        0x2 
 .text.HAL_I2C_Init
                0x0000000008005920      0x120 Drivers/STM32F7xx_HAL_Driver/Src/stm32f7xx_hal_i2c.o
                0x0000000008005920                HAL_I2C_Init
 .text.HAL_I2C_DeInit
                0x0000000008005a40       0x5e Drivers/STM32F7xx_HAL_Driver/Src/stm32f7xx_hal_i2c.o
                0x0000000008005a40                HAL_I2C_DeInit
 .text.HAL_I2C_MspInit
                0x0000000008005a9e       0x14 Drivers/STM32F7xx_HAL_Driver/Src/stm32f7xx_hal_i2c.o
                0x0000000008005a9e                HAL_I2C_MspInit
 .text.HAL_I2C_MspDeInit
                0x0000000008005ab2       0x14 Drivers/STM32F7xx_HAL_Driver/Src/stm32f7xx_hal_i2c.o
                0x0000000008005ab2                HAL_I2C_MspDeInit
 *fill*         0x0000000008005ac6        0x2 
 .text.HAL_I2C_Mem_Write
                0x0000000008005ac8      0x228 Drivers/STM32F7xx_HAL_Driver/Src/stm32f7xx_hal_i2c.o
                0x0000000008005ac8                HAL_I2C_Mem_Write
 .text.HAL_I2C_Mem_Read
                0x0000000008005cf0      0x234 Drivers/STM32F7xx_HAL_Driver/Src/stm32f7xx_hal_i2c.o
                0x0000000008005cf0                HAL_I2C_Mem_Read
 .text.HAL_I2C_GetState
                0x0000000008005f24       0x1c Drivers/STM32F7xx_HAL_Driver/Src/stm32f7xx_hal_i2c.o
                0x0000000008005f24                HAL_I2C_GetState
 .text.I2C_RequestMemoryWrite
                0x0000000008005f40       0xa8 Drivers/STM32F7xx_HAL_Driver/Src/stm32f7xx_hal_i2c.o
 .text.I2C_RequestMemoryRead
                0x0000000008005fe8       0xa8 Drivers/STM32F7xx_HAL_Driver/Src/stm32f7xx_hal_i2c.o
 .text.I2C_Flush_TXDR
                0x0000000008006090       0x48 Drivers/STM32F7xx_HAL_Driver/Src/stm32f7xx_hal_i2c.o
 .text.I2C_WaitOnFlagUntilTimeout
                0x00000000080060d8       0x80 Drivers/STM32F7xx_HAL_Driver/Src/stm32f7xx_hal_i2c.o
 .text.I2C_WaitOnTXISFlagUntilTimeout
                0x0000000008006158       0x80 Drivers/STM32F7xx_HAL_Driver/Src/stm32f7xx_hal_i2c.o
 .text.I2C_WaitOnSTOPFlagUntilTimeout
                0x00000000080061d8       0x78 Drivers/STM32F7xx_HAL_Driver/Src/stm32f7xx_hal_i2c.o
 .text.I2C_IsAcknowledgeFailed
                0x0000000008006250       0xcc Drivers/STM32F7xx_HAL_Driver/Src/stm32f7xx_hal_i2c.o
 .text.I2C_TransferConfig
                0x000000000800631c       0x5c Drivers/STM32F7xx_HAL_Driver/Src/stm32f7xx_hal_i2c.o
 .text.HAL_LTDC_Init
                0x0000000008006378      0x1a0 Drivers/STM32F7xx_HAL_Driver/Src/stm32f7xx_hal_ltdc.o
                0x0000000008006378                HAL_LTDC_Init
 .text.HAL_LTDC_ConfigLayer
                0x0000000008006518       0x7c Drivers/STM32F7xx_HAL_Driver/Src/stm32f7xx_hal_ltdc.o
                0x0000000008006518                HAL_LTDC_ConfigLayer
 .text.HAL_LTDC_GetState
                0x0000000008006594       0x1c Drivers/STM32F7xx_HAL_Driver/Src/stm32f7xx_hal_ltdc.o
                0x0000000008006594                HAL_LTDC_GetState
 .text.LTDC_SetConfig
                0x00000000080065b0      0x334 Drivers/STM32F7xx_HAL_Driver/Src/stm32f7xx_hal_ltdc.o
 .text.HAL_PWREx_EnableOverDrive
                0x00000000080068e4       0xa0 Drivers/STM32F7xx_HAL_Driver/Src/stm32f7xx_hal_pwr_ex.o
                0x00000000080068e4                HAL_PWREx_EnableOverDrive
 .text.HAL_RCC_OscConfig
                0x0000000008006984      0x548 Drivers/STM32F7xx_HAL_Driver/Src/stm32f7xx_hal_rcc.o
                0x0000000008006984                HAL_RCC_OscConfig
 .text.HAL_RCC_ClockConfig
                0x0000000008006ecc      0x1d8 Drivers/STM32F7xx_HAL_Driver/Src/stm32f7xx_hal_rcc.o
                0x0000000008006ecc                HAL_RCC_ClockConfig
 .text.HAL_RCC_GetSysClockFreq
                0x00000000080070a4      0x164 Drivers/STM32F7xx_HAL_Driver/Src/stm32f7xx_hal_rcc.o
                0x00000000080070a4                HAL_RCC_GetSysClockFreq
 .text.HAL_RCC_GetHCLKFreq
                0x0000000008007208       0x18 Drivers/STM32F7xx_HAL_Driver/Src/stm32f7xx_hal_rcc.o
                0x0000000008007208                HAL_RCC_GetHCLKFreq
 .text.HAL_RCC_GetPCLK1Freq
                0x0000000008007220       0x28 Drivers/STM32F7xx_HAL_Driver/Src/stm32f7xx_hal_rcc.o
                0x0000000008007220                HAL_RCC_GetPCLK1Freq
 .text.HAL_RCC_GetPCLK2Freq
                0x0000000008007248       0x28 Drivers/STM32F7xx_HAL_Driver/Src/stm32f7xx_hal_rcc.o
                0x0000000008007248                HAL_RCC_GetPCLK2Freq
 .text.HAL_RCCEx_PeriphCLKConfig
                0x0000000008007270      0x7dc Drivers/STM32F7xx_HAL_Driver/Src/stm32f7xx_hal_rcc_ex.o
                0x0000000008007270                HAL_RCCEx_PeriphCLKConfig
 .text.HAL_SDRAM_Init
                0x0000000008007a4c       0x68 Drivers/STM32F7xx_HAL_Driver/Src/stm32f7xx_hal_sdram.o
                0x0000000008007a4c                HAL_SDRAM_Init
 .text.HAL_SDRAM_Read_32b
                0x0000000008007ab4       0x7e Drivers/STM32F7xx_HAL_Driver/Src/stm32f7xx_hal_sdram.o
                0x0000000008007ab4                HAL_SDRAM_Read_32b
 .text.HAL_SDRAM_Write_32b
                0x0000000008007b32       0x86 Drivers/STM32F7xx_HAL_Driver/Src/stm32f7xx_hal_sdram.o
                0x0000000008007b32                HAL_SDRAM_Write_32b
 .text.HAL_SDRAM_SendCommand
                0x0000000008007bb8       0x56 Drivers/STM32F7xx_HAL_Driver/Src/stm32f7xx_hal_sdram.o
                0x0000000008007bb8                HAL_SDRAM_SendCommand
 .text.HAL_SDRAM_ProgramRefreshRate
                0x0000000008007c0e       0x40 Drivers/STM32F7xx_HAL_Driver/Src/stm32f7xx_hal_sdram.o
                0x0000000008007c0e                HAL_SDRAM_ProgramRefreshRate
 .text.HAL_TIM_Base_Init
                0x0000000008007c4e       0x56 Drivers/STM32F7xx_HAL_Driver/Src/stm32f7xx_hal_tim.o
                0x0000000008007c4e                HAL_TIM_Base_Init
 .text.HAL_TIM_Base_Start_IT
                0x0000000008007ca4       0x54 Drivers/STM32F7xx_HAL_Driver/Src/stm32f7xx_hal_tim.o
                0x0000000008007ca4                HAL_TIM_Base_Start_IT
 .text.HAL_TIM_IRQHandler
                0x0000000008007cf8      0x23e Drivers/STM32F7xx_HAL_Driver/Src/stm32f7xx_hal_tim.o
                0x0000000008007cf8                HAL_TIM_IRQHandler
 *fill*         0x0000000008007f36        0x2 
 .text.HAL_TIM_ConfigClockSource
                0x0000000008007f38      0x174 Drivers/STM32F7xx_HAL_Driver/Src/stm32f7xx_hal_tim.o
                0x0000000008007f38                HAL_TIM_ConfigClockSource
 .text.HAL_TIM_OC_DelayElapsedCallback
                0x00000000080080ac       0x14 Drivers/STM32F7xx_HAL_Driver/Src/stm32f7xx_hal_tim.o
                0x00000000080080ac                HAL_TIM_OC_DelayElapsedCallback
 .text.HAL_TIM_IC_CaptureCallback
                0x00000000080080c0       0x14 Drivers/STM32F7xx_HAL_Driver/Src/stm32f7xx_hal_tim.o
                0x00000000080080c0                HAL_TIM_IC_CaptureCallback
 .text.HAL_TIM_PWM_PulseFinishedCallback
                0x00000000080080d4       0x14 Drivers/STM32F7xx_HAL_Driver/Src/stm32f7xx_hal_tim.o
                0x00000000080080d4                HAL_TIM_PWM_PulseFinishedCallback
 .text.HAL_TIM_TriggerCallback
                0x00000000080080e8       0x14 Drivers/STM32F7xx_HAL_Driver/Src/stm32f7xx_hal_tim.o
                0x00000000080080e8                HAL_TIM_TriggerCallback
 .text.TIM_Base_SetConfig
                0x00000000080080fc      0x140 Drivers/STM32F7xx_HAL_Driver/Src/stm32f7xx_hal_tim.o
                0x00000000080080fc                TIM_Base_SetConfig
 .text.TIM_TI1_ConfigInputStage
                0x000000000800823c       0x5e Drivers/STM32F7xx_HAL_Driver/Src/stm32f7xx_hal_tim.o
 .text.TIM_TI2_ConfigInputStage
                0x000000000800829a       0x60 Drivers/STM32F7xx_HAL_Driver/Src/stm32f7xx_hal_tim.o
 .text.TIM_ITRx_SetConfig
                0x00000000080082fa       0x36 Drivers/STM32F7xx_HAL_Driver/Src/stm32f7xx_hal_tim.o
 .text.TIM_ETR_SetConfig
                0x0000000008008330       0x40 Drivers/STM32F7xx_HAL_Driver/Src/stm32f7xx_hal_tim.o
                0x0000000008008330                TIM_ETR_SetConfig
 .text.HAL_TIMEx_MasterConfigSynchronization
                0x0000000008008370      0x11c Drivers/STM32F7xx_HAL_Driver/Src/stm32f7xx_hal_tim_ex.o
                0x0000000008008370                HAL_TIMEx_MasterConfigSynchronization
 .text.HAL_TIMEx_CommutCallback
                0x000000000800848c       0x14 Drivers/STM32F7xx_HAL_Driver/Src/stm32f7xx_hal_tim_ex.o
                0x000000000800848c                HAL_TIMEx_CommutCallback
 .text.HAL_TIMEx_BreakCallback
                0x00000000080084a0       0x14 Drivers/STM32F7xx_HAL_Driver/Src/stm32f7xx_hal_tim_ex.o
                0x00000000080084a0                HAL_TIMEx_BreakCallback
 .text.HAL_TIMEx_Break2Callback
                0x00000000080084b4       0x14 Drivers/STM32F7xx_HAL_Driver/Src/stm32f7xx_hal_tim_ex.o
                0x00000000080084b4                HAL_TIMEx_Break2Callback
 .text.HAL_UART_Init
                0x00000000080084c8       0x9c Drivers/STM32F7xx_HAL_Driver/Src/stm32f7xx_hal_uart.o
                0x00000000080084c8                HAL_UART_Init
 .text.UART_SetConfig
                0x0000000008008564      0x554 Drivers/STM32F7xx_HAL_Driver/Src/stm32f7xx_hal_uart.o
                0x0000000008008564                UART_SetConfig
 .text.UART_AdvFeatureConfig
                0x0000000008008ab8      0x144 Drivers/STM32F7xx_HAL_Driver/Src/stm32f7xx_hal_uart.o
                0x0000000008008ab8                UART_AdvFeatureConfig
 .text.UART_CheckIdleState
                0x0000000008008bfc       0x5e Drivers/STM32F7xx_HAL_Driver/Src/stm32f7xx_hal_uart.o
                0x0000000008008bfc                UART_CheckIdleState
 .text.UART_WaitOnFlagUntilTimeout
                0x0000000008008c5a       0xf6 Drivers/STM32F7xx_HAL_Driver/Src/stm32f7xx_hal_uart.o
                0x0000000008008c5a                UART_WaitOnFlagUntilTimeout
 .text.FMC_SDRAM_Init
                0x0000000008008d50       0xe4 Drivers/STM32F7xx_HAL_Driver/Src/stm32f7xx_ll_fmc.o
                0x0000000008008d50                FMC_SDRAM_Init
 .text.FMC_SDRAM_Timing_Init
                0x0000000008008e34      0x100 Drivers/STM32F7xx_HAL_Driver/Src/stm32f7xx_ll_fmc.o
                0x0000000008008e34                FMC_SDRAM_Timing_Init
 .text.FMC_SDRAM_SendCommand
                0x0000000008008f34       0x42 Drivers/STM32F7xx_HAL_Driver/Src/stm32f7xx_ll_fmc.o
                0x0000000008008f34                FMC_SDRAM_SendCommand
 .text.FMC_SDRAM_ProgramRefreshRate
                0x0000000008008f76       0x26 Drivers/STM32F7xx_HAL_Driver/Src/stm32f7xx_ll_fmc.o
                0x0000000008008f76                FMC_SDRAM_ProgramRefreshRate
 .text.__libc_init_array
                0x0000000008008f9c       0x48 c:/st/stm32cubeide_1.4.0/stm32cubeide/plugins/com.st.stm32cube.ide.mcu.externaltools.gnu-tools-for-stm32.7-2018-q2-update.win32_1.5.0.202011040924/tools/bin/../lib/gcc/arm-none-eabi/7.3.1/../../../../arm-none-eabi/lib/thumb/v7e-m/fpv4-sp/hard\libc_nano.a(lib_a-init.o)
                0x0000000008008f9c                __libc_init_array
 .text.memset   0x0000000008008fe4       0x10 c:/st/stm32cubeide_1.4.0/stm32cubeide/plugins/com.st.stm32cube.ide.mcu.externaltools.gnu-tools-for-stm32.7-2018-q2-update.win32_1.5.0.202011040924/tools/bin/../lib/gcc/arm-none-eabi/7.3.1/../../../../arm-none-eabi/lib/thumb/v7e-m/fpv4-sp/hard\libc_nano.a(lib_a-memset.o)
                0x0000000008008fe4                memset
 *(.glue_7)
 .glue_7        0x0000000008008ff4        0x0 linker stubs
 *(.glue_7t)
 .glue_7t       0x0000000008008ff4        0x0 linker stubs
 *(.eh_frame)
 .eh_frame      0x0000000008008ff4        0x0 c:/st/stm32cubeide_1.4.0/stm32cubeide/plugins/com.st.stm32cube.ide.mcu.externaltools.gnu-tools-for-stm32.7-2018-q2-update.win32_1.5.0.202011040924/tools/bin/../lib/gcc/arm-none-eabi/7.3.1/thumb/v7e-m/fpv4-sp/hard/crtbegin.o
 *(.init)
 .init          0x0000000008008ff4        0x4 c:/st/stm32cubeide_1.4.0/stm32cubeide/plugins/com.st.stm32cube.ide.mcu.externaltools.gnu-tools-for-stm32.7-2018-q2-update.win32_1.5.0.202011040924/tools/bin/../lib/gcc/arm-none-eabi/7.3.1/thumb/v7e-m/fpv4-sp/hard/crti.o
                0x0000000008008ff4                _init
 .init          0x0000000008008ff8        0x8 c:/st/stm32cubeide_1.4.0/stm32cubeide/plugins/com.st.stm32cube.ide.mcu.externaltools.gnu-tools-for-stm32.7-2018-q2-update.win32_1.5.0.202011040924/tools/bin/../lib/gcc/arm-none-eabi/7.3.1/thumb/v7e-m/fpv4-sp/hard/crtn.o
 *(.fini)
 .fini          0x0000000008009000        0x4 c:/st/stm32cubeide_1.4.0/stm32cubeide/plugins/com.st.stm32cube.ide.mcu.externaltools.gnu-tools-for-stm32.7-2018-q2-update.win32_1.5.0.202011040924/tools/bin/../lib/gcc/arm-none-eabi/7.3.1/thumb/v7e-m/fpv4-sp/hard/crti.o
                0x0000000008009000                _fini
 .fini          0x0000000008009004        0x8 c:/st/stm32cubeide_1.4.0/stm32cubeide/plugins/com.st.stm32cube.ide.mcu.externaltools.gnu-tools-for-stm32.7-2018-q2-update.win32_1.5.0.202011040924/tools/bin/../lib/gcc/arm-none-eabi/7.3.1/thumb/v7e-m/fpv4-sp/hard/crtn.o
                0x000000000800900c                . = ALIGN (0x4)
                0x000000000800900c                _etext = .

.vfp11_veneer   0x000000000800900c        0x0
 .vfp11_veneer  0x000000000800900c        0x0 linker stubs

.v4_bx          0x000000000800900c        0x0
 .v4_bx         0x000000000800900c        0x0 linker stubs

.iplt           0x000000000800900c        0x0
 .iplt          0x000000000800900c        0x0 c:/st/stm32cubeide_1.4.0/stm32cubeide/plugins/com.st.stm32cube.ide.mcu.externaltools.gnu-tools-for-stm32.7-2018-q2-update.win32_1.5.0.202011040924/tools/bin/../lib/gcc/arm-none-eabi/7.3.1/thumb/v7e-m/fpv4-sp/hard/crtbegin.o

.rodata         0x000000000800900c     0x1e58
                0x000000000800900c                . = ALIGN (0x4)
 *(.rodata)
 *(.rodata*)
 .rodata.Font24_Table
                0x000000000800900c     0x1ab8 Core/Src/font24.o
                0x000000000800900c                Font24_Table
 .rodata.OV9655_VGA
                0x000000000800aac4      0x126 Core/Src/ov9655.o
                0x000000000800aac4                OV9655_VGA
 *fill*         0x000000000800abea        0x2 
 .rodata.OV9655_QVGA
                0x000000000800abec      0x12c Core/Src/ov9655.o
                0x000000000800abec                OV9655_QVGA
 .rodata.OV9655_QQVGA
                0x000000000800ad18      0x12c Core/Src/ov9655.o
                0x000000000800ad18                OV9655_QQVGA
 .rodata.AHBPrescTable
                0x000000000800ae44       0x10 Core/Src/system_stm32f7xx.o
                0x000000000800ae44                AHBPrescTable
 .rodata.APBPrescTable
                0x000000000800ae54        0x8 Core/Src/system_stm32f7xx.o
                0x000000000800ae54                APBPrescTable
 .rodata.flagBitshiftOffset.9391
                0x000000000800ae5c        0x8 Drivers/STM32F7xx_HAL_Driver/Src/stm32f7xx_hal_dma.o
                0x000000000800ae64                . = ALIGN (0x4)

.ARM.extab      0x000000000800ae64        0x0
                0x000000000800ae64                . = ALIGN (0x4)
 *(.ARM.extab* .gnu.linkonce.armextab.*)
                0x000000000800ae64                . = ALIGN (0x4)

.ARM            0x000000000800ae64        0x8
                0x000000000800ae64                . = ALIGN (0x4)
                0x000000000800ae64                __exidx_start = .
 *(.ARM.exidx*)
 .ARM.exidx     0x000000000800ae64        0x8 c:/st/stm32cubeide_1.4.0/stm32cubeide/plugins/com.st.stm32cube.ide.mcu.externaltools.gnu-tools-for-stm32.7-2018-q2-update.win32_1.5.0.202011040924/tools/bin/../lib/gcc/arm-none-eabi/7.3.1/thumb/v7e-m/fpv4-sp/hard\libgcc.a(_udivmoddi4.o)
                0x000000000800ae6c                __exidx_end = .
                0x000000000800ae6c                . = ALIGN (0x4)

.rel.dyn        0x000000000800ae6c        0x0
 .rel.iplt      0x000000000800ae6c        0x0 c:/st/stm32cubeide_1.4.0/stm32cubeide/plugins/com.st.stm32cube.ide.mcu.externaltools.gnu-tools-for-stm32.7-2018-q2-update.win32_1.5.0.202011040924/tools/bin/../lib/gcc/arm-none-eabi/7.3.1/thumb/v7e-m/fpv4-sp/hard/crtbegin.o

.preinit_array  0x000000000800ae6c        0x0
                0x000000000800ae6c                . = ALIGN (0x4)
                0x000000000800ae6c                PROVIDE (__preinit_array_start = .)
 *(.preinit_array*)
                0x000000000800ae6c                PROVIDE (__preinit_array_end = .)
                0x000000000800ae6c                . = ALIGN (0x4)

.init_array     0x000000000800ae6c        0x4
                0x000000000800ae6c                . = ALIGN (0x4)
                0x000000000800ae6c                PROVIDE (__init_array_start = .)
 *(SORT_BY_NAME(.init_array.*))
 *(.init_array*)
 .init_array    0x000000000800ae6c        0x4 c:/st/stm32cubeide_1.4.0/stm32cubeide/plugins/com.st.stm32cube.ide.mcu.externaltools.gnu-tools-for-stm32.7-2018-q2-update.win32_1.5.0.202011040924/tools/bin/../lib/gcc/arm-none-eabi/7.3.1/thumb/v7e-m/fpv4-sp/hard/crtbegin.o
                0x000000000800ae70                PROVIDE (__init_array_end = .)
                0x000000000800ae70                . = ALIGN (0x4)

.fini_array     0x000000000800ae70        0x4
                0x000000000800ae70                . = ALIGN (0x4)
                [!provide]                        PROVIDE (__fini_array_start = .)
 *(SORT_BY_NAME(.fini_array.*))
 *(.fini_array*)
 .fini_array    0x000000000800ae70        0x4 c:/st/stm32cubeide_1.4.0/stm32cubeide/plugins/com.st.stm32cube.ide.mcu.externaltools.gnu-tools-for-stm32.7-2018-q2-update.win32_1.5.0.202011040924/tools/bin/../lib/gcc/arm-none-eabi/7.3.1/thumb/v7e-m/fpv4-sp/hard/crtbegin.o
                [!provide]                        PROVIDE (__fini_array_end = .)
                0x000000000800ae74                . = ALIGN (0x4)
                0x000000000800ae74                _sidata = LOADADDR (.data)

.data           0x0000000020000000       0x2c load address 0x000000000800ae74
                0x0000000020000000                . = ALIGN (0x4)
                0x0000000020000000                _sdata = .
 *(.data)
 *(.data*)
 .data.Font24   0x0000000020000000        0x8 Core/Src/font24.o
                0x0000000020000000                Font24
 .data.freq     0x0000000020000008        0x4 Core/Src/main.o
                0x0000000020000008                freq
 .data.old_freq
                0x000000002000000c        0x4 Core/Src/main.o
                0x000000002000000c                old_freq
 .data.ov9655_drv
                0x0000000020000010        0xc Core/Src/ov9655.o
                0x0000000020000010                ov9655_drv
 .data.sdramstatus.9307
                0x000000002000001c        0x1 Core/Src/stm32746g_discovery_sdram.o
 *fill*         0x000000002000001d        0x3 
 .data.SystemCoreClock
                0x0000000020000020        0x4 Core/Src/system_stm32f7xx.o
                0x0000000020000020                SystemCoreClock
 .data.uwTickPrio
                0x0000000020000024        0x4 Drivers/STM32F7xx_HAL_Driver/Src/stm32f7xx_hal.o
                0x0000000020000024                uwTickPrio
 .data.uwTickFreq
                0x0000000020000028        0x1 Drivers/STM32F7xx_HAL_Driver/Src/stm32f7xx_hal.o
                0x0000000020000028                uwTickFreq
                0x000000002000002c                . = ALIGN (0x4)
 *fill*         0x0000000020000029        0x3 
                0x000000002000002c                _edata = .

.igot.plt       0x000000002000002c        0x0 load address 0x000000000800aea0
 .igot.plt      0x000000002000002c        0x0 c:/st/stm32cubeide_1.4.0/stm32cubeide/plugins/com.st.stm32cube.ide.mcu.externaltools.gnu-tools-for-stm32.7-2018-q2-update.win32_1.5.0.202011040924/tools/bin/../lib/gcc/arm-none-eabi/7.3.1/thumb/v7e-m/fpv4-sp/hard/crtbegin.o
                0x000000002000002c                . = ALIGN (0x4)

.bss            0x000000002000002c    0x4b5ac load address 0x000000000800aea0
                0x000000002000002c                _sbss = .
                0x000000002000002c                __bss_start__ = _sbss
 *(.bss)
 .bss           0x000000002000002c       0x1c c:/st/stm32cubeide_1.4.0/stm32cubeide/plugins/com.st.stm32cube.ide.mcu.externaltools.gnu-tools-for-stm32.7-2018-q2-update.win32_1.5.0.202011040924/tools/bin/../lib/gcc/arm-none-eabi/7.3.1/thumb/v7e-m/fpv4-sp/hard/crtbegin.o
 *(.bss*)
 .bss.position  0x0000000020000048        0x4 Core/Src/main.o
                0x0000000020000048                position
 .bss.DrawProp  0x000000002000004c       0x18 Core/Src/main.o
 .bss.periph_clk_init_struct
                0x0000000020000064       0x84 Core/Src/main.o
 .bss.CameraHwAddress
                0x00000000200000e8        0x4 Core/Src/main.o
 .bss.Im_size   0x00000000200000ec        0x4 Core/Src/main.o
                0x00000000200000ec                Im_size
 .bss.hI2cAudioHandler
                0x00000000200000f0       0x4c Core/Src/stm32746g_discovery.o
 .bss.hI2cExtHandler
                0x000000002000013c       0x4c Core/Src/stm32746g_discovery.o
 .bss.Timing    0x0000000020000188       0x1c Core/Src/stm32746g_discovery_sdram.o
 .bss.Command   0x00000000200001a4       0x10 Core/Src/stm32746g_discovery_sdram.o
 .bss.dma_handle.9343
                0x00000000200001b4       0x60 Core/Src/stm32746g_discovery_sdram.o
 .bss.FMC_Initialized
                0x0000000020000214        0x4 Core/Src/stm32f7xx_hal_msp.o
 *(COMMON)
 COMMON         0x0000000020000218    0x4b388 Core/Src/main.o
                0x0000000020000218                camera_driv
                0x000000002000021c                hdma_dcmi
                0x000000002000027c                layer_cfg
                0x00000000200002b0                absposition
                0x00000000200002b4                htim3
                0x00000000200002f4                hltdc
                0x000000002000039c                hdcmi
                0x00000000200003ec                huart1
                0x000000002000046c                htim6
                0x00000000200004ac                photo_buffer_32
                0x0000000020025cac                hdma2d
                0x0000000020025cec                htim2
                0x0000000020025d2c                hsdram1
                0x0000000020025d60                htim7
                0x0000000020025da0                photo_treated_buffer_32
 COMMON         0x000000002004b5a0       0x34 Core/Src/stm32746g_discovery_sdram.o
                0x000000002004b5a0                sdramHandle
 COMMON         0x000000002004b5d4        0x4 Drivers/STM32F7xx_HAL_Driver/Src/stm32f7xx_hal.o
                0x000000002004b5d4                uwTick
                0x000000002004b5d8                . = ALIGN (0x4)
                0x000000002004b5d8                _ebss = .
                0x000000002004b5d8                __bss_end__ = _ebss

._user_heap_stack
                0x000000002004b5d8      0x600 load address 0x000000000800aea0
                0x000000002004b5d8                . = ALIGN (0x8)
                [!provide]                        PROVIDE (end = .)
                0x000000002004b5d8                PROVIDE (_end = .)
                0x000000002004b7d8                . = (. + _Min_Heap_Size)
 *fill*         0x000000002004b5d8      0x200 
                0x000000002004bbd8                . = (. + _Min_Stack_Size)
 *fill*         0x000000002004b7d8      0x400 
                0x000000002004bbd8                . = ALIGN (0x8)

/DISCARD/
 libc.a(*)
 libm.a(*)
 libgcc.a(*)

.ARM.attributes
                0x0000000000000000       0x30
 *(.ARM.attributes)
 .ARM.attributes
                0x0000000000000000       0x22 c:/st/stm32cubeide_1.4.0/stm32cubeide/plugins/com.st.stm32cube.ide.mcu.externaltools.gnu-tools-for-stm32.7-2018-q2-update.win32_1.5.0.202011040924/tools/bin/../lib/gcc/arm-none-eabi/7.3.1/thumb/v7e-m/fpv4-sp/hard/crti.o
 .ARM.attributes
                0x0000000000000022       0x34 c:/st/stm32cubeide_1.4.0/stm32cubeide/plugins/com.st.stm32cube.ide.mcu.externaltools.gnu-tools-for-stm32.7-2018-q2-update.win32_1.5.0.202011040924/tools/bin/../lib/gcc/arm-none-eabi/7.3.1/thumb/v7e-m/fpv4-sp/hard/crtbegin.o
 .ARM.attributes
                0x0000000000000056       0x39 Core/Src/font24.o
 .ARM.attributes
                0x000000000000008f       0x39 Core/Src/image_analysis.o
 .ARM.attributes
                0x00000000000000c8       0x39 Core/Src/main.o
 .ARM.attributes
                0x0000000000000101       0x39 Core/Src/ov9655.o
 .ARM.attributes
                0x000000000000013a       0x39 Core/Src/stm32746g_discovery.o
 .ARM.attributes
                0x0000000000000173       0x39 Core/Src/stm32746g_discovery_sdram.o
 .ARM.attributes
                0x00000000000001ac       0x39 Core/Src/stm32f7xx_hal_msp.o
 .ARM.attributes
                0x00000000000001e5       0x39 Core/Src/stm32f7xx_it.o
 .ARM.attributes
                0x000000000000021e       0x39 Core/Src/system_stm32f7xx.o
 .ARM.attributes
                0x0000000000000257       0x21 Core/Startup/startup_stm32f746nghx.o
 .ARM.attributes
                0x0000000000000278       0x39 Drivers/STM32F7xx_HAL_Driver/Src/stm32f7xx_hal.o
 .ARM.attributes
                0x00000000000002b1       0x39 Drivers/STM32F7xx_HAL_Driver/Src/stm32f7xx_hal_cortex.o
 .ARM.attributes
                0x00000000000002ea       0x39 Drivers/STM32F7xx_HAL_Driver/Src/stm32f7xx_hal_dcmi.o
 .ARM.attributes
                0x0000000000000323       0x39 Drivers/STM32F7xx_HAL_Driver/Src/stm32f7xx_hal_dma.o
 .ARM.attributes
                0x000000000000035c       0x39 Drivers/STM32F7xx_HAL_Driver/Src/stm32f7xx_hal_dma2d.o
 .ARM.attributes
                0x0000000000000395       0x39 Drivers/STM32F7xx_HAL_Driver/Src/stm32f7xx_hal_dma_ex.o
 .ARM.attributes
                0x00000000000003ce       0x39 Drivers/STM32F7xx_HAL_Driver/Src/stm32f7xx_hal_gpio.o
 .ARM.attributes
                0x0000000000000407       0x39 Drivers/STM32F7xx_HAL_Driver/Src/stm32f7xx_hal_i2c.o
 .ARM.attributes
                0x0000000000000440       0x39 Drivers/STM32F7xx_HAL_Driver/Src/stm32f7xx_hal_ltdc.o
 .ARM.attributes
                0x0000000000000479       0x39 Drivers/STM32F7xx_HAL_Driver/Src/stm32f7xx_hal_pwr_ex.o
 .ARM.attributes
                0x00000000000004b2       0x39 Drivers/STM32F7xx_HAL_Driver/Src/stm32f7xx_hal_rcc.o
 .ARM.attributes
                0x00000000000004eb       0x39 Drivers/STM32F7xx_HAL_Driver/Src/stm32f7xx_hal_rcc_ex.o
 .ARM.attributes
                0x0000000000000524       0x39 Drivers/STM32F7xx_HAL_Driver/Src/stm32f7xx_hal_sdram.o
 .ARM.attributes
                0x000000000000055d       0x39 Drivers/STM32F7xx_HAL_Driver/Src/stm32f7xx_hal_tim.o
 .ARM.attributes
                0x0000000000000596       0x39 Drivers/STM32F7xx_HAL_Driver/Src/stm32f7xx_hal_tim_ex.o
 .ARM.attributes
                0x00000000000005cf       0x39 Drivers/STM32F7xx_HAL_Driver/Src/stm32f7xx_hal_uart.o
 .ARM.attributes
                0x0000000000000608       0x39 Drivers/STM32F7xx_HAL_Driver/Src/stm32f7xx_ll_fmc.o
 .ARM.attributes
                0x0000000000000641       0x34 c:/st/stm32cubeide_1.4.0/stm32cubeide/plugins/com.st.stm32cube.ide.mcu.externaltools.gnu-tools-for-stm32.7-2018-q2-update.win32_1.5.0.202011040924/tools/bin/../lib/gcc/arm-none-eabi/7.3.1/../../../../arm-none-eabi/lib/thumb/v7e-m/fpv4-sp/hard\libc_nano.a(lib_a-init.o)
 .ARM.attributes
                0x0000000000000675       0x34 c:/st/stm32cubeide_1.4.0/stm32cubeide/plugins/com.st.stm32cube.ide.mcu.externaltools.gnu-tools-for-stm32.7-2018-q2-update.win32_1.5.0.202011040924/tools/bin/../lib/gcc/arm-none-eabi/7.3.1/../../../../arm-none-eabi/lib/thumb/v7e-m/fpv4-sp/hard\libc_nano.a(lib_a-memset.o)
 .ARM.attributes
                0x00000000000006a9       0x22 c:/st/stm32cubeide_1.4.0/stm32cubeide/plugins/com.st.stm32cube.ide.mcu.externaltools.gnu-tools-for-stm32.7-2018-q2-update.win32_1.5.0.202011040924/tools/bin/../lib/gcc/arm-none-eabi/7.3.1/thumb/v7e-m/fpv4-sp/hard\libgcc.a(_aeabi_uldivmod.o)
 .ARM.attributes
                0x00000000000006cb       0x34 c:/st/stm32cubeide_1.4.0/stm32cubeide/plugins/com.st.stm32cube.ide.mcu.externaltools.gnu-tools-for-stm32.7-2018-q2-update.win32_1.5.0.202011040924/tools/bin/../lib/gcc/arm-none-eabi/7.3.1/thumb/v7e-m/fpv4-sp/hard\libgcc.a(_udivmoddi4.o)
 .ARM.attributes
                0x00000000000006ff       0x22 c:/st/stm32cubeide_1.4.0/stm32cubeide/plugins/com.st.stm32cube.ide.mcu.externaltools.gnu-tools-for-stm32.7-2018-q2-update.win32_1.5.0.202011040924/tools/bin/../lib/gcc/arm-none-eabi/7.3.1/thumb/v7e-m/fpv4-sp/hard\libgcc.a(_dvmd_tls.o)
 .ARM.attributes
                0x0000000000000721       0x22 c:/st/stm32cubeide_1.4.0/stm32cubeide/plugins/com.st.stm32cube.ide.mcu.externaltools.gnu-tools-for-stm32.7-2018-q2-update.win32_1.5.0.202011040924/tools/bin/../lib/gcc/arm-none-eabi/7.3.1/thumb/v7e-m/fpv4-sp/hard/crtn.o
OUTPUT(CameraTutoF7.elf elf32-littlearm)

.debug_info     0x0000000000000000    0x19581
 .debug_info    0x0000000000000000      0x147 Core/Src/font24.o
 .debug_info    0x0000000000000147      0xbea Core/Src/image_analysis.o
 .debug_info    0x0000000000000d31     0x2eff Core/Src/main.o
 .debug_info    0x0000000000003c30      0x385 Core/Src/ov9655.o
 .debug_info    0x0000000000003fb5     0x19bb Core/Src/stm32746g_discovery.o
 .debug_info    0x0000000000005970      0xf1e Core/Src/stm32746g_discovery_sdram.o
 .debug_info    0x000000000000688e     0x1db4 Core/Src/stm32f7xx_hal_msp.o
 .debug_info    0x0000000000008642      0x9b8 Core/Src/stm32f7xx_it.o
 .debug_info    0x0000000000008ffa      0x73d Core/Src/system_stm32f7xx.o
 .debug_info    0x0000000000009737       0x22 Core/Startup/startup_stm32f746nghx.o
 .debug_info    0x0000000000009759      0x9d3 Drivers/STM32F7xx_HAL_Driver/Src/stm32f7xx_hal.o
 .debug_info    0x000000000000a12c     0x104a Drivers/STM32F7xx_HAL_Driver/Src/stm32f7xx_hal_cortex.o
 .debug_info    0x000000000000b176      0xb04 Drivers/STM32F7xx_HAL_Driver/Src/stm32f7xx_hal_dcmi.o
 .debug_info    0x000000000000bc7a      0x968 Drivers/STM32F7xx_HAL_Driver/Src/stm32f7xx_hal_dma.o
 .debug_info    0x000000000000c5e2      0xee9 Drivers/STM32F7xx_HAL_Driver/Src/stm32f7xx_hal_dma2d.o
 .debug_info    0x000000000000d4cb      0x5d3 Drivers/STM32F7xx_HAL_Driver/Src/stm32f7xx_hal_dma_ex.o
 .debug_info    0x000000000000da9e      0x7dc Drivers/STM32F7xx_HAL_Driver/Src/stm32f7xx_hal_gpio.o
 .debug_info    0x000000000000e27a     0x1fb9 Drivers/STM32F7xx_HAL_Driver/Src/stm32f7xx_hal_i2c.o
 .debug_info    0x0000000000010233     0x1104 Drivers/STM32F7xx_HAL_Driver/Src/stm32f7xx_hal_ltdc.o
 .debug_info    0x0000000000011337      0x96b Drivers/STM32F7xx_HAL_Driver/Src/stm32f7xx_hal_pwr_ex.o
 .debug_info    0x0000000000011ca2      0x935 Drivers/STM32F7xx_HAL_Driver/Src/stm32f7xx_hal_rcc.o
 .debug_info    0x00000000000125d7      0x7ad Drivers/STM32F7xx_HAL_Driver/Src/stm32f7xx_hal_rcc_ex.o
 .debug_info    0x0000000000012d84      0xca1 Drivers/STM32F7xx_HAL_Driver/Src/stm32f7xx_hal_sdram.o
 .debug_info    0x0000000000013a25     0x25a2 Drivers/STM32F7xx_HAL_Driver/Src/stm32f7xx_hal_tim.o
 .debug_info    0x0000000000015fc7     0x121c Drivers/STM32F7xx_HAL_Driver/Src/stm32f7xx_hal_tim_ex.o
 .debug_info    0x00000000000171e3     0x16d1 Drivers/STM32F7xx_HAL_Driver/Src/stm32f7xx_hal_uart.o
 .debug_info    0x00000000000188b4      0xccd Drivers/STM32F7xx_HAL_Driver/Src/stm32f7xx_ll_fmc.o

.debug_abbrev   0x0000000000000000     0x32d5
 .debug_abbrev  0x0000000000000000       0xa5 Core/Src/font24.o
 .debug_abbrev  0x00000000000000a5      0x219 Core/Src/image_analysis.o
 .debug_abbrev  0x00000000000002be      0x31f Core/Src/main.o
 .debug_abbrev  0x00000000000005dd      0x168 Core/Src/ov9655.o
 .debug_abbrev  0x0000000000000745      0x287 Core/Src/stm32746g_discovery.o
 .debug_abbrev  0x00000000000009cc      0x218 Core/Src/stm32746g_discovery_sdram.o
 .debug_abbrev  0x0000000000000be4      0x25c Core/Src/stm32f7xx_hal_msp.o
 .debug_abbrev  0x0000000000000e40      0x15a Core/Src/stm32f7xx_it.o
 .debug_abbrev  0x0000000000000f9a      0x147 Core/Src/system_stm32f7xx.o
 .debug_abbrev  0x00000000000010e1       0x12 Core/Startup/startup_stm32f746nghx.o
 .debug_abbrev  0x00000000000010f3      0x1c7 Drivers/STM32F7xx_HAL_Driver/Src/stm32f7xx_hal.o
 .debug_abbrev  0x00000000000012ba      0x2fa Drivers/STM32F7xx_HAL_Driver/Src/stm32f7xx_hal_cortex.o
 .debug_abbrev  0x00000000000015b4      0x202 Drivers/STM32F7xx_HAL_Driver/Src/stm32f7xx_hal_dcmi.o
 .debug_abbrev  0x00000000000017b6      0x229 Drivers/STM32F7xx_HAL_Driver/Src/stm32f7xx_hal_dma.o
 .debug_abbrev  0x00000000000019df      0x211 Drivers/STM32F7xx_HAL_Driver/Src/stm32f7xx_hal_dma2d.o
 .debug_abbrev  0x0000000000001bf0      0x1b0 Drivers/STM32F7xx_HAL_Driver/Src/stm32f7xx_hal_dma_ex.o
 .debug_abbrev  0x0000000000001da0      0x1c9 Drivers/STM32F7xx_HAL_Driver/Src/stm32f7xx_hal_gpio.o
 .debug_abbrev  0x0000000000001f69      0x22a Drivers/STM32F7xx_HAL_Driver/Src/stm32f7xx_hal_i2c.o
 .debug_abbrev  0x0000000000002193      0x209 Drivers/STM32F7xx_HAL_Driver/Src/stm32f7xx_hal_ltdc.o
 .debug_abbrev  0x000000000000239c      0x1b8 Drivers/STM32F7xx_HAL_Driver/Src/stm32f7xx_hal_pwr_ex.o
 .debug_abbrev  0x0000000000002554      0x21a Drivers/STM32F7xx_HAL_Driver/Src/stm32f7xx_hal_rcc.o
 .debug_abbrev  0x000000000000276e      0x1ad Drivers/STM32F7xx_HAL_Driver/Src/stm32f7xx_hal_rcc_ex.o
 .debug_abbrev  0x000000000000291b      0x1f7 Drivers/STM32F7xx_HAL_Driver/Src/stm32f7xx_hal_sdram.o
 .debug_abbrev  0x0000000000002b12      0x230 Drivers/STM32F7xx_HAL_Driver/Src/stm32f7xx_hal_tim.o
 .debug_abbrev  0x0000000000002d42      0x21e Drivers/STM32F7xx_HAL_Driver/Src/stm32f7xx_hal_tim_ex.o
 .debug_abbrev  0x0000000000002f60      0x205 Drivers/STM32F7xx_HAL_Driver/Src/stm32f7xx_hal_uart.o
 .debug_abbrev  0x0000000000003165      0x170 Drivers/STM32F7xx_HAL_Driver/Src/stm32f7xx_ll_fmc.o

.debug_aranges  0x0000000000000000     0x1708
 .debug_aranges
                0x0000000000000000       0x18 Core/Src/font24.o
 .debug_aranges
                0x0000000000000018       0x38 Core/Src/image_analysis.o
 .debug_aranges
                0x0000000000000050       0xa0 Core/Src/main.o
 .debug_aranges
                0x00000000000000f0       0x38 Core/Src/ov9655.o
 .debug_aranges
                0x0000000000000128      0x128 Core/Src/stm32746g_discovery.o
 .debug_aranges
                0x0000000000000250       0x68 Core/Src/stm32746g_discovery_sdram.o
 .debug_aranges
                0x00000000000002b8       0x90 Core/Src/stm32f7xx_hal_msp.o
 .debug_aranges
                0x0000000000000348       0x78 Core/Src/stm32f7xx_it.o
 .debug_aranges
                0x00000000000003c0       0x28 Core/Src/system_stm32f7xx.o
 .debug_aranges
                0x00000000000003e8       0x28 Core/Startup/startup_stm32f746nghx.o
 .debug_aranges
                0x0000000000000410      0x100 Drivers/STM32F7xx_HAL_Driver/Src/stm32f7xx_hal.o
 .debug_aranges
                0x0000000000000510      0x118 Drivers/STM32F7xx_HAL_Driver/Src/stm32f7xx_hal_cortex.o
 .debug_aranges
                0x0000000000000628       0xc0 Drivers/STM32F7xx_HAL_Driver/Src/stm32f7xx_hal_dcmi.o
 .debug_aranges
                0x00000000000006e8       0x90 Drivers/STM32F7xx_HAL_Driver/Src/stm32f7xx_hal_dma.o
 .debug_aranges
                0x0000000000000778      0x108 Drivers/STM32F7xx_HAL_Driver/Src/stm32f7xx_hal_dma2d.o
 .debug_aranges
                0x0000000000000880       0x38 Drivers/STM32F7xx_HAL_Driver/Src/stm32f7xx_hal_dma_ex.o
 .debug_aranges
                0x00000000000008b8       0x58 Drivers/STM32F7xx_HAL_Driver/Src/stm32f7xx_hal_gpio.o
 .debug_aranges
                0x0000000000000910      0x288 Drivers/STM32F7xx_HAL_Driver/Src/stm32f7xx_hal_i2c.o
 .debug_aranges
                0x0000000000000b98      0x158 Drivers/STM32F7xx_HAL_Driver/Src/stm32f7xx_hal_ltdc.o
 .debug_aranges
                0x0000000000000cf0       0x80 Drivers/STM32F7xx_HAL_Driver/Src/stm32f7xx_hal_pwr_ex.o
 .debug_aranges
                0x0000000000000d70       0x88 Drivers/STM32F7xx_HAL_Driver/Src/stm32f7xx_hal_rcc.o
 .debug_aranges
                0x0000000000000df8       0x50 Drivers/STM32F7xx_HAL_Driver/Src/stm32f7xx_hal_rcc_ex.o
 .debug_aranges
                0x0000000000000e48       0xd0 Drivers/STM32F7xx_HAL_Driver/Src/stm32f7xx_hal_sdram.o
 .debug_aranges
                0x0000000000000f18      0x3b8 Drivers/STM32F7xx_HAL_Driver/Src/stm32f7xx_hal_tim.o
 .debug_aranges
                0x00000000000012d0      0x160 Drivers/STM32F7xx_HAL_Driver/Src/stm32f7xx_hal_tim_ex.o
 .debug_aranges
                0x0000000000001430      0x210 Drivers/STM32F7xx_HAL_Driver/Src/stm32f7xx_hal_uart.o
 .debug_aranges
                0x0000000000001640       0xc8 Drivers/STM32F7xx_HAL_Driver/Src/stm32f7xx_ll_fmc.o

.debug_macro    0x0000000000000000    0x277e6
 .debug_macro   0x0000000000000000       0x73 Core/Src/font24.o
 .debug_macro   0x0000000000000073      0x17e Core/Src/image_analysis.o
 .debug_macro   0x00000000000001f1      0x38d Core/Src/main.o
 .debug_macro   0x000000000000057e      0x2ab Core/Src/main.o
 .debug_macro   0x0000000000000829       0x2e Core/Src/main.o
 .debug_macro   0x0000000000000857       0x3b Core/Src/main.o
 .debug_macro   0x0000000000000892     0x12cd Core/Src/main.o
 .debug_macro   0x0000000000001b5f      0x11f Core/Src/main.o
 .debug_macro   0x0000000000001c7e       0x19 Core/Src/main.o
 .debug_macro   0x0000000000001c97    0x190f0 Core/Src/main.o
 .debug_macro   0x000000000001ad87       0x43 Core/Src/main.o
 .debug_macro   0x000000000001adca     0x36b4 Core/Src/main.o
 .debug_macro   0x000000000001e47e       0x61 Core/Src/main.o
 .debug_macro   0x000000000001e4df     0x18ad Core/Src/main.o
 .debug_macro   0x000000000001fd8c      0x6c4 Core/Src/main.o
 .debug_macro   0x0000000000020450      0x185 Core/Src/main.o
 .debug_macro   0x00000000000205d5      0x117 Core/Src/main.o
 .debug_macro   0x00000000000206ec      0x1fe Core/Src/main.o
 .debug_macro   0x00000000000208ea       0x27 Core/Src/main.o
 .debug_macro   0x0000000000020911      0x24f Core/Src/main.o
 .debug_macro   0x0000000000020b60       0x41 Core/Src/main.o
 .debug_macro   0x0000000000020ba1       0x58 Core/Src/main.o
 .debug_macro   0x0000000000020bf9      0x236 Core/Src/main.o
 .debug_macro   0x0000000000020e2f      0x20f Core/Src/main.o
 .debug_macro   0x000000000002103e      0x22c Core/Src/main.o
 .debug_macro   0x000000000002126a      0x14f Core/Src/main.o
 .debug_macro   0x00000000000213b9      0x25b Core/Src/main.o
 .debug_macro   0x0000000000021614       0x12 Core/Src/main.o
 .debug_macro   0x0000000000021626      0x514 Core/Src/main.o
 .debug_macro   0x0000000000021b3a      0x22c Core/Src/main.o
 .debug_macro   0x0000000000021d66       0x5a Core/Src/main.o
 .debug_macro   0x0000000000021dc0       0xa5 Core/Src/main.o
 .debug_macro   0x0000000000021e65      0x198 Core/Src/main.o
 .debug_macro   0x0000000000021ffd       0xd6 Core/Src/main.o
 .debug_macro   0x00000000000220d3      0x12f Core/Src/main.o
 .debug_macro   0x0000000000022202      0x108 Core/Src/main.o
 .debug_macro   0x000000000002230a       0x35 Core/Src/main.o
 .debug_macro   0x000000000002233f      0xa2f Core/Src/main.o
 .debug_macro   0x0000000000022d6e       0x59 Core/Src/main.o
 .debug_macro   0x0000000000022dc7      0x53c Core/Src/main.o
 .debug_macro   0x0000000000023303       0x44 Core/Src/main.o
 .debug_macro   0x0000000000023347      0x14e Core/Src/main.o
 .debug_macro   0x0000000000023495      0x8a4 Core/Src/main.o
 .debug_macro   0x0000000000023d39      0x268 Core/Src/main.o
 .debug_macro   0x0000000000023fa1       0xa0 Core/Src/main.o
 .debug_macro   0x0000000000024041       0xa6 Core/Src/main.o
 .debug_macro   0x00000000000240e7       0xca Core/Src/main.o
 .debug_macro   0x00000000000241b1       0x40 Core/Src/main.o
 .debug_macro   0x00000000000241f1       0x10 Core/Src/main.o
 .debug_macro   0x0000000000024201       0x81 Core/Src/ov9655.o
 .debug_macro   0x0000000000024282       0xa0 Core/Src/ov9655.o
 .debug_macro   0x0000000000024322      0x259 Core/Src/stm32746g_discovery.o
 .debug_macro   0x000000000002457b      0x262 Core/Src/stm32746g_discovery.o
 .debug_macro   0x00000000000247dd      0x23b Core/Src/stm32746g_discovery_sdram.o
 .debug_macro   0x0000000000024a18       0x9a Core/Src/stm32746g_discovery_sdram.o
 .debug_macro   0x0000000000024ab2      0x23b Core/Src/stm32f7xx_hal_msp.o
 .debug_macro   0x0000000000024ced      0x245 Core/Src/stm32f7xx_it.o
 .debug_macro   0x0000000000024f32      0x232 Core/Src/system_stm32f7xx.o
 .debug_macro   0x0000000000025164      0x250 Drivers/STM32F7xx_HAL_Driver/Src/stm32f7xx_hal.o
 .debug_macro   0x00000000000253b4      0x22c Drivers/STM32F7xx_HAL_Driver/Src/stm32f7xx_hal_cortex.o
 .debug_macro   0x00000000000255e0      0x233 Drivers/STM32F7xx_HAL_Driver/Src/stm32f7xx_hal_dcmi.o
 .debug_macro   0x0000000000025813      0x232 Drivers/STM32F7xx_HAL_Driver/Src/stm32f7xx_hal_dma.o
 .debug_macro   0x0000000000025a45      0x23b Drivers/STM32F7xx_HAL_Driver/Src/stm32f7xx_hal_dma2d.o
 .debug_macro   0x0000000000025c80      0x22c Drivers/STM32F7xx_HAL_Driver/Src/stm32f7xx_hal_dma_ex.o
 .debug_macro   0x0000000000025eac      0x262 Drivers/STM32F7xx_HAL_Driver/Src/stm32f7xx_hal_gpio.o
 .debug_macro   0x000000000002610e      0x2f1 Drivers/STM32F7xx_HAL_Driver/Src/stm32f7xx_hal_i2c.o
 .debug_macro   0x00000000000263ff      0x22d Drivers/STM32F7xx_HAL_Driver/Src/stm32f7xx_hal_ltdc.o
 .debug_macro   0x000000000002662c      0x244 Drivers/STM32F7xx_HAL_Driver/Src/stm32f7xx_hal_pwr_ex.o
 .debug_macro   0x0000000000026870      0x250 Drivers/STM32F7xx_HAL_Driver/Src/stm32f7xx_hal_rcc.o
 .debug_macro   0x0000000000026ac0      0x22c Drivers/STM32F7xx_HAL_Driver/Src/stm32f7xx_hal_rcc_ex.o
 .debug_macro   0x0000000000026cec      0x22c Drivers/STM32F7xx_HAL_Driver/Src/stm32f7xx_hal_sdram.o
 .debug_macro   0x0000000000026f18      0x22d Drivers/STM32F7xx_HAL_Driver/Src/stm32f7xx_hal_tim.o
 .debug_macro   0x0000000000027145      0x22c Drivers/STM32F7xx_HAL_Driver/Src/stm32f7xx_hal_tim_ex.o
 .debug_macro   0x0000000000027371      0x249 Drivers/STM32F7xx_HAL_Driver/Src/stm32f7xx_hal_uart.o
 .debug_macro   0x00000000000275ba      0x22c Drivers/STM32F7xx_HAL_Driver/Src/stm32f7xx_ll_fmc.o

.debug_line     0x0000000000000000    0x13450
 .debug_line    0x0000000000000000      0x38b Core/Src/font24.o
 .debug_line    0x000000000000038b      0x62a Core/Src/image_analysis.o
 .debug_line    0x00000000000009b5      0xd3a Core/Src/main.o
 .debug_line    0x00000000000016ef      0x47d Core/Src/ov9655.o
 .debug_line    0x0000000000001b6c      0xa8e Core/Src/stm32746g_discovery.o
 .debug_line    0x00000000000025fa      0x8a5 Core/Src/stm32746g_discovery_sdram.o
 .debug_line    0x0000000000002e9f      0x95d Core/Src/stm32f7xx_hal_msp.o
 .debug_line    0x00000000000037fc      0x859 Core/Src/stm32f7xx_it.o
 .debug_line    0x0000000000004055      0x798 Core/Src/system_stm32f7xx.o
 .debug_line    0x00000000000047ed       0x85 Core/Startup/startup_stm32f746nghx.o
 .debug_line    0x0000000000004872      0x9a7 Drivers/STM32F7xx_HAL_Driver/Src/stm32f7xx_hal.o
 .debug_line    0x0000000000005219      0xaa8 Drivers/STM32F7xx_HAL_Driver/Src/stm32f7xx_hal_cortex.o
 .debug_line    0x0000000000005cc1      0xacc Drivers/STM32F7xx_HAL_Driver/Src/stm32f7xx_hal_dcmi.o
 .debug_line    0x000000000000678d      0xa53 Drivers/STM32F7xx_HAL_Driver/Src/stm32f7xx_hal_dma.o
 .debug_line    0x00000000000071e0      0xce0 Drivers/STM32F7xx_HAL_Driver/Src/stm32f7xx_hal_dma2d.o
 .debug_line    0x0000000000007ec0     0x130c Drivers/STM32F7xx_HAL_Driver/Src/stm32f7xx_hal_dma_ex.o
 .debug_line    0x00000000000091cc      0x98c Drivers/STM32F7xx_HAL_Driver/Src/stm32f7xx_hal_gpio.o
 .debug_line    0x0000000000009b58     0x1b03 Drivers/STM32F7xx_HAL_Driver/Src/stm32f7xx_hal_i2c.o
 .debug_line    0x000000000000b65b     0x1056 Drivers/STM32F7xx_HAL_Driver/Src/stm32f7xx_hal_ltdc.o
 .debug_line    0x000000000000c6b1      0x8c8 Drivers/STM32F7xx_HAL_Driver/Src/stm32f7xx_hal_pwr_ex.o
 .debug_line    0x000000000000cf79      0xa1d Drivers/STM32F7xx_HAL_Driver/Src/stm32f7xx_hal_rcc.o
 .debug_line    0x000000000000d996      0x98f Drivers/STM32F7xx_HAL_Driver/Src/stm32f7xx_hal_rcc_ex.o
 .debug_line    0x000000000000e325      0xadb Drivers/STM32F7xx_HAL_Driver/Src/stm32f7xx_hal_sdram.o
 .debug_line    0x000000000000ee00     0x1ac4 Drivers/STM32F7xx_HAL_Driver/Src/stm32f7xx_hal_tim.o
 .debug_line    0x00000000000108c4      0xe2f Drivers/STM32F7xx_HAL_Driver/Src/stm32f7xx_hal_tim_ex.o
 .debug_line    0x00000000000116f3     0x132e Drivers/STM32F7xx_HAL_Driver/Src/stm32f7xx_hal_uart.o
 .debug_line    0x0000000000012a21      0xa2f Drivers/STM32F7xx_HAL_Driver/Src/stm32f7xx_ll_fmc.o

.debug_str      0x0000000000000000    0xfbc4a
 .debug_str     0x0000000000000000     0x3b42 Core/Src/font24.o
                                       0x3cc0 (size before relaxing)
 .debug_str     0x0000000000003b42     0x4a66 Core/Src/image_analysis.o
                                       0x87ec (size before relaxing)
 .debug_str     0x00000000000085a8    0xede35 Core/Src/main.o
                                      0xf6cea (size before relaxing)
 .debug_str     0x00000000000f63dd       0xe3 Core/Src/ov9655.o
                                       0x443e (size before relaxing)
 .debug_str     0x00000000000f64c0      0x742 Core/Src/stm32746g_discovery.o
                                      0xef776 (size before relaxing)
 .debug_str     0x00000000000f6c02      0x1a9 Core/Src/stm32746g_discovery_sdram.o
                                      0xee448 (size before relaxing)
 .debug_str     0x00000000000f6dab      0x15e Core/Src/stm32f7xx_hal_msp.o
                                      0xf08c9 (size before relaxing)
 .debug_str     0x00000000000f6f09       0xe5 Core/Src/stm32f7xx_it.o
                                      0xef989 (size before relaxing)
 .debug_str     0x00000000000f6fee      0x18d Core/Src/system_stm32f7xx.o
                                      0xed4f4 (size before relaxing)
 .debug_str     0x00000000000f717b       0x36 Core/Startup/startup_stm32f746nghx.o
                                         0x78 (size before relaxing)
 .debug_str     0x00000000000f71b1      0x37a Drivers/STM32F7xx_HAL_Driver/Src/stm32f7xx_hal.o
                                      0xedda6 (size before relaxing)
 .debug_str     0x00000000000f752b      0x37e Drivers/STM32F7xx_HAL_Driver/Src/stm32f7xx_hal_cortex.o
                                      0xede4d (size before relaxing)
 .debug_str     0x00000000000f78a9      0x231 Drivers/STM32F7xx_HAL_Driver/Src/stm32f7xx_hal_dcmi.o
                                      0xed9ba (size before relaxing)
 .debug_str     0x00000000000f7ada      0x323 Drivers/STM32F7xx_HAL_Driver/Src/stm32f7xx_hal_dma.o
                                      0xed82e (size before relaxing)
 .debug_str     0x00000000000f7dfd      0x373 Drivers/STM32F7xx_HAL_Driver/Src/stm32f7xx_hal_dma2d.o
                                      0xed9df (size before relaxing)
 .debug_str     0x00000000000f8170       0xe3 Drivers/STM32F7xx_HAL_Driver/Src/stm32f7xx_hal_dma_ex.o
                                      0xed60b (size before relaxing)
 .debug_str     0x00000000000f8253      0x244 Drivers/STM32F7xx_HAL_Driver/Src/stm32f7xx_hal_gpio.o
                                      0xed6ca (size before relaxing)
 .debug_str     0x00000000000f8497      0xd00 Drivers/STM32F7xx_HAL_Driver/Src/stm32f7xx_hal_i2c.o
                                      0xee5e2 (size before relaxing)
 .debug_str     0x00000000000f9197      0x467 Drivers/STM32F7xx_HAL_Driver/Src/stm32f7xx_hal_ltdc.o
                                      0xeda62 (size before relaxing)
 .debug_str     0x00000000000f95fe      0x1d1 Drivers/STM32F7xx_HAL_Driver/Src/stm32f7xx_hal_pwr_ex.o
                                      0xed76e (size before relaxing)
 .debug_str     0x00000000000f97cf      0x262 Drivers/STM32F7xx_HAL_Driver/Src/stm32f7xx_hal_rcc.o
                                      0xed80f (size before relaxing)
 .debug_str     0x00000000000f9a31      0x161 Drivers/STM32F7xx_HAL_Driver/Src/stm32f7xx_hal_rcc_ex.o
                                      0xed799 (size before relaxing)
 .debug_str     0x00000000000f9b92      0x254 Drivers/STM32F7xx_HAL_Driver/Src/stm32f7xx_hal_sdram.o
                                      0xeda02 (size before relaxing)
 .debug_str     0x00000000000f9de6      0xd0e Drivers/STM32F7xx_HAL_Driver/Src/stm32f7xx_hal_tim.o
                                      0xee580 (size before relaxing)
 .debug_str     0x00000000000faaf4      0x504 Drivers/STM32F7xx_HAL_Driver/Src/stm32f7xx_hal_tim_ex.o
                                      0xeddd3 (size before relaxing)
 .debug_str     0x00000000000faff8      0x7db Drivers/STM32F7xx_HAL_Driver/Src/stm32f7xx_hal_uart.o
                                      0xee053 (size before relaxing)
 .debug_str     0x00000000000fb7d3      0x477 Drivers/STM32F7xx_HAL_Driver/Src/stm32f7xx_ll_fmc.o
                                      0xed952 (size before relaxing)

.comment        0x0000000000000000       0x7b
 .comment       0x0000000000000000       0x7b Core/Src/font24.o
                                         0x7c (size before relaxing)
 .comment       0x000000000000007b       0x7c Core/Src/image_analysis.o
 .comment       0x000000000000007b       0x7c Core/Src/main.o
 .comment       0x000000000000007b       0x7c Core/Src/ov9655.o
 .comment       0x000000000000007b       0x7c Core/Src/stm32746g_discovery.o
 .comment       0x000000000000007b       0x7c Core/Src/stm32746g_discovery_sdram.o
 .comment       0x000000000000007b       0x7c Core/Src/stm32f7xx_hal_msp.o
 .comment       0x000000000000007b       0x7c Core/Src/stm32f7xx_it.o
 .comment       0x000000000000007b       0x7c Core/Src/system_stm32f7xx.o
 .comment       0x000000000000007b       0x7c Drivers/STM32F7xx_HAL_Driver/Src/stm32f7xx_hal.o
 .comment       0x000000000000007b       0x7c Drivers/STM32F7xx_HAL_Driver/Src/stm32f7xx_hal_cortex.o
 .comment       0x000000000000007b       0x7c Drivers/STM32F7xx_HAL_Driver/Src/stm32f7xx_hal_dcmi.o
 .comment       0x000000000000007b       0x7c Drivers/STM32F7xx_HAL_Driver/Src/stm32f7xx_hal_dma.o
 .comment       0x000000000000007b       0x7c Drivers/STM32F7xx_HAL_Driver/Src/stm32f7xx_hal_dma2d.o
 .comment       0x000000000000007b       0x7c Drivers/STM32F7xx_HAL_Driver/Src/stm32f7xx_hal_dma_ex.o
 .comment       0x000000000000007b       0x7c Drivers/STM32F7xx_HAL_Driver/Src/stm32f7xx_hal_gpio.o
 .comment       0x000000000000007b       0x7c Drivers/STM32F7xx_HAL_Driver/Src/stm32f7xx_hal_i2c.o
 .comment       0x000000000000007b       0x7c Drivers/STM32F7xx_HAL_Driver/Src/stm32f7xx_hal_ltdc.o
 .comment       0x000000000000007b       0x7c Drivers/STM32F7xx_HAL_Driver/Src/stm32f7xx_hal_pwr_ex.o
 .comment       0x000000000000007b       0x7c Drivers/STM32F7xx_HAL_Driver/Src/stm32f7xx_hal_rcc.o
 .comment       0x000000000000007b       0x7c Drivers/STM32F7xx_HAL_Driver/Src/stm32f7xx_hal_rcc_ex.o
 .comment       0x000000000000007b       0x7c Drivers/STM32F7xx_HAL_Driver/Src/stm32f7xx_hal_sdram.o
 .comment       0x000000000000007b       0x7c Drivers/STM32F7xx_HAL_Driver/Src/stm32f7xx_hal_tim.o
 .comment       0x000000000000007b       0x7c Drivers/STM32F7xx_HAL_Driver/Src/stm32f7xx_hal_tim_ex.o
 .comment       0x000000000000007b       0x7c Drivers/STM32F7xx_HAL_Driver/Src/stm32f7xx_hal_uart.o
 .comment       0x000000000000007b       0x7c Drivers/STM32F7xx_HAL_Driver/Src/stm32f7xx_ll_fmc.o

.debug_ranges   0x0000000000000000     0x1558
 .debug_ranges  0x0000000000000000       0x28 Core/Src/image_analysis.o
 .debug_ranges  0x0000000000000028       0x90 Core/Src/main.o
 .debug_ranges  0x00000000000000b8       0x28 Core/Src/ov9655.o
 .debug_ranges  0x00000000000000e0      0x118 Core/Src/stm32746g_discovery.o
 .debug_ranges  0x00000000000001f8       0x58 Core/Src/stm32746g_discovery_sdram.o
 .debug_ranges  0x0000000000000250       0x80 Core/Src/stm32f7xx_hal_msp.o
 .debug_ranges  0x00000000000002d0       0x68 Core/Src/stm32f7xx_it.o
 .debug_ranges  0x0000000000000338       0x18 Core/Src/system_stm32f7xx.o
 .debug_ranges  0x0000000000000350       0x20 Core/Startup/startup_stm32f746nghx.o
 .debug_ranges  0x0000000000000370       0xf0 Drivers/STM32F7xx_HAL_Driver/Src/stm32f7xx_hal.o
 .debug_ranges  0x0000000000000460      0x108 Drivers/STM32F7xx_HAL_Driver/Src/stm32f7xx_hal_cortex.o
 .debug_ranges  0x0000000000000568       0xb0 Drivers/STM32F7xx_HAL_Driver/Src/stm32f7xx_hal_dcmi.o
 .debug_ranges  0x0000000000000618       0x80 Drivers/STM32F7xx_HAL_Driver/Src/stm32f7xx_hal_dma.o
 .debug_ranges  0x0000000000000698       0xf8 Drivers/STM32F7xx_HAL_Driver/Src/stm32f7xx_hal_dma2d.o
 .debug_ranges  0x0000000000000790       0x28 Drivers/STM32F7xx_HAL_Driver/Src/stm32f7xx_hal_dma_ex.o
 .debug_ranges  0x00000000000007b8       0x48 Drivers/STM32F7xx_HAL_Driver/Src/stm32f7xx_hal_gpio.o
 .debug_ranges  0x0000000000000800      0x278 Drivers/STM32F7xx_HAL_Driver/Src/stm32f7xx_hal_i2c.o
 .debug_ranges  0x0000000000000a78      0x148 Drivers/STM32F7xx_HAL_Driver/Src/stm32f7xx_hal_ltdc.o
 .debug_ranges  0x0000000000000bc0       0x70 Drivers/STM32F7xx_HAL_Driver/Src/stm32f7xx_hal_pwr_ex.o
 .debug_ranges  0x0000000000000c30       0x78 Drivers/STM32F7xx_HAL_Driver/Src/stm32f7xx_hal_rcc.o
 .debug_ranges  0x0000000000000ca8       0x40 Drivers/STM32F7xx_HAL_Driver/Src/stm32f7xx_hal_rcc_ex.o
 .debug_ranges  0x0000000000000ce8       0xc0 Drivers/STM32F7xx_HAL_Driver/Src/stm32f7xx_hal_sdram.o
 .debug_ranges  0x0000000000000da8      0x3a8 Drivers/STM32F7xx_HAL_Driver/Src/stm32f7xx_hal_tim.o
 .debug_ranges  0x0000000000001150      0x150 Drivers/STM32F7xx_HAL_Driver/Src/stm32f7xx_hal_tim_ex.o
 .debug_ranges  0x00000000000012a0      0x200 Drivers/STM32F7xx_HAL_Driver/Src/stm32f7xx_hal_uart.o
 .debug_ranges  0x00000000000014a0       0xb8 Drivers/STM32F7xx_HAL_Driver/Src/stm32f7xx_ll_fmc.o

.debug_frame    0x0000000000000000     0x6134
 .debug_frame   0x0000000000000000       0xac Core/Src/image_analysis.o
 .debug_frame   0x00000000000000ac      0x260 Core/Src/main.o
 .debug_frame   0x000000000000030c       0xac Core/Src/ov9655.o
 .debug_frame   0x00000000000003b8      0x4b0 Core/Src/stm32746g_discovery.o
 .debug_frame   0x0000000000000868      0x168 Core/Src/stm32746g_discovery_sdram.o
 .debug_frame   0x00000000000009d0      0x230 Core/Src/stm32f7xx_hal_msp.o
 .debug_frame   0x0000000000000c00      0x160 Core/Src/stm32f7xx_it.o
 .debug_frame   0x0000000000000d60       0x58 Core/Src/system_stm32f7xx.o
 .debug_frame   0x0000000000000db8      0x3b4 Drivers/STM32F7xx_HAL_Driver/Src/stm32f7xx_hal.o
 .debug_frame   0x000000000000116c      0x498 Drivers/STM32F7xx_HAL_Driver/Src/stm32f7xx_hal_cortex.o
 .debug_frame   0x0000000000001604      0x348 Drivers/STM32F7xx_HAL_Driver/Src/stm32f7xx_hal_dcmi.o
 .debug_frame   0x000000000000194c      0x250 Drivers/STM32F7xx_HAL_Driver/Src/stm32f7xx_hal_dma.o
 .debug_frame   0x0000000000001b9c      0x490 Drivers/STM32F7xx_HAL_Driver/Src/stm32f7xx_hal_dma2d.o
 .debug_frame   0x000000000000202c       0xac Drivers/STM32F7xx_HAL_Driver/Src/stm32f7xx_hal_dma_ex.o
 .debug_frame   0x00000000000020d8      0x14c Drivers/STM32F7xx_HAL_Driver/Src/stm32f7xx_hal_gpio.o
 .debug_frame   0x0000000000002224      0xbbc Drivers/STM32F7xx_HAL_Driver/Src/stm32f7xx_hal_i2c.o
 .debug_frame   0x0000000000002de0      0x61c Drivers/STM32F7xx_HAL_Driver/Src/stm32f7xx_hal_ltdc.o
 .debug_frame   0x00000000000033fc      0x1c8 Drivers/STM32F7xx_HAL_Driver/Src/stm32f7xx_hal_pwr_ex.o
 .debug_frame   0x00000000000035c4      0x1f4 Drivers/STM32F7xx_HAL_Driver/Src/stm32f7xx_hal_rcc.o
 .debug_frame   0x00000000000037b8      0x118 Drivers/STM32F7xx_HAL_Driver/Src/stm32f7xx_hal_rcc_ex.o
 .debug_frame   0x00000000000038d0      0x37c Drivers/STM32F7xx_HAL_Driver/Src/stm32f7xx_hal_sdram.o
 .debug_frame   0x0000000000003c4c     0x1144 Drivers/STM32F7xx_HAL_Driver/Src/stm32f7xx_hal_tim.o
 .debug_frame   0x0000000000004d90      0x610 Drivers/STM32F7xx_HAL_Driver/Src/stm32f7xx_hal_tim_ex.o
 .debug_frame   0x00000000000053a0      0x96c Drivers/STM32F7xx_HAL_Driver/Src/stm32f7xx_hal_uart.o
 .debug_frame   0x0000000000005d0c      0x37c Drivers/STM32F7xx_HAL_Driver/Src/stm32f7xx_ll_fmc.o
 .debug_frame   0x0000000000006088       0x2c c:/st/stm32cubeide_1.4.0/stm32cubeide/plugins/com.st.stm32cube.ide.mcu.externaltools.gnu-tools-for-stm32.7-2018-q2-update.win32_1.5.0.202011040924/tools/bin/../lib/gcc/arm-none-eabi/7.3.1/../../../../arm-none-eabi/lib/thumb/v7e-m/fpv4-sp/hard\libc_nano.a(lib_a-init.o)
 .debug_frame   0x00000000000060b4       0x20 c:/st/stm32cubeide_1.4.0/stm32cubeide/plugins/com.st.stm32cube.ide.mcu.externaltools.gnu-tools-for-stm32.7-2018-q2-update.win32_1.5.0.202011040924/tools/bin/../lib/gcc/arm-none-eabi/7.3.1/../../../../arm-none-eabi/lib/thumb/v7e-m/fpv4-sp/hard\libc_nano.a(lib_a-memset.o)
 .debug_frame   0x00000000000060d4       0x2c c:/st/stm32cubeide_1.4.0/stm32cubeide/plugins/com.st.stm32cube.ide.mcu.externaltools.gnu-tools-for-stm32.7-2018-q2-update.win32_1.5.0.202011040924/tools/bin/../lib/gcc/arm-none-eabi/7.3.1/thumb/v7e-m/fpv4-sp/hard\libgcc.a(_aeabi_uldivmod.o)
 .debug_frame   0x0000000000006100       0x34 c:/st/stm32cubeide_1.4.0/stm32cubeide/plugins/com.st.stm32cube.ide.mcu.externaltools.gnu-tools-for-stm32.7-2018-q2-update.win32_1.5.0.202011040924/tools/bin/../lib/gcc/arm-none-eabi/7.3.1/thumb/v7e-m/fpv4-sp/hard\libgcc.a(_udivmoddi4.o)
