main.c:131:6:TIM2_IRQHandler	16	static
main.c:177:5:main	112	dynamic
main.c:289:6:SystemClock_Config	216	static
main.c:353:13:MX_DCMI_Init	8	static
main.c:390:13:MX_DMA2D_Init	8	static
main.c:427:13:MX_LTDC_Init	112	static
main.c:509:13:MX_TIM3_Init	40	static
main.c:554:13:MX_TIM6_Init	24	static
main.c:592:13:MX_USART1_UART_Init	8	static
main.c:625:13:MX_DMA_Init	16	static
main.c:639:13:MX_FMC_Init	40	static
main.c:690:13:MX_GPIO_Init	72	static
main.c:1041:6:LCD_GPIO_Init	64	static
main.c:1096:13:LTDC_Init	24	static
main.c:1161:10:CAMERA_Init	24	static
main.c:1182:7:HAL_TIM_PeriodElapsedCallback	16	static
main.c:1195:6:Error_Handler	4	static
