main.c:131:6:TIM2_IRQHandler	16	static
main.c:177:5:main	64	static
main.c:274:6:SystemClock_Config	216	static
main.c:338:13:MX_DCMI_Init	8	static
main.c:375:13:MX_DMA2D_Init	8	static
main.c:412:13:MX_LTDC_Init	112	static
main.c:494:13:MX_TIM3_Init	40	static
main.c:539:13:MX_TIM6_Init	24	static
main.c:577:13:MX_USART1_UART_Init	8	static
main.c:610:13:MX_DMA_Init	16	static
main.c:624:13:MX_FMC_Init	40	static
main.c:675:13:MX_GPIO_Init	72	static
main.c:1026:6:LCD_GPIO_Init	64	static
main.c:1081:13:LTDC_Init	24	static
main.c:1146:10:CAMERA_Init	24	static
main.c:1167:7:HAL_TIM_PeriodElapsedCallback	16	static
main.c:1180:6:Error_Handler	4	static
